STARTING UP AS PROCESS 16158 ON LAPTOP-9DLBHLIH AT Tue Jun 30 11:59:18 PM +0630 2026
LOAD CONFIG...
working directory is /home/gi/smt-work/SMT_Tutorial/pbsmt/baseline/my-rk
find: ‘/home/gi/smt-work/SMT_Tutorial/pbsmt/baseline/my-rk/steps’: No such file or directory
running experimental run number 1

ESTABLISH WHICH STEPS NEED TO BE RUN

FIND DEPENDENCIES BETWEEN STEPS

CHECKING IF OLD STEPS ARE RE-USABLE

STEP SUMMARY:
82 EVALUATION:test:input-from-sgm ->	run
76 CORPUS:myrk:clean ->	run
59 LM:myrk:train ->	run
56 LM:myrk:binarize ->	run
55 TRAINING:consolidate ->	run
54 TRAINING:prepare-data ->	run
53 TRAINING:run-giza ->	run
52 TRAINING:run-giza-inverse ->	run
51 TRAINING:symmetrize-giza ->	run
50 TRAINING:build-lex-trans ->	run
47 TRAINING:extract-phrases ->	run
46 TRAINING:build-reordering ->	run
45 TRAINING:build-ttable ->	run
42 TRAINING:create-config ->	run
27 TUNING:filter ->	run
26 TUNING:apply-filter ->	run
25 TUNING:tune ->	run
24 TUNING:apply-weights ->	run
18 EVALUATION:test:filter ->	run
17 EVALUATION:test:apply-filter ->	run
16 EVALUATION:test:decode ->	run
15 EVALUATION:test:remove-markup ->	run
11 EVALUATION:test:wrap ->	run
10 EVALUATION:test:reference-from-sgm ->	run
5 EVALUATION:test:nist-bleu ->	run
4 EVALUATION:test:nist-bleu-c ->	run
3 EVALUATION:test:multi-bleu ->	run
2 EVALUATION:test:analysis-coverage ->	run
1 EVALUATION:test:analysis-precision ->	run
0 REPORTING:report ->	run
convert-im6.q16: attempt to perform an operation not allowed by the security policy `PS' @ error/constitute.c/IsCoderAuthorized/426.
convert-im6.q16: no images defined `steps/1/graph.1.png' @ error/convert.c/ConvertImageCommand/3229.
convert-im6.q16: attempt to perform an operation not allowed by the security policy `PS' @ error/constitute.c/IsCoderAuthorized/426.
convert-im6.q16: no images defined `steps/1/graph.1.png' @ error/convert.c/ConvertImageCommand/3229.

EXECUTE STEPS
number of steps doable or running: 4 at Tue Jun 30 11:59:18 PM +0630 2026
	doable: EVALUATION:test:reference-from-sgm
	doable: LM:myrk:train
	doable: EVALUATION:test:input-from-sgm
	doable: CORPUS:myrk:clean
	executing /home/gi/smt-work/SMT_Tutorial/pbsmt/baseline/my-rk/steps/1/EVALUATION_test_reference-from-sgm.1 via sh (1 active)
	executing /home/gi/smt-work/SMT_Tutorial/pbsmt/baseline/my-rk/steps/1/LM_myrk_train.1 via sh (2 active)
convert-im6.q16: attempt to perform an operation not allowed by the security policy `PS' @ error/constitute.c/IsCoderAuthorized/426.
convert-im6.q16: no images defined `steps/1/graph.1.png' @ error/convert.c/ConvertImageCommand/3229.
number of steps doable or running: 3 at Tue Jun 30 11:59:30 PM +0630 2026
	doable: LM:myrk:binarize
	doable: EVALUATION:test:input-from-sgm
	doable: CORPUS:myrk:clean
	executing /home/gi/smt-work/SMT_Tutorial/pbsmt/baseline/my-rk/steps/1/LM_myrk_binarize.1 via sh (1 active)
	executing /home/gi/smt-work/SMT_Tutorial/pbsmt/baseline/my-rk/steps/1/EVALUATION_test_input-from-sgm.1 via sh (2 active)
convert-im6.q16: attempt to perform an operation not allowed by the security policy `PS' @ error/constitute.c/IsCoderAuthorized/426.
convert-im6.q16: no images defined `steps/1/graph.1.png' @ error/convert.c/ConvertImageCommand/3229.
number of steps doable or running: 1 at Tue Jun 30 11:59:42 PM +0630 2026
	doable: CORPUS:myrk:clean
	executing /home/gi/smt-work/SMT_Tutorial/pbsmt/baseline/my-rk/steps/1/CORPUS_myrk_clean.1 via sh (1 active)
convert-im6.q16: attempt to perform an operation not allowed by the security policy `PS' @ error/constitute.c/IsCoderAuthorized/426.
convert-im6.q16: no images defined `steps/1/graph.1.png' @ error/convert.c/ConvertImageCommand/3229.
number of steps doable or running: 1 at Tue Jun 30 11:59:50 PM +0630 2026
	doable: TRAINING:consolidate
	executing /home/gi/smt-work/SMT_Tutorial/pbsmt/baseline/my-rk/steps/1/TRAINING_consolidate.1 via sh (1 active)
convert-im6.q16: attempt to perform an operation not allowed by the security policy `PS' @ error/constitute.c/IsCoderAuthorized/426.
convert-im6.q16: no images defined `steps/1/graph.1.png' @ error/convert.c/ConvertImageCommand/3229.
number of steps doable or running: 1 at Tue Jun 30 11:59:57 PM +0630 2026
	doable: TRAINING:prepare-data
	executing /home/gi/smt-work/SMT_Tutorial/pbsmt/baseline/my-rk/steps/1/TRAINING_prepare-data.1 via sh (1 active)
convert-im6.q16: attempt to perform an operation not allowed by the security policy `PS' @ error/constitute.c/IsCoderAuthorized/426.
convert-im6.q16: no images defined `steps/1/graph.1.png' @ error/convert.c/ConvertImageCommand/3229.
number of steps doable or running: 2 at Wed Jul  1 12:00:06 AM +0630 2026
	doable: TRAINING:run-giza
	doable: TRAINING:run-giza-inverse
	executing /home/gi/smt-work/SMT_Tutorial/pbsmt/baseline/my-rk/steps/1/TRAINING_run-giza.1 via sh (1 active)
	executing /home/gi/smt-work/SMT_Tutorial/pbsmt/baseline/my-rk/steps/1/TRAINING_run-giza-inverse.1 via sh (2 active)
convert-im6.q16: attempt to perform an operation not allowed by the security policy `PS' @ error/constitute.c/IsCoderAuthorized/426.
convert-im6.q16: no images defined `steps/1/graph.1.png' @ error/convert.c/ConvertImageCommand/3229.
number of steps doable or running: 1 at Wed Jul  1 12:00:18 AM +0630 2026
	doable: TRAINING:symmetrize-giza
	executing /home/gi/smt-work/SMT_Tutorial/pbsmt/baseline/my-rk/steps/1/TRAINING_symmetrize-giza.1 via sh (1 active)
convert-im6.q16: attempt to perform an operation not allowed by the security policy `PS' @ error/constitute.c/IsCoderAuthorized/426.
convert-im6.q16: no images defined `steps/1/graph.1.png' @ error/convert.c/ConvertImageCommand/3229.
number of steps doable or running: 2 at Wed Jul  1 12:00:25 AM +0630 2026
	doable: TRAINING:extract-phrases
	doable: TRAINING:build-lex-trans
	executing /home/gi/smt-work/SMT_Tutorial/pbsmt/baseline/my-rk/steps/1/TRAINING_extract-phrases.1 via sh (1 active)
	executing /home/gi/smt-work/SMT_Tutorial/pbsmt/baseline/my-rk/steps/1/TRAINING_build-lex-trans.1 via sh (2 active)
convert-im6.q16: attempt to perform an operation not allowed by the security policy `PS' @ error/constitute.c/IsCoderAuthorized/426.
convert-im6.q16: no images defined `steps/1/graph.1.png' @ error/convert.c/ConvertImageCommand/3229.
number of steps doable or running: 2 at Wed Jul  1 12:00:37 AM +0630 2026
	doable: TRAINING:build-reordering
	doable: TRAINING:build-ttable
	executing /home/gi/smt-work/SMT_Tutorial/pbsmt/baseline/my-rk/steps/1/TRAINING_build-reordering.1 via sh (1 active)
	executing /home/gi/smt-work/SMT_Tutorial/pbsmt/baseline/my-rk/steps/1/TRAINING_build-ttable.1 via sh (2 active)
convert-im6.q16: attempt to perform an operation not allowed by the security policy `PS' @ error/constitute.c/IsCoderAuthorized/426.
convert-im6.q16: no images defined `steps/1/graph.1.png' @ error/convert.c/ConvertImageCommand/3229.
number of steps doable or running: 4 at Wed Jul  1 12:00:49 AM +0630 2026
	doable: TUNING:filter
	doable: TRAINING:create-config
	doable: EVALUATION:test:analysis-coverage
	doable: EVALUATION:test:filter
	executing /home/gi/smt-work/SMT_Tutorial/pbsmt/baseline/my-rk/steps/1/TUNING_filter.1 via sh (1 active)
	executing /home/gi/smt-work/SMT_Tutorial/pbsmt/baseline/my-rk/steps/1/TRAINING_create-config.1 via sh (2 active)
convert-im6.q16: attempt to perform an operation not allowed by the security policy `PS' @ error/constitute.c/IsCoderAuthorized/426.
convert-im6.q16: no images defined `steps/1/graph.1.png' @ error/convert.c/ConvertImageCommand/3229.
number of steps doable or running: 3 at Wed Jul  1 12:01:01 AM +0630 2026
	doable: EVALUATION:test:filter
	doable: TUNING:apply-filter
	doable: EVALUATION:test:analysis-coverage
	executing /home/gi/smt-work/SMT_Tutorial/pbsmt/baseline/my-rk/steps/1/EVALUATION_test_filter.1 via sh (1 active)
	executing /home/gi/smt-work/SMT_Tutorial/pbsmt/baseline/my-rk/steps/1/TUNING_apply-filter.1 via sh (2 active)
convert-im6.q16: attempt to perform an operation not allowed by the security policy `PS' @ error/constitute.c/IsCoderAuthorized/426.
convert-im6.q16: no images defined `steps/1/graph.1.png' @ error/convert.c/ConvertImageCommand/3229.
number of steps doable or running: 2 at Wed Jul  1 12:01:13 AM +0630 2026
	doable: TUNING:tune
	doable: EVALUATION:test:analysis-coverage
	executing /home/gi/smt-work/SMT_Tutorial/pbsmt/baseline/my-rk/steps/1/TUNING_tune.1 via sh (1 active)
	executing /home/gi/smt-work/SMT_Tutorial/pbsmt/baseline/my-rk/steps/1/EVALUATION_test_analysis-coverage.1 via sh (2 active)
convert-im6.q16: attempt to perform an operation not allowed by the security policy `PS' @ error/constitute.c/IsCoderAuthorized/426.
convert-im6.q16: no images defined `steps/1/graph.1.png' @ error/convert.c/ConvertImageCommand/3229.
number of steps doable or running: 1 at Wed Jul  1 12:01:25 AM +0630 2026
	running: TUNING:tune
convert-im6.q16: attempt to perform an operation not allowed by the security policy `PS' @ error/constitute.c/IsCoderAuthorized/426.
convert-im6.q16: no images defined `steps/1/graph.1.png' @ error/convert.c/ConvertImageCommand/3229.
number of steps doable or running: 1 at Wed Jul  1 12:01:43 AM +0630 2026
	doable: TUNING:apply-weights
	executing /home/gi/smt-work/SMT_Tutorial/pbsmt/baseline/my-rk/steps/1/TUNING_apply-weights.1 via sh (1 active)
convert-im6.q16: attempt to perform an operation not allowed by the security policy `PS' @ error/constitute.c/IsCoderAuthorized/426.
convert-im6.q16: no images defined `steps/1/graph.1.png' @ error/convert.c/ConvertImageCommand/3229.
number of steps doable or running: 1 at Wed Jul  1 12:01:50 AM +0630 2026
	doable: EVALUATION:test:apply-filter
	executing /home/gi/smt-work/SMT_Tutorial/pbsmt/baseline/my-rk/steps/1/EVALUATION_test_apply-filter.1 via sh (1 active)
convert-im6.q16: attempt to perform an operation not allowed by the security policy `PS' @ error/constitute.c/IsCoderAuthorized/426.
convert-im6.q16: no images defined `steps/1/graph.1.png' @ error/convert.c/ConvertImageCommand/3229.
number of steps doable or running: 1 at Wed Jul  1 12:01:57 AM +0630 2026
	doable: EVALUATION:test:decode
	executing /home/gi/smt-work/SMT_Tutorial/pbsmt/baseline/my-rk/steps/1/EVALUATION_test_decode.1 via sh (1 active)
convert-im6.q16: attempt to perform an operation not allowed by the security policy `PS' @ error/constitute.c/IsCoderAuthorized/426.
convert-im6.q16: no images defined `steps/1/graph.1.png' @ error/convert.c/ConvertImageCommand/3229.
number of steps doable or running: 1 at Wed Jul  1 12:02:04 AM +0630 2026
	doable: EVALUATION:test:remove-markup
	executing /home/gi/smt-work/SMT_Tutorial/pbsmt/baseline/my-rk/steps/1/EVALUATION_test_remove-markup.1 via sh (1 active)
convert-im6.q16: attempt to perform an operation not allowed by the security policy `PS' @ error/constitute.c/IsCoderAuthorized/426.
convert-im6.q16: no images defined `steps/1/graph.1.png' @ error/convert.c/ConvertImageCommand/3229.
number of steps doable or running: 3 at Wed Jul  1 12:02:11 AM +0630 2026
	doable: EVALUATION:test:multi-bleu
	doable: EVALUATION:test:analysis-precision
	doable: EVALUATION:test:wrap
	executing /home/gi/smt-work/SMT_Tutorial/pbsmt/baseline/my-rk/steps/1/EVALUATION_test_multi-bleu.1 via sh (1 active)
	executing /home/gi/smt-work/SMT_Tutorial/pbsmt/baseline/my-rk/steps/1/EVALUATION_test_analysis-precision.1 via sh (2 active)
convert-im6.q16: attempt to perform an operation not allowed by the security policy `PS' @ error/constitute.c/IsCoderAuthorized/426.
convert-im6.q16: no images defined `steps/1/graph.1.png' @ error/convert.c/ConvertImageCommand/3229.
number of steps doable or running: 1 at Wed Jul  1 12:02:23 AM +0630 2026
	doable: EVALUATION:test:wrap
	executing /home/gi/smt-work/SMT_Tutorial/pbsmt/baseline/my-rk/steps/1/EVALUATION_test_wrap.1 via sh (1 active)
convert-im6.q16: attempt to perform an operation not allowed by the security policy `PS' @ error/constitute.c/IsCoderAuthorized/426.
convert-im6.q16: no images defined `steps/1/graph.1.png' @ error/convert.c/ConvertImageCommand/3229.
number of steps doable or running: 2 at Wed Jul  1 12:02:30 AM +0630 2026
	doable: EVALUATION:test:nist-bleu-c
	doable: EVALUATION:test:nist-bleu
	executing /home/gi/smt-work/SMT_Tutorial/pbsmt/baseline/my-rk/steps/1/EVALUATION_test_nist-bleu-c.1 via sh (1 active)
	executing /home/gi/smt-work/SMT_Tutorial/pbsmt/baseline/my-rk/steps/1/EVALUATION_test_nist-bleu.1 via sh (2 active)
convert-im6.q16: attempt to perform an operation not allowed by the security policy `PS' @ error/constitute.c/IsCoderAuthorized/426.
convert-im6.q16: no images defined `steps/1/graph.1.png' @ error/convert.c/ConvertImageCommand/3229.
number of steps doable or running: 1 at Wed Jul  1 12:02:42 AM +0630 2026
	doable: REPORTING:report
	executing /home/gi/smt-work/SMT_Tutorial/pbsmt/baseline/my-rk/steps/1/REPORTING_report.1 via sh (1 active)
convert-im6.q16: attempt to perform an operation not allowed by the security policy `PS' @ error/constitute.c/IsCoderAuthorized/426.
convert-im6.q16: no images defined `steps/1/graph.1.png' @ error/convert.c/ConvertImageCommand/3229.
number of steps doable or running: 0 at Wed Jul  1 12:02:49 AM +0630 2026
convert-im6.q16: attempt to perform an operation not allowed by the security policy `PS' @ error/constitute.c/IsCoderAuthorized/426.
convert-im6.q16: no images defined `steps/1/graph.1.png' @ error/convert.c/ConvertImageCommand/3229.
STARTING UP AS PROCESS 17376 ON LAPTOP-9DLBHLIH AT Wed Jul  1 12:02:49 AM +0630 2026
LOAD CONFIG...
working directory is /home/gi/smt-work/SMT_Tutorial/pbsmt/baseline/rk-my
find: ‘/home/gi/smt-work/SMT_Tutorial/pbsmt/baseline/rk-my/steps’: No such file or directory
running experimental run number 1

ESTABLISH WHICH STEPS NEED TO BE RUN

FIND DEPENDENCIES BETWEEN STEPS

CHECKING IF OLD STEPS ARE RE-USABLE

STEP SUMMARY:
82 EVALUATION:test:input-from-sgm ->	run
76 CORPUS:myrk:clean ->	run
59 LM:myrk:train ->	run
56 LM:myrk:binarize ->	run
55 TRAINING:consolidate ->	run
54 TRAINING:prepare-data ->	run
53 TRAINING:run-giza ->	run
52 TRAINING:run-giza-inverse ->	run
51 TRAINING:symmetrize-giza ->	run
50 TRAINING:build-lex-trans ->	run
47 TRAINING:extract-phrases ->	run
46 TRAINING:build-reordering ->	run
45 TRAINING:build-ttable ->	run
42 TRAINING:create-config ->	run
27 TUNING:filter ->	run
26 TUNING:apply-filter ->	run
25 TUNING:tune ->	run
24 TUNING:apply-weights ->	run
18 EVALUATION:test:filter ->	run
17 EVALUATION:test:apply-filter ->	run
16 EVALUATION:test:decode ->	run
15 EVALUATION:test:remove-markup ->	run
11 EVALUATION:test:wrap ->	run
10 EVALUATION:test:reference-from-sgm ->	run
5 EVALUATION:test:nist-bleu ->	run
4 EVALUATION:test:nist-bleu-c ->	run
3 EVALUATION:test:multi-bleu ->	run
2 EVALUATION:test:analysis-coverage ->	run
1 EVALUATION:test:analysis-precision ->	run
0 REPORTING:report ->	run
convert-im6.q16: attempt to perform an operation not allowed by the security policy `PS' @ error/constitute.c/IsCoderAuthorized/426.
convert-im6.q16: no images defined `steps/1/graph.1.png' @ error/convert.c/ConvertImageCommand/3229.
convert-im6.q16: attempt to perform an operation not allowed by the security policy `PS' @ error/constitute.c/IsCoderAuthorized/426.
convert-im6.q16: no images defined `steps/1/graph.1.png' @ error/convert.c/ConvertImageCommand/3229.

EXECUTE STEPS
number of steps doable or running: 4 at Wed Jul  1 12:02:49 AM +0630 2026
	doable: CORPUS:myrk:clean
	doable: EVALUATION:test:input-from-sgm
	doable: EVALUATION:test:reference-from-sgm
	doable: LM:myrk:train
	executing /home/gi/smt-work/SMT_Tutorial/pbsmt/baseline/rk-my/steps/1/CORPUS_myrk_clean.1 via sh (1 active)
	executing /home/gi/smt-work/SMT_Tutorial/pbsmt/baseline/rk-my/steps/1/EVALUATION_test_input-from-sgm.1 via sh (2 active)
convert-im6.q16: attempt to perform an operation not allowed by the security policy `PS' @ error/constitute.c/IsCoderAuthorized/426.
convert-im6.q16: no images defined `steps/1/graph.1.png' @ error/convert.c/ConvertImageCommand/3229.
number of steps doable or running: 3 at Wed Jul  1 12:03:01 AM +0630 2026
	doable: TRAINING:consolidate
	doable: LM:myrk:train
	doable: EVALUATION:test:reference-from-sgm
	executing /home/gi/smt-work/SMT_Tutorial/pbsmt/baseline/rk-my/steps/1/TRAINING_consolidate.1 via sh (1 active)
	executing /home/gi/smt-work/SMT_Tutorial/pbsmt/baseline/rk-my/steps/1/LM_myrk_train.1 via sh (2 active)
convert-im6.q16: attempt to perform an operation not allowed by the security policy `PS' @ error/constitute.c/IsCoderAuthorized/426.
convert-im6.q16: no images defined `steps/1/graph.1.png' @ error/convert.c/ConvertImageCommand/3229.
number of steps doable or running: 3 at Wed Jul  1 12:03:13 AM +0630 2026
	doable: EVALUATION:test:reference-from-sgm
	doable: TRAINING:prepare-data
	doable: LM:myrk:binarize
	executing /home/gi/smt-work/SMT_Tutorial/pbsmt/baseline/rk-my/steps/1/EVALUATION_test_reference-from-sgm.1 via sh (1 active)
	executing /home/gi/smt-work/SMT_Tutorial/pbsmt/baseline/rk-my/steps/1/TRAINING_prepare-data.1 via sh (2 active)
convert-im6.q16: attempt to perform an operation not allowed by the security policy `PS' @ error/constitute.c/IsCoderAuthorized/426.
convert-im6.q16: no images defined `steps/1/graph.1.png' @ error/convert.c/ConvertImageCommand/3229.
number of steps doable or running: 2 at Wed Jul  1 12:03:25 AM +0630 2026
	doable: LM:myrk:binarize
	running: TRAINING:prepare-data
	executing /home/gi/smt-work/SMT_Tutorial/pbsmt/baseline/rk-my/steps/1/LM_myrk_binarize.1 via sh (2 active)
convert-im6.q16: attempt to perform an operation not allowed by the security policy `PS' @ error/constitute.c/IsCoderAuthorized/426.
convert-im6.q16: no images defined `steps/1/graph.1.png' @ error/convert.c/ConvertImageCommand/3229.
number of steps doable or running: 2 at Wed Jul  1 12:03:32 AM +0630 2026
	doable: TRAINING:run-giza-inverse
	doable: TRAINING:run-giza
	executing /home/gi/smt-work/SMT_Tutorial/pbsmt/baseline/rk-my/steps/1/TRAINING_run-giza-inverse.1 via sh (1 active)
	executing /home/gi/smt-work/SMT_Tutorial/pbsmt/baseline/rk-my/steps/1/TRAINING_run-giza.1 via sh (2 active)
convert-im6.q16: attempt to perform an operation not allowed by the security policy `PS' @ error/constitute.c/IsCoderAuthorized/426.
convert-im6.q16: no images defined `steps/1/graph.1.png' @ error/convert.c/ConvertImageCommand/3229.
number of steps doable or running: 1 at Wed Jul  1 12:03:44 AM +0630 2026
	doable: TRAINING:symmetrize-giza
	executing /home/gi/smt-work/SMT_Tutorial/pbsmt/baseline/rk-my/steps/1/TRAINING_symmetrize-giza.1 via sh (1 active)
convert-im6.q16: attempt to perform an operation not allowed by the security policy `PS' @ error/constitute.c/IsCoderAuthorized/426.
convert-im6.q16: no images defined `steps/1/graph.1.png' @ error/convert.c/ConvertImageCommand/3229.
number of steps doable or running: 2 at Wed Jul  1 12:03:52 AM +0630 2026
	doable: TRAINING:build-lex-trans
	doable: TRAINING:extract-phrases
	executing /home/gi/smt-work/SMT_Tutorial/pbsmt/baseline/rk-my/steps/1/TRAINING_build-lex-trans.1 via sh (1 active)
	executing /home/gi/smt-work/SMT_Tutorial/pbsmt/baseline/rk-my/steps/1/TRAINING_extract-phrases.1 via sh (2 active)
convert-im6.q16: attempt to perform an operation not allowed by the security policy `PS' @ error/constitute.c/IsCoderAuthorized/426.
convert-im6.q16: no images defined `steps/1/graph.1.png' @ error/convert.c/ConvertImageCommand/3229.
number of steps doable or running: 2 at Wed Jul  1 12:04:04 AM +0630 2026
	doable: TRAINING:build-reordering
	doable: TRAINING:build-ttable
	executing /home/gi/smt-work/SMT_Tutorial/pbsmt/baseline/rk-my/steps/1/TRAINING_build-reordering.1 via sh (1 active)
	executing /home/gi/smt-work/SMT_Tutorial/pbsmt/baseline/rk-my/steps/1/TRAINING_build-ttable.1 via sh (2 active)
convert-im6.q16: attempt to perform an operation not allowed by the security policy `PS' @ error/constitute.c/IsCoderAuthorized/426.
convert-im6.q16: no images defined `steps/1/graph.1.png' @ error/convert.c/ConvertImageCommand/3229.
number of steps doable or running: 4 at Wed Jul  1 12:04:16 AM +0630 2026
	doable: TRAINING:create-config
	doable: EVALUATION:test:filter
	doable: EVALUATION:test:analysis-coverage
	doable: TUNING:filter
	executing /home/gi/smt-work/SMT_Tutorial/pbsmt/baseline/rk-my/steps/1/TRAINING_create-config.1 via sh (1 active)
	executing /home/gi/smt-work/SMT_Tutorial/pbsmt/baseline/rk-my/steps/1/EVALUATION_test_filter.1 via sh (2 active)
convert-im6.q16: attempt to perform an operation not allowed by the security policy `PS' @ error/constitute.c/IsCoderAuthorized/426.
convert-im6.q16: no images defined `steps/1/graph.1.png' @ error/convert.c/ConvertImageCommand/3229.
number of steps doable or running: 2 at Wed Jul  1 12:04:28 AM +0630 2026
	doable: TUNING:filter
	doable: EVALUATION:test:analysis-coverage
	executing /home/gi/smt-work/SMT_Tutorial/pbsmt/baseline/rk-my/steps/1/TUNING_filter.1 via sh (1 active)
	executing /home/gi/smt-work/SMT_Tutorial/pbsmt/baseline/rk-my/steps/1/EVALUATION_test_analysis-coverage.1 via sh (2 active)
convert-im6.q16: attempt to perform an operation not allowed by the security policy `PS' @ error/constitute.c/IsCoderAuthorized/426.
convert-im6.q16: no images defined `steps/1/graph.1.png' @ error/convert.c/ConvertImageCommand/3229.
number of steps doable or running: 1 at Wed Jul  1 12:04:40 AM +0630 2026
	doable: TUNING:apply-filter
	executing /home/gi/smt-work/SMT_Tutorial/pbsmt/baseline/rk-my/steps/1/TUNING_apply-filter.1 via sh (1 active)
convert-im6.q16: attempt to perform an operation not allowed by the security policy `PS' @ error/constitute.c/IsCoderAuthorized/426.
convert-im6.q16: no images defined `steps/1/graph.1.png' @ error/convert.c/ConvertImageCommand/3229.
number of steps doable or running: 1 at Wed Jul  1 12:04:47 AM +0630 2026
	doable: TUNING:tune
	executing /home/gi/smt-work/SMT_Tutorial/pbsmt/baseline/rk-my/steps/1/TUNING_tune.1 via sh (1 active)
convert-im6.q16: attempt to perform an operation not allowed by the security policy `PS' @ error/constitute.c/IsCoderAuthorized/426.
convert-im6.q16: no images defined `steps/1/graph.1.png' @ error/convert.c/ConvertImageCommand/3229.
number of steps doable or running: 1 at Wed Jul  1 12:05:54 AM +0630 2026
	doable: TUNING:apply-weights
	executing /home/gi/smt-work/SMT_Tutorial/pbsmt/baseline/rk-my/steps/1/TUNING_apply-weights.1 via sh (1 active)
convert-im6.q16: attempt to perform an operation not allowed by the security policy `PS' @ error/constitute.c/IsCoderAuthorized/426.
convert-im6.q16: no images defined `steps/1/graph.1.png' @ error/convert.c/ConvertImageCommand/3229.
number of steps doable or running: 1 at Wed Jul  1 12:06:01 AM +0630 2026
	doable: EVALUATION:test:apply-filter
	executing /home/gi/smt-work/SMT_Tutorial/pbsmt/baseline/rk-my/steps/1/EVALUATION_test_apply-filter.1 via sh (1 active)
convert-im6.q16: attempt to perform an operation not allowed by the security policy `PS' @ error/constitute.c/IsCoderAuthorized/426.
convert-im6.q16: no images defined `steps/1/graph.1.png' @ error/convert.c/ConvertImageCommand/3229.
number of steps doable or running: 1 at Wed Jul  1 12:06:08 AM +0630 2026
	doable: EVALUATION:test:decode
	executing /home/gi/smt-work/SMT_Tutorial/pbsmt/baseline/rk-my/steps/1/EVALUATION_test_decode.1 via sh (1 active)
convert-im6.q16: attempt to perform an operation not allowed by the security policy `PS' @ error/constitute.c/IsCoderAuthorized/426.
convert-im6.q16: no images defined `steps/1/graph.1.png' @ error/convert.c/ConvertImageCommand/3229.
number of steps doable or running: 1 at Wed Jul  1 12:06:15 AM +0630 2026
	doable: EVALUATION:test:remove-markup
	executing /home/gi/smt-work/SMT_Tutorial/pbsmt/baseline/rk-my/steps/1/EVALUATION_test_remove-markup.1 via sh (1 active)
convert-im6.q16: attempt to perform an operation not allowed by the security policy `PS' @ error/constitute.c/IsCoderAuthorized/426.
convert-im6.q16: no images defined `steps/1/graph.1.png' @ error/convert.c/ConvertImageCommand/3229.
number of steps doable or running: 3 at Wed Jul  1 12:06:22 AM +0630 2026
	doable: EVALUATION:test:multi-bleu
	doable: EVALUATION:test:wrap
	doable: EVALUATION:test:analysis-precision
	executing /home/gi/smt-work/SMT_Tutorial/pbsmt/baseline/rk-my/steps/1/EVALUATION_test_multi-bleu.1 via sh (1 active)
	executing /home/gi/smt-work/SMT_Tutorial/pbsmt/baseline/rk-my/steps/1/EVALUATION_test_wrap.1 via sh (2 active)
convert-im6.q16: attempt to perform an operation not allowed by the security policy `PS' @ error/constitute.c/IsCoderAuthorized/426.
convert-im6.q16: no images defined `steps/1/graph.1.png' @ error/convert.c/ConvertImageCommand/3229.
number of steps doable or running: 3 at Wed Jul  1 12:06:34 AM +0630 2026
	doable: EVALUATION:test:analysis-precision
	doable: EVALUATION:test:nist-bleu
	doable: EVALUATION:test:nist-bleu-c
	executing /home/gi/smt-work/SMT_Tutorial/pbsmt/baseline/rk-my/steps/1/EVALUATION_test_analysis-precision.1 via sh (1 active)
	executing /home/gi/smt-work/SMT_Tutorial/pbsmt/baseline/rk-my/steps/1/EVALUATION_test_nist-bleu.1 via sh (2 active)
convert-im6.q16: attempt to perform an operation not allowed by the security policy `PS' @ error/constitute.c/IsCoderAuthorized/426.
convert-im6.q16: no images defined `steps/1/graph.1.png' @ error/convert.c/ConvertImageCommand/3229.
number of steps doable or running: 1 at Wed Jul  1 12:06:46 AM +0630 2026
	doable: EVALUATION:test:nist-bleu-c
	executing /home/gi/smt-work/SMT_Tutorial/pbsmt/baseline/rk-my/steps/1/EVALUATION_test_nist-bleu-c.1 via sh (1 active)
convert-im6.q16: attempt to perform an operation not allowed by the security policy `PS' @ error/constitute.c/IsCoderAuthorized/426.
convert-im6.q16: no images defined `steps/1/graph.1.png' @ error/convert.c/ConvertImageCommand/3229.
number of steps doable or running: 1 at Wed Jul  1 12:06:53 AM +0630 2026
	doable: REPORTING:report
	executing /home/gi/smt-work/SMT_Tutorial/pbsmt/baseline/rk-my/steps/1/REPORTING_report.1 via sh (1 active)
convert-im6.q16: attempt to perform an operation not allowed by the security policy `PS' @ error/constitute.c/IsCoderAuthorized/426.
convert-im6.q16: no images defined `steps/1/graph.1.png' @ error/convert.c/ConvertImageCommand/3229.
number of steps doable or running: 0 at Wed Jul  1 12:07:00 AM +0630 2026
convert-im6.q16: attempt to perform an operation not allowed by the security policy `PS' @ error/constitute.c/IsCoderAuthorized/426.
convert-im6.q16: no images defined `steps/1/graph.1.png' @ error/convert.c/ConvertImageCommand/3229.
STARTING UP AS PROCESS 2697 ON LAPTOP-9DLBHLIH AT Wed Jul 22 05:59:39 PM +0630 2026
LOAD CONFIG...
working directory is /home/gi/smt-work/SMT_Tutorial/pbsmt/baseline/my-ph
find: ‘/home/gi/smt-work/SMT_Tutorial/pbsmt/baseline/my-ph/steps’: No such file or directory
running experimental run number 1

ESTABLISH WHICH STEPS NEED TO BE RUN

FIND DEPENDENCIES BETWEEN STEPS

CHECKING IF OLD STEPS ARE RE-USABLE

STEP SUMMARY:
82 EVALUATION:test:input-from-sgm ->	run
76 CORPUS:myrk:clean ->	run
59 LM:myrk:train ->	run
56 LM:myrk:binarize ->	run
55 TRAINING:consolidate ->	run
54 TRAINING:prepare-data ->	run
53 TRAINING:run-giza ->	run
52 TRAINING:run-giza-inverse ->	run
51 TRAINING:symmetrize-giza ->	run
50 TRAINING:build-lex-trans ->	run
47 TRAINING:extract-phrases ->	run
46 TRAINING:build-reordering ->	run
45 TRAINING:build-ttable ->	run
42 TRAINING:create-config ->	run
27 TUNING:filter ->	run
26 TUNING:apply-filter ->	run
25 TUNING:tune ->	run
24 TUNING:apply-weights ->	run
18 EVALUATION:test:filter ->	run
17 EVALUATION:test:apply-filter ->	run
16 EVALUATION:test:decode ->	run
15 EVALUATION:test:remove-markup ->	run
11 EVALUATION:test:wrap ->	run
10 EVALUATION:test:reference-from-sgm ->	run
5 EVALUATION:test:nist-bleu ->	run
4 EVALUATION:test:nist-bleu-c ->	run
3 EVALUATION:test:multi-bleu ->	run
2 EVALUATION:test:analysis-coverage ->	run
1 EVALUATION:test:analysis-precision ->	run
0 REPORTING:report ->	run
convert-im6.q16: attempt to perform an operation not allowed by the security policy `PS' @ error/constitute.c/IsCoderAuthorized/426.
convert-im6.q16: no images defined `steps/1/graph.1.png' @ error/convert.c/ConvertImageCommand/3229.
convert-im6.q16: attempt to perform an operation not allowed by the security policy `PS' @ error/constitute.c/IsCoderAuthorized/426.
convert-im6.q16: no images defined `steps/1/graph.1.png' @ error/convert.c/ConvertImageCommand/3229.

EXECUTE STEPS
number of steps doable or running: 4 at Wed Jul 22 05:59:39 PM +0630 2026
	doable: CORPUS:myrk:clean
	doable: EVALUATION:test:input-from-sgm
	doable: EVALUATION:test:reference-from-sgm
	doable: LM:myrk:train
	executing /home/gi/smt-work/SMT_Tutorial/pbsmt/baseline/my-ph/steps/1/CORPUS_myrk_clean.1 via sh (1 active)
	executing /home/gi/smt-work/SMT_Tutorial/pbsmt/baseline/my-ph/steps/1/EVALUATION_test_input-from-sgm.1 via sh (2 active)
convert-im6.q16: attempt to perform an operation not allowed by the security policy `PS' @ error/constitute.c/IsCoderAuthorized/426.
convert-im6.q16: no images defined `steps/1/graph.1.png' @ error/convert.c/ConvertImageCommand/3229.
number of steps doable or running: 3 at Wed Jul 22 05:59:51 PM +0630 2026
	doable: LM:myrk:train
	doable: TRAINING:consolidate
	doable: EVALUATION:test:reference-from-sgm
	executing /home/gi/smt-work/SMT_Tutorial/pbsmt/baseline/my-ph/steps/1/LM_myrk_train.1 via sh (1 active)
	executing /home/gi/smt-work/SMT_Tutorial/pbsmt/baseline/my-ph/steps/1/TRAINING_consolidate.1 via sh (2 active)
convert-im6.q16: attempt to perform an operation not allowed by the security policy `PS' @ error/constitute.c/IsCoderAuthorized/426.
convert-im6.q16: no images defined `steps/1/graph.1.png' @ error/convert.c/ConvertImageCommand/3229.
number of steps doable or running: 3 at Wed Jul 22 06:00:03 PM +0630 2026
	doable: EVALUATION:test:reference-from-sgm
	doable: TRAINING:prepare-data
	doable: LM:myrk:binarize
	executing /home/gi/smt-work/SMT_Tutorial/pbsmt/baseline/my-ph/steps/1/EVALUATION_test_reference-from-sgm.1 via sh (1 active)
	executing /home/gi/smt-work/SMT_Tutorial/pbsmt/baseline/my-ph/steps/1/TRAINING_prepare-data.1 via sh (2 active)
convert-im6.q16: attempt to perform an operation not allowed by the security policy `PS' @ error/constitute.c/IsCoderAuthorized/426.
convert-im6.q16: no images defined `steps/1/graph.1.png' @ error/convert.c/ConvertImageCommand/3229.
step TRAINING:prepare-data crashed
number of steps doable or running: 1 at Wed Jul 22 06:00:15 PM +0630 2026
	doable: LM:myrk:binarize
	executing /home/gi/smt-work/SMT_Tutorial/pbsmt/baseline/my-ph/steps/1/LM_myrk_binarize.1 via sh (1 active)
convert-im6.q16: attempt to perform an operation not allowed by the security policy `PS' @ error/constitute.c/IsCoderAuthorized/426.
convert-im6.q16: no images defined `steps/1/graph.1.png' @ error/convert.c/ConvertImageCommand/3229.
number of steps doable or running: 0 at Wed Jul 22 06:00:22 PM +0630 2026
convert-im6.q16: attempt to perform an operation not allowed by the security policy `PS' @ error/constitute.c/IsCoderAuthorized/426.
convert-im6.q16: no images defined `steps/1/graph.1.png' @ error/convert.c/ConvertImageCommand/3229.
STARTING UP AS PROCESS 2965 ON LAPTOP-9DLBHLIH AT Wed Jul 22 06:00:22 PM +0630 2026
LOAD CONFIG...
working directory is /home/gi/smt-work/SMT_Tutorial/pbsmt/baseline/ph-my
find: ‘/home/gi/smt-work/SMT_Tutorial/pbsmt/baseline/ph-my/steps’: No such file or directory
running experimental run number 1

ESTABLISH WHICH STEPS NEED TO BE RUN

FIND DEPENDENCIES BETWEEN STEPS

CHECKING IF OLD STEPS ARE RE-USABLE

STEP SUMMARY:
82 EVALUATION:test:input-from-sgm ->	run
76 CORPUS:myrk:clean ->	run
59 LM:myrk:train ->	run
56 LM:myrk:binarize ->	run
55 TRAINING:consolidate ->	run
54 TRAINING:prepare-data ->	run
53 TRAINING:run-giza ->	run
52 TRAINING:run-giza-inverse ->	run
51 TRAINING:symmetrize-giza ->	run
50 TRAINING:build-lex-trans ->	run
47 TRAINING:extract-phrases ->	run
46 TRAINING:build-reordering ->	run
45 TRAINING:build-ttable ->	run
42 TRAINING:create-config ->	run
27 TUNING:filter ->	run
26 TUNING:apply-filter ->	run
25 TUNING:tune ->	run
24 TUNING:apply-weights ->	run
18 EVALUATION:test:filter ->	run
17 EVALUATION:test:apply-filter ->	run
16 EVALUATION:test:decode ->	run
15 EVALUATION:test:remove-markup ->	run
11 EVALUATION:test:wrap ->	run
10 EVALUATION:test:reference-from-sgm ->	run
5 EVALUATION:test:nist-bleu ->	run
4 EVALUATION:test:nist-bleu-c ->	run
3 EVALUATION:test:multi-bleu ->	run
2 EVALUATION:test:analysis-coverage ->	run
1 EVALUATION:test:analysis-precision ->	run
0 REPORTING:report ->	run
convert-im6.q16: attempt to perform an operation not allowed by the security policy `PS' @ error/constitute.c/IsCoderAuthorized/426.
convert-im6.q16: no images defined `steps/1/graph.1.png' @ error/convert.c/ConvertImageCommand/3229.
convert-im6.q16: attempt to perform an operation not allowed by the security policy `PS' @ error/constitute.c/IsCoderAuthorized/426.
convert-im6.q16: no images defined `steps/1/graph.1.png' @ error/convert.c/ConvertImageCommand/3229.

EXECUTE STEPS
number of steps doable or running: 4 at Wed Jul 22 06:00:22 PM +0630 2026
	doable: EVALUATION:test:reference-from-sgm
	doable: LM:myrk:train
	doable: CORPUS:myrk:clean
	doable: EVALUATION:test:input-from-sgm
	executing /home/gi/smt-work/SMT_Tutorial/pbsmt/baseline/ph-my/steps/1/EVALUATION_test_reference-from-sgm.1 via sh (1 active)
	executing /home/gi/smt-work/SMT_Tutorial/pbsmt/baseline/ph-my/steps/1/LM_myrk_train.1 via sh (2 active)
convert-im6.q16: attempt to perform an operation not allowed by the security policy `PS' @ error/constitute.c/IsCoderAuthorized/426.
convert-im6.q16: no images defined `steps/1/graph.1.png' @ error/convert.c/ConvertImageCommand/3229.
number of steps doable or running: 3 at Wed Jul 22 06:00:34 PM +0630 2026
	doable: EVALUATION:test:input-from-sgm
	doable: LM:myrk:binarize
	doable: CORPUS:myrk:clean
	executing /home/gi/smt-work/SMT_Tutorial/pbsmt/baseline/ph-my/steps/1/EVALUATION_test_input-from-sgm.1 via sh (1 active)
	executing /home/gi/smt-work/SMT_Tutorial/pbsmt/baseline/ph-my/steps/1/LM_myrk_binarize.1 via sh (2 active)
convert-im6.q16: attempt to perform an operation not allowed by the security policy `PS' @ error/constitute.c/IsCoderAuthorized/426.
convert-im6.q16: no images defined `steps/1/graph.1.png' @ error/convert.c/ConvertImageCommand/3229.
number of steps doable or running: 1 at Wed Jul 22 06:00:46 PM +0630 2026
	doable: CORPUS:myrk:clean
	executing /home/gi/smt-work/SMT_Tutorial/pbsmt/baseline/ph-my/steps/1/CORPUS_myrk_clean.1 via sh (1 active)
convert-im6.q16: attempt to perform an operation not allowed by the security policy `PS' @ error/constitute.c/IsCoderAuthorized/426.
convert-im6.q16: no images defined `steps/1/graph.1.png' @ error/convert.c/ConvertImageCommand/3229.
number of steps doable or running: 1 at Wed Jul 22 06:00:53 PM +0630 2026
	doable: TRAINING:consolidate
	executing /home/gi/smt-work/SMT_Tutorial/pbsmt/baseline/ph-my/steps/1/TRAINING_consolidate.1 via sh (1 active)
convert-im6.q16: attempt to perform an operation not allowed by the security policy `PS' @ error/constitute.c/IsCoderAuthorized/426.
convert-im6.q16: no images defined `steps/1/graph.1.png' @ error/convert.c/ConvertImageCommand/3229.
number of steps doable or running: 1 at Wed Jul 22 06:01:00 PM +0630 2026
	doable: TRAINING:prepare-data
	executing /home/gi/smt-work/SMT_Tutorial/pbsmt/baseline/ph-my/steps/1/TRAINING_prepare-data.1 via sh (1 active)
convert-im6.q16: attempt to perform an operation not allowed by the security policy `PS' @ error/constitute.c/IsCoderAuthorized/426.
convert-im6.q16: no images defined `steps/1/graph.1.png' @ error/convert.c/ConvertImageCommand/3229.
step TRAINING:prepare-data crashed
number of steps doable or running: 0 at Wed Jul 22 06:01:07 PM +0630 2026
convert-im6.q16: attempt to perform an operation not allowed by the security policy `PS' @ error/constitute.c/IsCoderAuthorized/426.
convert-im6.q16: no images defined `steps/1/graph.1.png' @ error/convert.c/ConvertImageCommand/3229.
STARTING UP AS PROCESS 3314 ON LAPTOP-9DLBHLIH AT Wed Jul 22 06:11:59 PM +0630 2026
LOAD CONFIG...
working directory is /home/gi/smt-work/SMT_Tutorial/pbsmt/baseline/my-ph
running experimental run number 2

ESTABLISH WHICH STEPS NEED TO BE RUN

FIND DEPENDENCIES BETWEEN STEPS

CHECKING IF OLD STEPS ARE RE-USABLE

STEP SUMMARY:
82 EVALUATION:test:input-from-sgm ->	re-using (1)
76 CORPUS:myrk:clean ->	re-using (1)
59 LM:myrk:train ->	re-using (1)
56 LM:myrk:binarize ->	re-using (1)
55 TRAINING:consolidate ->	re-using (1)
54 TRAINING:prepare-data ->	run
53 TRAINING:run-giza ->	run
52 TRAINING:run-giza-inverse ->	run
51 TRAINING:symmetrize-giza ->	run
50 TRAINING:build-lex-trans ->	run
47 TRAINING:extract-phrases ->	run
46 TRAINING:build-reordering ->	run
45 TRAINING:build-ttable ->	run
42 TRAINING:create-config ->	run
27 TUNING:filter ->	run
26 TUNING:apply-filter ->	run
25 TUNING:tune ->	run
24 TUNING:apply-weights ->	run
18 EVALUATION:test:filter ->	run
17 EVALUATION:test:apply-filter ->	run
16 EVALUATION:test:decode ->	run
15 EVALUATION:test:remove-markup ->	run
11 EVALUATION:test:wrap ->	run
10 EVALUATION:test:reference-from-sgm ->	re-using (1)
5 EVALUATION:test:nist-bleu ->	run
4 EVALUATION:test:nist-bleu-c ->	run
3 EVALUATION:test:multi-bleu ->	run
2 EVALUATION:test:analysis-coverage ->	run
1 EVALUATION:test:analysis-precision ->	run
0 REPORTING:report ->	run
convert-im6.q16: attempt to perform an operation not allowed by the security policy `PS' @ error/constitute.c/IsCoderAuthorized/426.
convert-im6.q16: no images defined `steps/2/graph.2.png' @ error/convert.c/ConvertImageCommand/3229.
convert-im6.q16: attempt to perform an operation not allowed by the security policy `PS' @ error/constitute.c/IsCoderAuthorized/426.
convert-im6.q16: no images defined `steps/2/graph.2.png' @ error/convert.c/ConvertImageCommand/3229.

EXECUTE STEPS
number of steps doable or running: 1 at Wed Jul 22 06:11:59 PM +0630 2026
	doable: TRAINING:prepare-data
	executing /home/gi/smt-work/SMT_Tutorial/pbsmt/baseline/my-ph/steps/2/TRAINING_prepare-data.2 via sh (1 active)
convert-im6.q16: attempt to perform an operation not allowed by the security policy `PS' @ error/constitute.c/IsCoderAuthorized/426.
convert-im6.q16: no images defined `steps/2/graph.2.png' @ error/convert.c/ConvertImageCommand/3229.
step TRAINING:prepare-data crashed
number of steps doable or running: 0 at Wed Jul 22 06:12:06 PM +0630 2026
convert-im6.q16: attempt to perform an operation not allowed by the security policy `PS' @ error/constitute.c/IsCoderAuthorized/426.
convert-im6.q16: no images defined `steps/2/graph.2.png' @ error/convert.c/ConvertImageCommand/3229.
STARTING UP AS PROCESS 3388 ON LAPTOP-9DLBHLIH AT Wed Jul 22 06:12:06 PM +0630 2026
LOAD CONFIG...
working directory is /home/gi/smt-work/SMT_Tutorial/pbsmt/baseline/ph-my
running experimental run number 2

ESTABLISH WHICH STEPS NEED TO BE RUN

FIND DEPENDENCIES BETWEEN STEPS

CHECKING IF OLD STEPS ARE RE-USABLE

STEP SUMMARY:
82 EVALUATION:test:input-from-sgm ->	re-using (1)
76 CORPUS:myrk:clean ->	re-using (1)
59 LM:myrk:train ->	re-using (1)
56 LM:myrk:binarize ->	re-using (1)
55 TRAINING:consolidate ->	re-using (1)
54 TRAINING:prepare-data ->	run
53 TRAINING:run-giza ->	run
52 TRAINING:run-giza-inverse ->	run
51 TRAINING:symmetrize-giza ->	run
50 TRAINING:build-lex-trans ->	run
47 TRAINING:extract-phrases ->	run
46 TRAINING:build-reordering ->	run
45 TRAINING:build-ttable ->	run
42 TRAINING:create-config ->	run
27 TUNING:filter ->	run
26 TUNING:apply-filter ->	run
25 TUNING:tune ->	run
24 TUNING:apply-weights ->	run
18 EVALUATION:test:filter ->	run
17 EVALUATION:test:apply-filter ->	run
16 EVALUATION:test:decode ->	run
15 EVALUATION:test:remove-markup ->	run
11 EVALUATION:test:wrap ->	run
10 EVALUATION:test:reference-from-sgm ->	re-using (1)
5 EVALUATION:test:nist-bleu ->	run
4 EVALUATION:test:nist-bleu-c ->	run
3 EVALUATION:test:multi-bleu ->	run
2 EVALUATION:test:analysis-coverage ->	run
1 EVALUATION:test:analysis-precision ->	run
0 REPORTING:report ->	run
convert-im6.q16: attempt to perform an operation not allowed by the security policy `PS' @ error/constitute.c/IsCoderAuthorized/426.
convert-im6.q16: no images defined `steps/2/graph.2.png' @ error/convert.c/ConvertImageCommand/3229.
convert-im6.q16: attempt to perform an operation not allowed by the security policy `PS' @ error/constitute.c/IsCoderAuthorized/426.
convert-im6.q16: no images defined `steps/2/graph.2.png' @ error/convert.c/ConvertImageCommand/3229.

EXECUTE STEPS
number of steps doable or running: 1 at Wed Jul 22 06:12:06 PM +0630 2026
	doable: TRAINING:prepare-data
	executing /home/gi/smt-work/SMT_Tutorial/pbsmt/baseline/ph-my/steps/2/TRAINING_prepare-data.2 via sh (1 active)
convert-im6.q16: attempt to perform an operation not allowed by the security policy `PS' @ error/constitute.c/IsCoderAuthorized/426.
convert-im6.q16: no images defined `steps/2/graph.2.png' @ error/convert.c/ConvertImageCommand/3229.
step TRAINING:prepare-data crashed
number of steps doable or running: 0 at Wed Jul 22 06:12:13 PM +0630 2026
convert-im6.q16: attempt to perform an operation not allowed by the security policy `PS' @ error/constitute.c/IsCoderAuthorized/426.
convert-im6.q16: no images defined `steps/2/graph.2.png' @ error/convert.c/ConvertImageCommand/3229.
STARTING UP AS PROCESS 3494 ON LAPTOP-9DLBHLIH AT Wed Jul 22 06:14:49 PM +0630 2026
LOAD CONFIG...
working directory is /home/gi/smt-work/SMT_Tutorial/pbsmt/baseline/my-ph
find: ‘/home/gi/smt-work/SMT_Tutorial/pbsmt/baseline/my-ph/steps’: No such file or directory
running experimental run number 1

ESTABLISH WHICH STEPS NEED TO BE RUN

FIND DEPENDENCIES BETWEEN STEPS

CHECKING IF OLD STEPS ARE RE-USABLE

STEP SUMMARY:
82 EVALUATION:test:input-from-sgm ->	run
76 CORPUS:myrk:clean ->	run
59 LM:myrk:train ->	run
56 LM:myrk:binarize ->	run
55 TRAINING:consolidate ->	run
54 TRAINING:prepare-data ->	run
53 TRAINING:run-giza ->	run
52 TRAINING:run-giza-inverse ->	run
51 TRAINING:symmetrize-giza ->	run
50 TRAINING:build-lex-trans ->	run
47 TRAINING:extract-phrases ->	run
46 TRAINING:build-reordering ->	run
45 TRAINING:build-ttable ->	run
42 TRAINING:create-config ->	run
27 TUNING:filter ->	run
26 TUNING:apply-filter ->	run
25 TUNING:tune ->	run
24 TUNING:apply-weights ->	run
18 EVALUATION:test:filter ->	run
17 EVALUATION:test:apply-filter ->	run
16 EVALUATION:test:decode ->	run
15 EVALUATION:test:remove-markup ->	run
11 EVALUATION:test:wrap ->	run
10 EVALUATION:test:reference-from-sgm ->	run
5 EVALUATION:test:nist-bleu ->	run
4 EVALUATION:test:nist-bleu-c ->	run
3 EVALUATION:test:multi-bleu ->	run
2 EVALUATION:test:analysis-coverage ->	run
1 EVALUATION:test:analysis-precision ->	run
0 REPORTING:report ->	run
convert-im6.q16: attempt to perform an operation not allowed by the security policy `PS' @ error/constitute.c/IsCoderAuthorized/426.
convert-im6.q16: no images defined `steps/1/graph.1.png' @ error/convert.c/ConvertImageCommand/3229.
convert-im6.q16: attempt to perform an operation not allowed by the security policy `PS' @ error/constitute.c/IsCoderAuthorized/426.
convert-im6.q16: no images defined `steps/1/graph.1.png' @ error/convert.c/ConvertImageCommand/3229.

EXECUTE STEPS
number of steps doable or running: 4 at Wed Jul 22 06:14:49 PM +0630 2026
	doable: CORPUS:myrk:clean
	doable: LM:myrk:train
	doable: EVALUATION:test:input-from-sgm
	doable: EVALUATION:test:reference-from-sgm
	executing /home/gi/smt-work/SMT_Tutorial/pbsmt/baseline/my-ph/steps/1/CORPUS_myrk_clean.1 via sh (1 active)
	executing /home/gi/smt-work/SMT_Tutorial/pbsmt/baseline/my-ph/steps/1/LM_myrk_train.1 via sh (2 active)
convert-im6.q16: attempt to perform an operation not allowed by the security policy `PS' @ error/constitute.c/IsCoderAuthorized/426.
convert-im6.q16: no images defined `steps/1/graph.1.png' @ error/convert.c/ConvertImageCommand/3229.
number of steps doable or running: 4 at Wed Jul 22 06:15:01 PM +0630 2026
	doable: TRAINING:consolidate
	doable: LM:myrk:binarize
	doable: EVALUATION:test:input-from-sgm
	doable: EVALUATION:test:reference-from-sgm
	executing /home/gi/smt-work/SMT_Tutorial/pbsmt/baseline/my-ph/steps/1/TRAINING_consolidate.1 via sh (1 active)
	executing /home/gi/smt-work/SMT_Tutorial/pbsmt/baseline/my-ph/steps/1/LM_myrk_binarize.1 via sh (2 active)
convert-im6.q16: attempt to perform an operation not allowed by the security policy `PS' @ error/constitute.c/IsCoderAuthorized/426.
convert-im6.q16: no images defined `steps/1/graph.1.png' @ error/convert.c/ConvertImageCommand/3229.
number of steps doable or running: 3 at Wed Jul 22 06:15:13 PM +0630 2026
	doable: EVALUATION:test:reference-from-sgm
	doable: EVALUATION:test:input-from-sgm
	doable: TRAINING:prepare-data
	executing /home/gi/smt-work/SMT_Tutorial/pbsmt/baseline/my-ph/steps/1/EVALUATION_test_reference-from-sgm.1 via sh (1 active)
	executing /home/gi/smt-work/SMT_Tutorial/pbsmt/baseline/my-ph/steps/1/EVALUATION_test_input-from-sgm.1 via sh (2 active)
convert-im6.q16: attempt to perform an operation not allowed by the security policy `PS' @ error/constitute.c/IsCoderAuthorized/426.
convert-im6.q16: no images defined `steps/1/graph.1.png' @ error/convert.c/ConvertImageCommand/3229.
number of steps doable or running: 1 at Wed Jul 22 06:15:25 PM +0630 2026
	doable: TRAINING:prepare-data
	executing /home/gi/smt-work/SMT_Tutorial/pbsmt/baseline/my-ph/steps/1/TRAINING_prepare-data.1 via sh (1 active)
convert-im6.q16: attempt to perform an operation not allowed by the security policy `PS' @ error/constitute.c/IsCoderAuthorized/426.
convert-im6.q16: no images defined `steps/1/graph.1.png' @ error/convert.c/ConvertImageCommand/3229.
step TRAINING:prepare-data crashed
number of steps doable or running: 0 at Wed Jul 22 06:15:32 PM +0630 2026
convert-im6.q16: attempt to perform an operation not allowed by the security policy `PS' @ error/constitute.c/IsCoderAuthorized/426.
convert-im6.q16: no images defined `steps/1/graph.1.png' @ error/convert.c/ConvertImageCommand/3229.
STARTING UP AS PROCESS 3766 ON LAPTOP-9DLBHLIH AT Wed Jul 22 06:15:32 PM +0630 2026
LOAD CONFIG...
working directory is /home/gi/smt-work/SMT_Tutorial/pbsmt/baseline/ph-my
find: ‘/home/gi/smt-work/SMT_Tutorial/pbsmt/baseline/ph-my/steps’: No such file or directory
running experimental run number 1

ESTABLISH WHICH STEPS NEED TO BE RUN

FIND DEPENDENCIES BETWEEN STEPS

CHECKING IF OLD STEPS ARE RE-USABLE

STEP SUMMARY:
82 EVALUATION:test:input-from-sgm ->	run
76 CORPUS:myrk:clean ->	run
59 LM:myrk:train ->	run
56 LM:myrk:binarize ->	run
55 TRAINING:consolidate ->	run
54 TRAINING:prepare-data ->	run
53 TRAINING:run-giza ->	run
52 TRAINING:run-giza-inverse ->	run
51 TRAINING:symmetrize-giza ->	run
50 TRAINING:build-lex-trans ->	run
47 TRAINING:extract-phrases ->	run
46 TRAINING:build-reordering ->	run
45 TRAINING:build-ttable ->	run
42 TRAINING:create-config ->	run
27 TUNING:filter ->	run
26 TUNING:apply-filter ->	run
25 TUNING:tune ->	run
24 TUNING:apply-weights ->	run
18 EVALUATION:test:filter ->	run
17 EVALUATION:test:apply-filter ->	run
16 EVALUATION:test:decode ->	run
15 EVALUATION:test:remove-markup ->	run
11 EVALUATION:test:wrap ->	run
10 EVALUATION:test:reference-from-sgm ->	run
5 EVALUATION:test:nist-bleu ->	run
4 EVALUATION:test:nist-bleu-c ->	run
3 EVALUATION:test:multi-bleu ->	run
2 EVALUATION:test:analysis-coverage ->	run
1 EVALUATION:test:analysis-precision ->	run
0 REPORTING:report ->	run
convert-im6.q16: attempt to perform an operation not allowed by the security policy `PS' @ error/constitute.c/IsCoderAuthorized/426.
convert-im6.q16: no images defined `steps/1/graph.1.png' @ error/convert.c/ConvertImageCommand/3229.
convert-im6.q16: attempt to perform an operation not allowed by the security policy `PS' @ error/constitute.c/IsCoderAuthorized/426.
convert-im6.q16: no images defined `steps/1/graph.1.png' @ error/convert.c/ConvertImageCommand/3229.

EXECUTE STEPS
number of steps doable or running: 4 at Wed Jul 22 06:15:32 PM +0630 2026
	doable: LM:myrk:train
	doable: CORPUS:myrk:clean
	doable: EVALUATION:test:input-from-sgm
	doable: EVALUATION:test:reference-from-sgm
	executing /home/gi/smt-work/SMT_Tutorial/pbsmt/baseline/ph-my/steps/1/LM_myrk_train.1 via sh (1 active)
	executing /home/gi/smt-work/SMT_Tutorial/pbsmt/baseline/ph-my/steps/1/CORPUS_myrk_clean.1 via sh (2 active)
convert-im6.q16: attempt to perform an operation not allowed by the security policy `PS' @ error/constitute.c/IsCoderAuthorized/426.
convert-im6.q16: no images defined `steps/1/graph.1.png' @ error/convert.c/ConvertImageCommand/3229.
number of steps doable or running: 4 at Wed Jul 22 06:15:44 PM +0630 2026
	doable: LM:myrk:binarize
	doable: EVALUATION:test:reference-from-sgm
	doable: EVALUATION:test:input-from-sgm
	doable: TRAINING:consolidate
	executing /home/gi/smt-work/SMT_Tutorial/pbsmt/baseline/ph-my/steps/1/LM_myrk_binarize.1 via sh (1 active)
	executing /home/gi/smt-work/SMT_Tutorial/pbsmt/baseline/ph-my/steps/1/EVALUATION_test_reference-from-sgm.1 via sh (2 active)
convert-im6.q16: attempt to perform an operation not allowed by the security policy `PS' @ error/constitute.c/IsCoderAuthorized/426.
convert-im6.q16: no images defined `steps/1/graph.1.png' @ error/convert.c/ConvertImageCommand/3229.
number of steps doable or running: 2 at Wed Jul 22 06:15:56 PM +0630 2026
	doable: TRAINING:consolidate
	doable: EVALUATION:test:input-from-sgm
	executing /home/gi/smt-work/SMT_Tutorial/pbsmt/baseline/ph-my/steps/1/TRAINING_consolidate.1 via sh (1 active)
	executing /home/gi/smt-work/SMT_Tutorial/pbsmt/baseline/ph-my/steps/1/EVALUATION_test_input-from-sgm.1 via sh (2 active)
convert-im6.q16: attempt to perform an operation not allowed by the security policy `PS' @ error/constitute.c/IsCoderAuthorized/426.
convert-im6.q16: no images defined `steps/1/graph.1.png' @ error/convert.c/ConvertImageCommand/3229.
number of steps doable or running: 1 at Wed Jul 22 06:16:08 PM +0630 2026
	doable: TRAINING:prepare-data
	executing /home/gi/smt-work/SMT_Tutorial/pbsmt/baseline/ph-my/steps/1/TRAINING_prepare-data.1 via sh (1 active)
convert-im6.q16: attempt to perform an operation not allowed by the security policy `PS' @ error/constitute.c/IsCoderAuthorized/426.
convert-im6.q16: no images defined `steps/1/graph.1.png' @ error/convert.c/ConvertImageCommand/3229.
step TRAINING:prepare-data crashed
number of steps doable or running: 0 at Wed Jul 22 06:16:15 PM +0630 2026
convert-im6.q16: attempt to perform an operation not allowed by the security policy `PS' @ error/constitute.c/IsCoderAuthorized/426.
convert-im6.q16: no images defined `steps/1/graph.1.png' @ error/convert.c/ConvertImageCommand/3229.
STARTING UP AS PROCESS 4235 ON LAPTOP-9DLBHLIH AT Wed Jul 22 06:42:51 PM +0630 2026
LOAD CONFIG...
working directory is /home/gi/smt-work/SMT_Tutorial/pbsmt/baseline/my-ph
find: ‘/home/gi/smt-work/SMT_Tutorial/pbsmt/baseline/my-ph/steps’: No such file or directory
running experimental run number 1

ESTABLISH WHICH STEPS NEED TO BE RUN

FIND DEPENDENCIES BETWEEN STEPS

CHECKING IF OLD STEPS ARE RE-USABLE

STEP SUMMARY:
82 EVALUATION:test:input-from-sgm ->	run
76 CORPUS:myrk:clean ->	run
59 LM:myrk:train ->	run
56 LM:myrk:binarize ->	run
55 TRAINING:consolidate ->	run
54 TRAINING:prepare-data ->	run
53 TRAINING:run-giza ->	run
52 TRAINING:run-giza-inverse ->	run
51 TRAINING:symmetrize-giza ->	run
50 TRAINING:build-lex-trans ->	run
47 TRAINING:extract-phrases ->	run
46 TRAINING:build-reordering ->	run
45 TRAINING:build-ttable ->	run
42 TRAINING:create-config ->	run
27 TUNING:filter ->	run
26 TUNING:apply-filter ->	run
25 TUNING:tune ->	run
24 TUNING:apply-weights ->	run
18 EVALUATION:test:filter ->	run
17 EVALUATION:test:apply-filter ->	run
16 EVALUATION:test:decode ->	run
15 EVALUATION:test:remove-markup ->	run
11 EVALUATION:test:wrap ->	run
10 EVALUATION:test:reference-from-sgm ->	run
5 EVALUATION:test:nist-bleu ->	run
4 EVALUATION:test:nist-bleu-c ->	run
3 EVALUATION:test:multi-bleu ->	run
2 EVALUATION:test:analysis-coverage ->	run
1 EVALUATION:test:analysis-precision ->	run
0 REPORTING:report ->	run
convert-im6.q16: attempt to perform an operation not allowed by the security policy `PS' @ error/constitute.c/IsCoderAuthorized/426.
convert-im6.q16: no images defined `steps/1/graph.1.png' @ error/convert.c/ConvertImageCommand/3229.
convert-im6.q16: attempt to perform an operation not allowed by the security policy `PS' @ error/constitute.c/IsCoderAuthorized/426.
convert-im6.q16: no images defined `steps/1/graph.1.png' @ error/convert.c/ConvertImageCommand/3229.

EXECUTE STEPS
number of steps doable or running: 4 at Wed Jul 22 06:42:51 PM +0630 2026
	doable: EVALUATION:test:input-from-sgm
	doable: EVALUATION:test:reference-from-sgm
	doable: CORPUS:myrk:clean
	doable: LM:myrk:train
	executing /home/gi/smt-work/SMT_Tutorial/pbsmt/baseline/my-ph/steps/1/EVALUATION_test_input-from-sgm.1 via sh (1 active)
	executing /home/gi/smt-work/SMT_Tutorial/pbsmt/baseline/my-ph/steps/1/EVALUATION_test_reference-from-sgm.1 via sh (2 active)
convert-im6.q16: attempt to perform an operation not allowed by the security policy `PS' @ error/constitute.c/IsCoderAuthorized/426.
convert-im6.q16: no images defined `steps/1/graph.1.png' @ error/convert.c/ConvertImageCommand/3229.
number of steps doable or running: 2 at Wed Jul 22 06:43:04 PM +0630 2026
	doable: LM:myrk:train
	doable: CORPUS:myrk:clean
	executing /home/gi/smt-work/SMT_Tutorial/pbsmt/baseline/my-ph/steps/1/LM_myrk_train.1 via sh (1 active)
	executing /home/gi/smt-work/SMT_Tutorial/pbsmt/baseline/my-ph/steps/1/CORPUS_myrk_clean.1 via sh (2 active)
convert-im6.q16: attempt to perform an operation not allowed by the security policy `PS' @ error/constitute.c/IsCoderAuthorized/426.
convert-im6.q16: no images defined `steps/1/graph.1.png' @ error/convert.c/ConvertImageCommand/3229.
number of steps doable or running: 2 at Wed Jul 22 06:43:16 PM +0630 2026
	doable: TRAINING:consolidate
	doable: LM:myrk:binarize
	executing /home/gi/smt-work/SMT_Tutorial/pbsmt/baseline/my-ph/steps/1/TRAINING_consolidate.1 via sh (1 active)
	executing /home/gi/smt-work/SMT_Tutorial/pbsmt/baseline/my-ph/steps/1/LM_myrk_binarize.1 via sh (2 active)
convert-im6.q16: attempt to perform an operation not allowed by the security policy `PS' @ error/constitute.c/IsCoderAuthorized/426.
convert-im6.q16: no images defined `steps/1/graph.1.png' @ error/convert.c/ConvertImageCommand/3229.
number of steps doable or running: 1 at Wed Jul 22 06:43:28 PM +0630 2026
	doable: TRAINING:prepare-data
	executing /home/gi/smt-work/SMT_Tutorial/pbsmt/baseline/my-ph/steps/1/TRAINING_prepare-data.1 via sh (1 active)
convert-im6.q16: attempt to perform an operation not allowed by the security policy `PS' @ error/constitute.c/IsCoderAuthorized/426.
convert-im6.q16: no images defined `steps/1/graph.1.png' @ error/convert.c/ConvertImageCommand/3229.
step TRAINING:prepare-data crashed
number of steps doable or running: 0 at Wed Jul 22 06:43:35 PM +0630 2026
convert-im6.q16: attempt to perform an operation not allowed by the security policy `PS' @ error/constitute.c/IsCoderAuthorized/426.
convert-im6.q16: no images defined `steps/1/graph.1.png' @ error/convert.c/ConvertImageCommand/3229.
STARTING UP AS PROCESS 4505 ON LAPTOP-9DLBHLIH AT Wed Jul 22 06:43:35 PM +0630 2026
LOAD CONFIG...
working directory is /home/gi/smt-work/SMT_Tutorial/pbsmt/baseline/ph-my
find: ‘/home/gi/smt-work/SMT_Tutorial/pbsmt/baseline/ph-my/steps’: No such file or directory
running experimental run number 1

ESTABLISH WHICH STEPS NEED TO BE RUN

FIND DEPENDENCIES BETWEEN STEPS

CHECKING IF OLD STEPS ARE RE-USABLE

STEP SUMMARY:
82 EVALUATION:test:input-from-sgm ->	run
76 CORPUS:myrk:clean ->	run
59 LM:myrk:train ->	run
56 LM:myrk:binarize ->	run
55 TRAINING:consolidate ->	run
54 TRAINING:prepare-data ->	run
53 TRAINING:run-giza ->	run
52 TRAINING:run-giza-inverse ->	run
51 TRAINING:symmetrize-giza ->	run
50 TRAINING:build-lex-trans ->	run
47 TRAINING:extract-phrases ->	run
46 TRAINING:build-reordering ->	run
45 TRAINING:build-ttable ->	run
42 TRAINING:create-config ->	run
27 TUNING:filter ->	run
26 TUNING:apply-filter ->	run
25 TUNING:tune ->	run
24 TUNING:apply-weights ->	run
18 EVALUATION:test:filter ->	run
17 EVALUATION:test:apply-filter ->	run
16 EVALUATION:test:decode ->	run
15 EVALUATION:test:remove-markup ->	run
11 EVALUATION:test:wrap ->	run
10 EVALUATION:test:reference-from-sgm ->	run
5 EVALUATION:test:nist-bleu ->	run
4 EVALUATION:test:nist-bleu-c ->	run
3 EVALUATION:test:multi-bleu ->	run
2 EVALUATION:test:analysis-coverage ->	run
1 EVALUATION:test:analysis-precision ->	run
0 REPORTING:report ->	run
convert-im6.q16: attempt to perform an operation not allowed by the security policy `PS' @ error/constitute.c/IsCoderAuthorized/426.
convert-im6.q16: no images defined `steps/1/graph.1.png' @ error/convert.c/ConvertImageCommand/3229.
convert-im6.q16: attempt to perform an operation not allowed by the security policy `PS' @ error/constitute.c/IsCoderAuthorized/426.
convert-im6.q16: no images defined `steps/1/graph.1.png' @ error/convert.c/ConvertImageCommand/3229.

EXECUTE STEPS
number of steps doable or running: 4 at Wed Jul 22 06:43:35 PM +0630 2026
	doable: EVALUATION:test:input-from-sgm
	doable: CORPUS:myrk:clean
	doable: EVALUATION:test:reference-from-sgm
	doable: LM:myrk:train
	executing /home/gi/smt-work/SMT_Tutorial/pbsmt/baseline/ph-my/steps/1/EVALUATION_test_input-from-sgm.1 via sh (1 active)
	executing /home/gi/smt-work/SMT_Tutorial/pbsmt/baseline/ph-my/steps/1/CORPUS_myrk_clean.1 via sh (2 active)
convert-im6.q16: attempt to perform an operation not allowed by the security policy `PS' @ error/constitute.c/IsCoderAuthorized/426.
convert-im6.q16: no images defined `steps/1/graph.1.png' @ error/convert.c/ConvertImageCommand/3229.
number of steps doable or running: 3 at Wed Jul 22 06:43:47 PM +0630 2026
	doable: EVALUATION:test:reference-from-sgm
	doable: LM:myrk:train
	doable: TRAINING:consolidate
	executing /home/gi/smt-work/SMT_Tutorial/pbsmt/baseline/ph-my/steps/1/EVALUATION_test_reference-from-sgm.1 via sh (1 active)
	executing /home/gi/smt-work/SMT_Tutorial/pbsmt/baseline/ph-my/steps/1/LM_myrk_train.1 via sh (2 active)
convert-im6.q16: attempt to perform an operation not allowed by the security policy `PS' @ error/constitute.c/IsCoderAuthorized/426.
convert-im6.q16: no images defined `steps/1/graph.1.png' @ error/convert.c/ConvertImageCommand/3229.
number of steps doable or running: 2 at Wed Jul 22 06:43:59 PM +0630 2026
	doable: LM:myrk:binarize
	doable: TRAINING:consolidate
	executing /home/gi/smt-work/SMT_Tutorial/pbsmt/baseline/ph-my/steps/1/LM_myrk_binarize.1 via sh (1 active)
	executing /home/gi/smt-work/SMT_Tutorial/pbsmt/baseline/ph-my/steps/1/TRAINING_consolidate.1 via sh (2 active)
convert-im6.q16: attempt to perform an operation not allowed by the security policy `PS' @ error/constitute.c/IsCoderAuthorized/426.
convert-im6.q16: no images defined `steps/1/graph.1.png' @ error/convert.c/ConvertImageCommand/3229.
number of steps doable or running: 1 at Wed Jul 22 06:44:11 PM +0630 2026
	doable: TRAINING:prepare-data
	executing /home/gi/smt-work/SMT_Tutorial/pbsmt/baseline/ph-my/steps/1/TRAINING_prepare-data.1 via sh (1 active)
convert-im6.q16: attempt to perform an operation not allowed by the security policy `PS' @ error/constitute.c/IsCoderAuthorized/426.
convert-im6.q16: no images defined `steps/1/graph.1.png' @ error/convert.c/ConvertImageCommand/3229.
step TRAINING:prepare-data crashed
number of steps doable or running: 0 at Wed Jul 22 06:44:18 PM +0630 2026
convert-im6.q16: attempt to perform an operation not allowed by the security policy `PS' @ error/constitute.c/IsCoderAuthorized/426.
convert-im6.q16: no images defined `steps/1/graph.1.png' @ error/convert.c/ConvertImageCommand/3229.
STARTING UP AS PROCESS 4978 ON LAPTOP-9DLBHLIH AT Wed Jul 22 07:14:02 PM +0630 2026
LOAD CONFIG...
working directory is /home/gi/smt-work/SMT_Tutorial/pbsmt/baseline/my-ph
running experimental run number 2

ESTABLISH WHICH STEPS NEED TO BE RUN

FIND DEPENDENCIES BETWEEN STEPS

CHECKING IF OLD STEPS ARE RE-USABLE

STEP SUMMARY:
82 EVALUATION:test:input-from-sgm ->	re-using (1)
76 CORPUS:myrk:clean ->	re-using (1)
59 LM:myrk:train ->	re-using (1)
56 LM:myrk:binarize ->	re-using (1)
55 TRAINING:consolidate ->	re-using (1)
54 TRAINING:prepare-data ->	run
53 TRAINING:run-giza ->	run
52 TRAINING:run-giza-inverse ->	run
51 TRAINING:symmetrize-giza ->	run
50 TRAINING:build-lex-trans ->	run
47 TRAINING:extract-phrases ->	run
46 TRAINING:build-reordering ->	run
45 TRAINING:build-ttable ->	run
42 TRAINING:create-config ->	run
27 TUNING:filter ->	run
26 TUNING:apply-filter ->	run
25 TUNING:tune ->	run
24 TUNING:apply-weights ->	run
18 EVALUATION:test:filter ->	run
17 EVALUATION:test:apply-filter ->	run
16 EVALUATION:test:decode ->	run
15 EVALUATION:test:remove-markup ->	run
11 EVALUATION:test:wrap ->	run
10 EVALUATION:test:reference-from-sgm ->	re-using (1)
5 EVALUATION:test:nist-bleu ->	run
4 EVALUATION:test:nist-bleu-c ->	run
3 EVALUATION:test:multi-bleu ->	run
2 EVALUATION:test:analysis-coverage ->	run
1 EVALUATION:test:analysis-precision ->	run
0 REPORTING:report ->	run
convert-im6.q16: attempt to perform an operation not allowed by the security policy `PS' @ error/constitute.c/IsCoderAuthorized/426.
convert-im6.q16: no images defined `steps/2/graph.2.png' @ error/convert.c/ConvertImageCommand/3229.
convert-im6.q16: attempt to perform an operation not allowed by the security policy `PS' @ error/constitute.c/IsCoderAuthorized/426.
convert-im6.q16: no images defined `steps/2/graph.2.png' @ error/convert.c/ConvertImageCommand/3229.

EXECUTE STEPS
number of steps doable or running: 1 at Wed Jul 22 07:14:03 PM +0630 2026
	doable: TRAINING:prepare-data
	executing /home/gi/smt-work/SMT_Tutorial/pbsmt/baseline/my-ph/steps/2/TRAINING_prepare-data.2 via sh (1 active)
convert-im6.q16: attempt to perform an operation not allowed by the security policy `PS' @ error/constitute.c/IsCoderAuthorized/426.
convert-im6.q16: no images defined `steps/2/graph.2.png' @ error/convert.c/ConvertImageCommand/3229.
step TRAINING:prepare-data crashed
number of steps doable or running: 0 at Wed Jul 22 07:14:10 PM +0630 2026
convert-im6.q16: attempt to perform an operation not allowed by the security policy `PS' @ error/constitute.c/IsCoderAuthorized/426.
convert-im6.q16: no images defined `steps/2/graph.2.png' @ error/convert.c/ConvertImageCommand/3229.
STARTING UP AS PROCESS 5051 ON LAPTOP-9DLBHLIH AT Wed Jul 22 07:14:10 PM +0630 2026
LOAD CONFIG...
working directory is /home/gi/smt-work/SMT_Tutorial/pbsmt/baseline/ph-my
running experimental run number 2

ESTABLISH WHICH STEPS NEED TO BE RUN

FIND DEPENDENCIES BETWEEN STEPS

CHECKING IF OLD STEPS ARE RE-USABLE

STEP SUMMARY:
82 EVALUATION:test:input-from-sgm ->	re-using (1)
76 CORPUS:myrk:clean ->	re-using (1)
59 LM:myrk:train ->	re-using (1)
56 LM:myrk:binarize ->	re-using (1)
55 TRAINING:consolidate ->	re-using (1)
54 TRAINING:prepare-data ->	run
53 TRAINING:run-giza ->	run
52 TRAINING:run-giza-inverse ->	run
51 TRAINING:symmetrize-giza ->	run
50 TRAINING:build-lex-trans ->	run
47 TRAINING:extract-phrases ->	run
46 TRAINING:build-reordering ->	run
45 TRAINING:build-ttable ->	run
42 TRAINING:create-config ->	run
27 TUNING:filter ->	run
26 TUNING:apply-filter ->	run
25 TUNING:tune ->	run
24 TUNING:apply-weights ->	run
18 EVALUATION:test:filter ->	run
17 EVALUATION:test:apply-filter ->	run
16 EVALUATION:test:decode ->	run
15 EVALUATION:test:remove-markup ->	run
11 EVALUATION:test:wrap ->	run
10 EVALUATION:test:reference-from-sgm ->	re-using (1)
5 EVALUATION:test:nist-bleu ->	run
4 EVALUATION:test:nist-bleu-c ->	run
3 EVALUATION:test:multi-bleu ->	run
2 EVALUATION:test:analysis-coverage ->	run
1 EVALUATION:test:analysis-precision ->	run
0 REPORTING:report ->	run
convert-im6.q16: attempt to perform an operation not allowed by the security policy `PS' @ error/constitute.c/IsCoderAuthorized/426.
convert-im6.q16: no images defined `steps/2/graph.2.png' @ error/convert.c/ConvertImageCommand/3229.
convert-im6.q16: attempt to perform an operation not allowed by the security policy `PS' @ error/constitute.c/IsCoderAuthorized/426.
convert-im6.q16: no images defined `steps/2/graph.2.png' @ error/convert.c/ConvertImageCommand/3229.

EXECUTE STEPS
number of steps doable or running: 1 at Wed Jul 22 07:14:10 PM +0630 2026
	doable: TRAINING:prepare-data
	executing /home/gi/smt-work/SMT_Tutorial/pbsmt/baseline/ph-my/steps/2/TRAINING_prepare-data.2 via sh (1 active)
convert-im6.q16: attempt to perform an operation not allowed by the security policy `PS' @ error/constitute.c/IsCoderAuthorized/426.
convert-im6.q16: no images defined `steps/2/graph.2.png' @ error/convert.c/ConvertImageCommand/3229.
step TRAINING:prepare-data crashed
number of steps doable or running: 0 at Wed Jul 22 07:14:17 PM +0630 2026
convert-im6.q16: attempt to perform an operation not allowed by the security policy `PS' @ error/constitute.c/IsCoderAuthorized/426.
convert-im6.q16: no images defined `steps/2/graph.2.png' @ error/convert.c/ConvertImageCommand/3229.
STARTING UP AS PROCESS 5193 ON LAPTOP-9DLBHLIH AT Wed Jul 22 07:34:18 PM +0630 2026
LOAD CONFIG...
working directory is /mnt/d/Job_Requirements/PracticalProjectsFromDrYe/AIE-F/assignment-submission/class-13and14/TheinGiKyaw-Assignment/SMT_Tutorial/pbsmt/baseline/my-ph
find: ‘/mnt/d/Job_Requirements/PracticalProjectsFromDrYe/AIE-F/assignment-submission/class-13and14/TheinGiKyaw-Assignment/SMT_Tutorial/pbsmt/baseline/my-ph/steps’: No such file or directory
running experimental run number 1

ESTABLISH WHICH STEPS NEED TO BE RUN

FIND DEPENDENCIES BETWEEN STEPS

CHECKING IF OLD STEPS ARE RE-USABLE

STEP SUMMARY:
82 EVALUATION:test:input-from-sgm ->	run
76 CORPUS:myrk:clean ->	run
59 LM:myrk:train ->	run
56 LM:myrk:binarize ->	run
55 TRAINING:consolidate ->	run
54 TRAINING:prepare-data ->	run
53 TRAINING:run-giza ->	run
52 TRAINING:run-giza-inverse ->	run
51 TRAINING:symmetrize-giza ->	run
50 TRAINING:build-lex-trans ->	run
47 TRAINING:extract-phrases ->	run
46 TRAINING:build-reordering ->	run
45 TRAINING:build-ttable ->	run
42 TRAINING:create-config ->	run
27 TUNING:filter ->	run
26 TUNING:apply-filter ->	run
25 TUNING:tune ->	run
24 TUNING:apply-weights ->	run
18 EVALUATION:test:filter ->	run
17 EVALUATION:test:apply-filter ->	run
16 EVALUATION:test:decode ->	run
15 EVALUATION:test:remove-markup ->	run
11 EVALUATION:test:wrap ->	run
10 EVALUATION:test:reference-from-sgm ->	run
5 EVALUATION:test:nist-bleu ->	run
4 EVALUATION:test:nist-bleu-c ->	run
3 EVALUATION:test:multi-bleu ->	run
2 EVALUATION:test:analysis-coverage ->	run
1 EVALUATION:test:analysis-precision ->	run
0 REPORTING:report ->	run
convert-im6.q16: attempt to perform an operation not allowed by the security policy `PS' @ error/constitute.c/IsCoderAuthorized/426.
convert-im6.q16: no images defined `steps/1/graph.1.png' @ error/convert.c/ConvertImageCommand/3229.
convert-im6.q16: attempt to perform an operation not allowed by the security policy `PS' @ error/constitute.c/IsCoderAuthorized/426.
convert-im6.q16: no images defined `steps/1/graph.1.png' @ error/convert.c/ConvertImageCommand/3229.

EXECUTE STEPS
number of steps doable or running: 4 at Wed Jul 22 07:34:18 PM +0630 2026
	doable: EVALUATION:test:reference-from-sgm
	doable: EVALUATION:test:input-from-sgm
	doable: CORPUS:myrk:clean
	doable: LM:myrk:train
	executing /mnt/d/Job_Requirements/PracticalProjectsFromDrYe/AIE-F/assignment-submission/class-13and14/TheinGiKyaw-Assignment/SMT_Tutorial/pbsmt/baseline/my-ph/steps/1/EVALUATION_test_reference-from-sgm.1 via sh (1 active)
	executing /mnt/d/Job_Requirements/PracticalProjectsFromDrYe/AIE-F/assignment-submission/class-13and14/TheinGiKyaw-Assignment/SMT_Tutorial/pbsmt/baseline/my-ph/steps/1/EVALUATION_test_input-from-sgm.1 via sh (2 active)
convert-im6.q16: attempt to perform an operation not allowed by the security policy `PS' @ error/constitute.c/IsCoderAuthorized/426.
convert-im6.q16: no images defined `steps/1/graph.1.png' @ error/convert.c/ConvertImageCommand/3229.
number of steps doable or running: 2 at Wed Jul 22 07:34:31 PM +0630 2026
	doable: CORPUS:myrk:clean
	doable: LM:myrk:train
	executing /mnt/d/Job_Requirements/PracticalProjectsFromDrYe/AIE-F/assignment-submission/class-13and14/TheinGiKyaw-Assignment/SMT_Tutorial/pbsmt/baseline/my-ph/steps/1/CORPUS_myrk_clean.1 via sh (1 active)
	executing /mnt/d/Job_Requirements/PracticalProjectsFromDrYe/AIE-F/assignment-submission/class-13and14/TheinGiKyaw-Assignment/SMT_Tutorial/pbsmt/baseline/my-ph/steps/1/LM_myrk_train.1 via sh (2 active)
convert-im6.q16: attempt to perform an operation not allowed by the security policy `PS' @ error/constitute.c/IsCoderAuthorized/426.
convert-im6.q16: no images defined `steps/1/graph.1.png' @ error/convert.c/ConvertImageCommand/3229.
number of steps doable or running: 2 at Wed Jul 22 07:34:43 PM +0630 2026
	running: LM:myrk:train
	doable: TRAINING:consolidate
	executing /mnt/d/Job_Requirements/PracticalProjectsFromDrYe/AIE-F/assignment-submission/class-13and14/TheinGiKyaw-Assignment/SMT_Tutorial/pbsmt/baseline/my-ph/steps/1/TRAINING_consolidate.1 via sh (2 active)
convert-im6.q16: attempt to perform an operation not allowed by the security policy `PS' @ error/constitute.c/IsCoderAuthorized/426.
convert-im6.q16: no images defined `steps/1/graph.1.png' @ error/convert.c/ConvertImageCommand/3229.
step LM:myrk:train crashed
number of steps doable or running: 1 at Wed Jul 22 07:34:50 PM +0630 2026
	doable: TRAINING:prepare-data
	executing /mnt/d/Job_Requirements/PracticalProjectsFromDrYe/AIE-F/assignment-submission/class-13and14/TheinGiKyaw-Assignment/SMT_Tutorial/pbsmt/baseline/my-ph/steps/1/TRAINING_prepare-data.1 via sh (1 active)
convert-im6.q16: attempt to perform an operation not allowed by the security policy `PS' @ error/constitute.c/IsCoderAuthorized/426.
convert-im6.q16: no images defined `steps/1/graph.1.png' @ error/convert.c/ConvertImageCommand/3229.
step TRAINING:prepare-data crashed
number of steps doable or running: 0 at Wed Jul 22 07:34:58 PM +0630 2026
convert-im6.q16: attempt to perform an operation not allowed by the security policy `PS' @ error/constitute.c/IsCoderAuthorized/426.
convert-im6.q16: no images defined `steps/1/graph.1.png' @ error/convert.c/ConvertImageCommand/3229.
STARTING UP AS PROCESS 5350 ON LAPTOP-9DLBHLIH AT Wed Jul 22 07:34:58 PM +0630 2026
LOAD CONFIG...
working directory is /mnt/d/Job_Requirements/PracticalProjectsFromDrYe/AIE-F/assignment-submission/class-13and14/TheinGiKyaw-Assignment/SMT_Tutorial/pbsmt/baseline/ph-my
find: ‘/mnt/d/Job_Requirements/PracticalProjectsFromDrYe/AIE-F/assignment-submission/class-13and14/TheinGiKyaw-Assignment/SMT_Tutorial/pbsmt/baseline/ph-my/steps’: No such file or directory
running experimental run number 1

ESTABLISH WHICH STEPS NEED TO BE RUN

FIND DEPENDENCIES BETWEEN STEPS

CHECKING IF OLD STEPS ARE RE-USABLE

STEP SUMMARY:
82 EVALUATION:test:input-from-sgm ->	run
76 CORPUS:myrk:clean ->	run
59 LM:myrk:train ->	run
56 LM:myrk:binarize ->	run
55 TRAINING:consolidate ->	run
54 TRAINING:prepare-data ->	run
53 TRAINING:run-giza ->	run
52 TRAINING:run-giza-inverse ->	run
51 TRAINING:symmetrize-giza ->	run
50 TRAINING:build-lex-trans ->	run
47 TRAINING:extract-phrases ->	run
46 TRAINING:build-reordering ->	run
45 TRAINING:build-ttable ->	run
42 TRAINING:create-config ->	run
27 TUNING:filter ->	run
26 TUNING:apply-filter ->	run
25 TUNING:tune ->	run
24 TUNING:apply-weights ->	run
18 EVALUATION:test:filter ->	run
17 EVALUATION:test:apply-filter ->	run
16 EVALUATION:test:decode ->	run
15 EVALUATION:test:remove-markup ->	run
11 EVALUATION:test:wrap ->	run
10 EVALUATION:test:reference-from-sgm ->	run
5 EVALUATION:test:nist-bleu ->	run
4 EVALUATION:test:nist-bleu-c ->	run
3 EVALUATION:test:multi-bleu ->	run
2 EVALUATION:test:analysis-coverage ->	run
1 EVALUATION:test:analysis-precision ->	run
0 REPORTING:report ->	run
convert-im6.q16: attempt to perform an operation not allowed by the security policy `PS' @ error/constitute.c/IsCoderAuthorized/426.
convert-im6.q16: no images defined `steps/1/graph.1.png' @ error/convert.c/ConvertImageCommand/3229.
convert-im6.q16: attempt to perform an operation not allowed by the security policy `PS' @ error/constitute.c/IsCoderAuthorized/426.
convert-im6.q16: no images defined `steps/1/graph.1.png' @ error/convert.c/ConvertImageCommand/3229.

EXECUTE STEPS
number of steps doable or running: 4 at Wed Jul 22 07:34:58 PM +0630 2026
	doable: LM:myrk:train
	doable: CORPUS:myrk:clean
	doable: EVALUATION:test:reference-from-sgm
	doable: EVALUATION:test:input-from-sgm
	executing /mnt/d/Job_Requirements/PracticalProjectsFromDrYe/AIE-F/assignment-submission/class-13and14/TheinGiKyaw-Assignment/SMT_Tutorial/pbsmt/baseline/ph-my/steps/1/LM_myrk_train.1 via sh (1 active)
	executing /mnt/d/Job_Requirements/PracticalProjectsFromDrYe/AIE-F/assignment-submission/class-13and14/TheinGiKyaw-Assignment/SMT_Tutorial/pbsmt/baseline/ph-my/steps/1/CORPUS_myrk_clean.1 via sh (2 active)
convert-im6.q16: attempt to perform an operation not allowed by the security policy `PS' @ error/constitute.c/IsCoderAuthorized/426.
convert-im6.q16: no images defined `steps/1/graph.1.png' @ error/convert.c/ConvertImageCommand/3229.
step LM:myrk:train crashed
number of steps doable or running: 3 at Wed Jul 22 07:35:11 PM +0630 2026
	doable: EVALUATION:test:reference-from-sgm
	doable: TRAINING:consolidate
	doable: EVALUATION:test:input-from-sgm
	executing /mnt/d/Job_Requirements/PracticalProjectsFromDrYe/AIE-F/assignment-submission/class-13and14/TheinGiKyaw-Assignment/SMT_Tutorial/pbsmt/baseline/ph-my/steps/1/EVALUATION_test_reference-from-sgm.1 via sh (1 active)
	executing /mnt/d/Job_Requirements/PracticalProjectsFromDrYe/AIE-F/assignment-submission/class-13and14/TheinGiKyaw-Assignment/SMT_Tutorial/pbsmt/baseline/ph-my/steps/1/TRAINING_consolidate.1 via sh (2 active)
convert-im6.q16: attempt to perform an operation not allowed by the security policy `PS' @ error/constitute.c/IsCoderAuthorized/426.
convert-im6.q16: no images defined `steps/1/graph.1.png' @ error/convert.c/ConvertImageCommand/3229.
number of steps doable or running: 2 at Wed Jul 22 07:35:23 PM +0630 2026
	doable: TRAINING:prepare-data
	doable: EVALUATION:test:input-from-sgm
	executing /mnt/d/Job_Requirements/PracticalProjectsFromDrYe/AIE-F/assignment-submission/class-13and14/TheinGiKyaw-Assignment/SMT_Tutorial/pbsmt/baseline/ph-my/steps/1/TRAINING_prepare-data.1 via sh (1 active)
	executing /mnt/d/Job_Requirements/PracticalProjectsFromDrYe/AIE-F/assignment-submission/class-13and14/TheinGiKyaw-Assignment/SMT_Tutorial/pbsmt/baseline/ph-my/steps/1/EVALUATION_test_input-from-sgm.1 via sh (2 active)
convert-im6.q16: attempt to perform an operation not allowed by the security policy `PS' @ error/constitute.c/IsCoderAuthorized/426.
convert-im6.q16: no images defined `steps/1/graph.1.png' @ error/convert.c/ConvertImageCommand/3229.
step TRAINING:prepare-data crashed
number of steps doable or running: 0 at Wed Jul 22 07:35:36 PM +0630 2026
convert-im6.q16: attempt to perform an operation not allowed by the security policy `PS' @ error/constitute.c/IsCoderAuthorized/426.
convert-im6.q16: no images defined `steps/1/graph.1.png' @ error/convert.c/ConvertImageCommand/3229.
STARTING UP AS PROCESS 5569 ON LAPTOP-9DLBHLIH AT Wed Jul 22 08:18:00 PM +0630 2026
LOAD CONFIG...
working directory is /mnt/d/Job_Requirements/PracticalProjectsFromDrYe/AIE-F/assignment-submission/class-13and14/TheinGiKyaw-Assignment/SMT_Tutorial/pbsmt/baseline/my-ph
find: ‘/mnt/d/Job_Requirements/PracticalProjectsFromDrYe/AIE-F/assignment-submission/class-13and14/TheinGiKyaw-Assignment/SMT_Tutorial/pbsmt/baseline/my-ph/steps’: No such file or directory
running experimental run number 1

ESTABLISH WHICH STEPS NEED TO BE RUN

FIND DEPENDENCIES BETWEEN STEPS

CHECKING IF OLD STEPS ARE RE-USABLE

STEP SUMMARY:
82 EVALUATION:test:input-from-sgm ->	run
76 CORPUS:myrk:clean ->	run
59 LM:myrk:train ->	run
56 LM:myrk:binarize ->	run
55 TRAINING:consolidate ->	run
54 TRAINING:prepare-data ->	run
53 TRAINING:run-giza ->	run
52 TRAINING:run-giza-inverse ->	run
51 TRAINING:symmetrize-giza ->	run
50 TRAINING:build-lex-trans ->	run
47 TRAINING:extract-phrases ->	run
46 TRAINING:build-reordering ->	run
45 TRAINING:build-ttable ->	run
42 TRAINING:create-config ->	run
27 TUNING:filter ->	run
26 TUNING:apply-filter ->	run
25 TUNING:tune ->	run
24 TUNING:apply-weights ->	run
18 EVALUATION:test:filter ->	run
17 EVALUATION:test:apply-filter ->	run
16 EVALUATION:test:decode ->	run
15 EVALUATION:test:remove-markup ->	run
11 EVALUATION:test:wrap ->	run
10 EVALUATION:test:reference-from-sgm ->	run
5 EVALUATION:test:nist-bleu ->	run
4 EVALUATION:test:nist-bleu-c ->	run
3 EVALUATION:test:multi-bleu ->	run
2 EVALUATION:test:analysis-coverage ->	run
1 EVALUATION:test:analysis-precision ->	run
0 REPORTING:report ->	run
convert-im6.q16: attempt to perform an operation not allowed by the security policy `PS' @ error/constitute.c/IsCoderAuthorized/426.
convert-im6.q16: no images defined `steps/1/graph.1.png' @ error/convert.c/ConvertImageCommand/3229.
convert-im6.q16: attempt to perform an operation not allowed by the security policy `PS' @ error/constitute.c/IsCoderAuthorized/426.
convert-im6.q16: no images defined `steps/1/graph.1.png' @ error/convert.c/ConvertImageCommand/3229.

EXECUTE STEPS
number of steps doable or running: 4 at Wed Jul 22 08:18:01 PM +0630 2026
	doable: EVALUATION:test:input-from-sgm
	doable: LM:myrk:train
	doable: EVALUATION:test:reference-from-sgm
	doable: CORPUS:myrk:clean
	executing /mnt/d/Job_Requirements/PracticalProjectsFromDrYe/AIE-F/assignment-submission/class-13and14/TheinGiKyaw-Assignment/SMT_Tutorial/pbsmt/baseline/my-ph/steps/1/EVALUATION_test_input-from-sgm.1 via sh (1 active)
	executing /mnt/d/Job_Requirements/PracticalProjectsFromDrYe/AIE-F/assignment-submission/class-13and14/TheinGiKyaw-Assignment/SMT_Tutorial/pbsmt/baseline/my-ph/steps/1/LM_myrk_train.1 via sh (2 active)
convert-im6.q16: attempt to perform an operation not allowed by the security policy `PS' @ error/constitute.c/IsCoderAuthorized/426.
convert-im6.q16: no images defined `steps/1/graph.1.png' @ error/convert.c/ConvertImageCommand/3229.
number of steps doable or running: 3 at Wed Jul 22 08:18:13 PM +0630 2026
	doable: EVALUATION:test:reference-from-sgm
	doable: CORPUS:myrk:clean
	running: LM:myrk:train
	executing /mnt/d/Job_Requirements/PracticalProjectsFromDrYe/AIE-F/assignment-submission/class-13and14/TheinGiKyaw-Assignment/SMT_Tutorial/pbsmt/baseline/my-ph/steps/1/EVALUATION_test_reference-from-sgm.1 via sh (2 active)
convert-im6.q16: attempt to perform an operation not allowed by the security policy `PS' @ error/constitute.c/IsCoderAuthorized/426.
convert-im6.q16: no images defined `steps/1/graph.1.png' @ error/convert.c/ConvertImageCommand/3229.
step LM:myrk:train crashed
number of steps doable or running: 1 at Wed Jul 22 08:18:21 PM +0630 2026
	doable: CORPUS:myrk:clean
	executing /mnt/d/Job_Requirements/PracticalProjectsFromDrYe/AIE-F/assignment-submission/class-13and14/TheinGiKyaw-Assignment/SMT_Tutorial/pbsmt/baseline/my-ph/steps/1/CORPUS_myrk_clean.1 via sh (1 active)
convert-im6.q16: attempt to perform an operation not allowed by the security policy `PS' @ error/constitute.c/IsCoderAuthorized/426.
convert-im6.q16: no images defined `steps/1/graph.1.png' @ error/convert.c/ConvertImageCommand/3229.
number of steps doable or running: 1 at Wed Jul 22 08:18:28 PM +0630 2026
	doable: TRAINING:consolidate
	executing /mnt/d/Job_Requirements/PracticalProjectsFromDrYe/AIE-F/assignment-submission/class-13and14/TheinGiKyaw-Assignment/SMT_Tutorial/pbsmt/baseline/my-ph/steps/1/TRAINING_consolidate.1 via sh (1 active)
convert-im6.q16: attempt to perform an operation not allowed by the security policy `PS' @ error/constitute.c/IsCoderAuthorized/426.
convert-im6.q16: no images defined `steps/1/graph.1.png' @ error/convert.c/ConvertImageCommand/3229.
number of steps doable or running: 1 at Wed Jul 22 08:18:35 PM +0630 2026
	doable: TRAINING:prepare-data
	executing /mnt/d/Job_Requirements/PracticalProjectsFromDrYe/AIE-F/assignment-submission/class-13and14/TheinGiKyaw-Assignment/SMT_Tutorial/pbsmt/baseline/my-ph/steps/1/TRAINING_prepare-data.1 via sh (1 active)
convert-im6.q16: attempt to perform an operation not allowed by the security policy `PS' @ error/constitute.c/IsCoderAuthorized/426.
convert-im6.q16: no images defined `steps/1/graph.1.png' @ error/convert.c/ConvertImageCommand/3229.
step TRAINING:prepare-data crashed
number of steps doable or running: 0 at Wed Jul 22 08:18:43 PM +0630 2026
convert-im6.q16: attempt to perform an operation not allowed by the security policy `PS' @ error/constitute.c/IsCoderAuthorized/426.
convert-im6.q16: no images defined `steps/1/graph.1.png' @ error/convert.c/ConvertImageCommand/3229.
STARTING UP AS PROCESS 5736 ON LAPTOP-9DLBHLIH AT Wed Jul 22 08:18:43 PM +0630 2026
LOAD CONFIG...
working directory is /mnt/d/Job_Requirements/PracticalProjectsFromDrYe/AIE-F/assignment-submission/class-13and14/TheinGiKyaw-Assignment/SMT_Tutorial/pbsmt/baseline/ph-my
find: ‘/mnt/d/Job_Requirements/PracticalProjectsFromDrYe/AIE-F/assignment-submission/class-13and14/TheinGiKyaw-Assignment/SMT_Tutorial/pbsmt/baseline/ph-my/steps’: No such file or directory
running experimental run number 1

ESTABLISH WHICH STEPS NEED TO BE RUN

FIND DEPENDENCIES BETWEEN STEPS

CHECKING IF OLD STEPS ARE RE-USABLE

STEP SUMMARY:
82 EVALUATION:test:input-from-sgm ->	run
76 CORPUS:myrk:clean ->	run
59 LM:myrk:train ->	run
56 LM:myrk:binarize ->	run
55 TRAINING:consolidate ->	run
54 TRAINING:prepare-data ->	run
53 TRAINING:run-giza ->	run
52 TRAINING:run-giza-inverse ->	run
51 TRAINING:symmetrize-giza ->	run
50 TRAINING:build-lex-trans ->	run
47 TRAINING:extract-phrases ->	run
46 TRAINING:build-reordering ->	run
45 TRAINING:build-ttable ->	run
42 TRAINING:create-config ->	run
27 TUNING:filter ->	run
26 TUNING:apply-filter ->	run
25 TUNING:tune ->	run
24 TUNING:apply-weights ->	run
18 EVALUATION:test:filter ->	run
17 EVALUATION:test:apply-filter ->	run
16 EVALUATION:test:decode ->	run
15 EVALUATION:test:remove-markup ->	run
11 EVALUATION:test:wrap ->	run
10 EVALUATION:test:reference-from-sgm ->	run
5 EVALUATION:test:nist-bleu ->	run
4 EVALUATION:test:nist-bleu-c ->	run
3 EVALUATION:test:multi-bleu ->	run
2 EVALUATION:test:analysis-coverage ->	run
1 EVALUATION:test:analysis-precision ->	run
0 REPORTING:report ->	run
convert-im6.q16: attempt to perform an operation not allowed by the security policy `PS' @ error/constitute.c/IsCoderAuthorized/426.
convert-im6.q16: no images defined `steps/1/graph.1.png' @ error/convert.c/ConvertImageCommand/3229.
convert-im6.q16: attempt to perform an operation not allowed by the security policy `PS' @ error/constitute.c/IsCoderAuthorized/426.
convert-im6.q16: no images defined `steps/1/graph.1.png' @ error/convert.c/ConvertImageCommand/3229.

EXECUTE STEPS
number of steps doable or running: 4 at Wed Jul 22 08:18:44 PM +0630 2026
	doable: LM:myrk:train
	doable: EVALUATION:test:reference-from-sgm
	doable: CORPUS:myrk:clean
	doable: EVALUATION:test:input-from-sgm
	executing /mnt/d/Job_Requirements/PracticalProjectsFromDrYe/AIE-F/assignment-submission/class-13and14/TheinGiKyaw-Assignment/SMT_Tutorial/pbsmt/baseline/ph-my/steps/1/LM_myrk_train.1 via sh (1 active)
	executing /mnt/d/Job_Requirements/PracticalProjectsFromDrYe/AIE-F/assignment-submission/class-13and14/TheinGiKyaw-Assignment/SMT_Tutorial/pbsmt/baseline/ph-my/steps/1/EVALUATION_test_reference-from-sgm.1 via sh (2 active)
convert-im6.q16: attempt to perform an operation not allowed by the security policy `PS' @ error/constitute.c/IsCoderAuthorized/426.
convert-im6.q16: no images defined `steps/1/graph.1.png' @ error/convert.c/ConvertImageCommand/3229.
step LM:myrk:train crashed
number of steps doable or running: 2 at Wed Jul 22 08:18:56 PM +0630 2026
	doable: EVALUATION:test:input-from-sgm
	doable: CORPUS:myrk:clean
	executing /mnt/d/Job_Requirements/PracticalProjectsFromDrYe/AIE-F/assignment-submission/class-13and14/TheinGiKyaw-Assignment/SMT_Tutorial/pbsmt/baseline/ph-my/steps/1/EVALUATION_test_input-from-sgm.1 via sh (1 active)
	executing /mnt/d/Job_Requirements/PracticalProjectsFromDrYe/AIE-F/assignment-submission/class-13and14/TheinGiKyaw-Assignment/SMT_Tutorial/pbsmt/baseline/ph-my/steps/1/CORPUS_myrk_clean.1 via sh (2 active)
convert-im6.q16: attempt to perform an operation not allowed by the security policy `PS' @ error/constitute.c/IsCoderAuthorized/426.
convert-im6.q16: no images defined `steps/1/graph.1.png' @ error/convert.c/ConvertImageCommand/3229.
number of steps doable or running: 1 at Wed Jul 22 08:19:09 PM +0630 2026
	doable: TRAINING:consolidate
	executing /mnt/d/Job_Requirements/PracticalProjectsFromDrYe/AIE-F/assignment-submission/class-13and14/TheinGiKyaw-Assignment/SMT_Tutorial/pbsmt/baseline/ph-my/steps/1/TRAINING_consolidate.1 via sh (1 active)
convert-im6.q16: attempt to perform an operation not allowed by the security policy `PS' @ error/constitute.c/IsCoderAuthorized/426.
convert-im6.q16: no images defined `steps/1/graph.1.png' @ error/convert.c/ConvertImageCommand/3229.
number of steps doable or running: 1 at Wed Jul 22 08:19:16 PM +0630 2026
	doable: TRAINING:prepare-data
	executing /mnt/d/Job_Requirements/PracticalProjectsFromDrYe/AIE-F/assignment-submission/class-13and14/TheinGiKyaw-Assignment/SMT_Tutorial/pbsmt/baseline/ph-my/steps/1/TRAINING_prepare-data.1 via sh (1 active)
convert-im6.q16: attempt to perform an operation not allowed by the security policy `PS' @ error/constitute.c/IsCoderAuthorized/426.
convert-im6.q16: no images defined `steps/1/graph.1.png' @ error/convert.c/ConvertImageCommand/3229.
step TRAINING:prepare-data crashed
number of steps doable or running: 0 at Wed Jul 22 08:19:23 PM +0630 2026
convert-im6.q16: attempt to perform an operation not allowed by the security policy `PS' @ error/constitute.c/IsCoderAuthorized/426.
convert-im6.q16: no images defined `steps/1/graph.1.png' @ error/convert.c/ConvertImageCommand/3229.
