[2026-07-26 00:19:42] [marian] Marian v1.12.0 65bf82ff 2023-02-21 09:56:29 -0800
[2026-07-26 00:19:42] [marian] Running on LAPTOP-9DLBHLIH as process 4910 with command line:
[2026-07-26 00:19:42] [marian] marian -c /d/Job_Requirements/PracticalProjectsFromDrYe/AIE-F/assignment-submission/class-22/TheinGiKyaw_Assignment7/model.seq2seq.phmy/config.yml
[2026-07-26 00:19:42] [config] after: 0e
[2026-07-26 00:19:42] [config] after-batches: 0
[2026-07-26 00:19:42] [config] after-epochs: 0
[2026-07-26 00:19:42] [config] all-caps-every: 0
[2026-07-26 00:19:42] [config] allow-unk: false
[2026-07-26 00:19:42] [config] authors: false
[2026-07-26 00:19:42] [config] beam-size: 12
[2026-07-26 00:19:42] [config] bert-class-symbol: "[CLS]"
[2026-07-26 00:19:42] [config] bert-mask-symbol: "[MASK]"
[2026-07-26 00:19:42] [config] bert-masking-fraction: 0.15
[2026-07-26 00:19:42] [config] bert-sep-symbol: "[SEP]"
[2026-07-26 00:19:42] [config] bert-train-type-embeddings: true
[2026-07-26 00:19:42] [config] bert-type-vocab-size: 2
[2026-07-26 00:19:42] [config] build-info: ""
[2026-07-26 00:19:42] [config] check-gradient-nan: false
[2026-07-26 00:19:42] [config] check-nan: false
[2026-07-26 00:19:42] [config] cite: false
[2026-07-26 00:19:42] [config] clip-norm: 1
[2026-07-26 00:19:42] [config] cost-scaling:
[2026-07-26 00:19:42] [config]   []
[2026-07-26 00:19:42] [config] cost-type: ce-sum
[2026-07-26 00:19:42] [config] cpu-threads: 0
[2026-07-26 00:19:42] [config] data-threads: 8
[2026-07-26 00:19:42] [config] data-weighting: ""
[2026-07-26 00:19:42] [config] data-weighting-type: sentence
[2026-07-26 00:19:42] [config] dec-cell: lstm
[2026-07-26 00:19:42] [config] dec-cell-base-depth: 2
[2026-07-26 00:19:42] [config] dec-cell-high-depth: 2
[2026-07-26 00:19:42] [config] dec-depth: 2
[2026-07-26 00:19:42] [config] devices:
[2026-07-26 00:19:42] [config]   - 0
[2026-07-26 00:19:42] [config] dim-emb: 512
[2026-07-26 00:19:42] [config] dim-rnn: 1024
[2026-07-26 00:19:42] [config] dim-vocabs:
[2026-07-26 00:19:42] [config]   - 1851
[2026-07-26 00:19:42] [config]   - 2300
[2026-07-26 00:19:42] [config] disp-first: 0
[2026-07-26 00:19:42] [config] disp-freq: 500
[2026-07-26 00:19:42] [config] disp-label-counts: true
[2026-07-26 00:19:42] [config] dropout-rnn: 0.3
[2026-07-26 00:19:42] [config] dropout-src: 0.3
[2026-07-26 00:19:42] [config] dropout-trg: 0
[2026-07-26 00:19:42] [config] dump-config: ""
[2026-07-26 00:19:42] [config] dynamic-gradient-scaling:
[2026-07-26 00:19:42] [config]   []
[2026-07-26 00:19:42] [config] early-stopping: 10
[2026-07-26 00:19:42] [config] early-stopping-on: first
[2026-07-26 00:19:42] [config] embedding-fix-src: false
[2026-07-26 00:19:42] [config] embedding-fix-trg: false
[2026-07-26 00:19:42] [config] embedding-normalization: false
[2026-07-26 00:19:42] [config] embedding-vectors:
[2026-07-26 00:19:42] [config]   []
[2026-07-26 00:19:42] [config] enc-cell: lstm
[2026-07-26 00:19:42] [config] enc-cell-depth: 2
[2026-07-26 00:19:42] [config] enc-depth: 2
[2026-07-26 00:19:42] [config] enc-type: alternating
[2026-07-26 00:19:42] [config] english-title-case-every: 0
[2026-07-26 00:19:42] [config] exponential-smoothing: 0.0001
[2026-07-26 00:19:42] [config] factor-weight: 1
[2026-07-26 00:19:42] [config] factors-combine: sum
[2026-07-26 00:19:42] [config] factors-dim-emb: 0
[2026-07-26 00:19:42] [config] gradient-checkpointing: false
[2026-07-26 00:19:42] [config] gradient-norm-average-window: 100
[2026-07-26 00:19:42] [config] guided-alignment: none
[2026-07-26 00:19:42] [config] guided-alignment-cost: ce
[2026-07-26 00:19:42] [config] guided-alignment-weight: 0.1
[2026-07-26 00:19:42] [config] ignore-model-config: false
[2026-07-26 00:19:42] [config] input-types:
[2026-07-26 00:19:42] [config]   []
[2026-07-26 00:19:42] [config] interpolate-env-vars: false
[2026-07-26 00:19:42] [config] keep-best: false
[2026-07-26 00:19:42] [config] label-smoothing: 0
[2026-07-26 00:19:42] [config] layer-normalization: true
[2026-07-26 00:19:42] [config] learn-rate: 0.0001
[2026-07-26 00:19:42] [config] lemma-dependency: ""
[2026-07-26 00:19:42] [config] lemma-dim-emb: 0
[2026-07-26 00:19:42] [config] log: /d/Job_Requirements/PracticalProjectsFromDrYe/AIE-F/assignment-submission/class-22/TheinGiKyaw_Assignment7/model.seq2seq.phmy/train.log
[2026-07-26 00:19:42] [config] log-level: info
[2026-07-26 00:19:42] [config] log-time-zone: ""
[2026-07-26 00:19:42] [config] logical-epoch:
[2026-07-26 00:19:42] [config]   - 1e
[2026-07-26 00:19:42] [config]   - 0
[2026-07-26 00:19:42] [config] lr-decay: 0
[2026-07-26 00:19:42] [config] lr-decay-freq: 50000
[2026-07-26 00:19:42] [config] lr-decay-inv-sqrt:
[2026-07-26 00:19:42] [config]   - 0
[2026-07-26 00:19:42] [config] lr-decay-repeat-warmup: false
[2026-07-26 00:19:42] [config] lr-decay-reset-optimizer: false
[2026-07-26 00:19:42] [config] lr-decay-start:
[2026-07-26 00:19:42] [config]   - 10
[2026-07-26 00:19:42] [config]   - 1
[2026-07-26 00:19:42] [config] lr-decay-strategy: epoch+stalled
[2026-07-26 00:19:42] [config] lr-report: false
[2026-07-26 00:19:42] [config] lr-warmup: 0
[2026-07-26 00:19:42] [config] lr-warmup-at-reload: false
[2026-07-26 00:19:42] [config] lr-warmup-cycle: false
[2026-07-26 00:19:42] [config] lr-warmup-start-rate: 0
[2026-07-26 00:19:42] [config] max-length: 200
[2026-07-26 00:19:42] [config] max-length-crop: false
[2026-07-26 00:19:42] [config] max-length-factor: 3
[2026-07-26 00:19:42] [config] maxi-batch: 100
[2026-07-26 00:19:42] [config] maxi-batch-sort: trg
[2026-07-26 00:19:42] [config] mini-batch: 64
[2026-07-26 00:19:42] [config] mini-batch-fit: true
[2026-07-26 00:19:42] [config] mini-batch-fit-step: 10
[2026-07-26 00:19:42] [config] mini-batch-round-up: true
[2026-07-26 00:19:42] [config] mini-batch-track-lr: false
[2026-07-26 00:19:42] [config] mini-batch-warmup: 0
[2026-07-26 00:19:42] [config] mini-batch-words: 0
[2026-07-26 00:19:42] [config] mini-batch-words-ref: 0
[2026-07-26 00:19:42] [config] model: /d/Job_Requirements/PracticalProjectsFromDrYe/AIE-F/assignment-submission/class-22/TheinGiKyaw_Assignment7/model.seq2seq.phmy/model.npz
[2026-07-26 00:19:42] [config] multi-loss-type: sum
[2026-07-26 00:19:42] [config] n-best: false
[2026-07-26 00:19:42] [config] no-reload: false
[2026-07-26 00:19:42] [config] no-restore-corpus: false
[2026-07-26 00:19:42] [config] normalize: 0
[2026-07-26 00:19:42] [config] normalize-gradient: false
[2026-07-26 00:19:42] [config] num-devices: 0
[2026-07-26 00:19:42] [config] optimizer: adam
[2026-07-26 00:19:42] [config] optimizer-delay: 1
[2026-07-26 00:19:42] [config] optimizer-params:
[2026-07-26 00:19:42] [config]   []
[2026-07-26 00:19:42] [config] output-omit-bias: false
[2026-07-26 00:19:42] [config] overwrite: false
[2026-07-26 00:19:42] [config] precision:
[2026-07-26 00:19:42] [config]   - float32
[2026-07-26 00:19:42] [config]   - float32
[2026-07-26 00:19:42] [config] pretrained-model: ""
[2026-07-26 00:19:42] [config] quantize-biases: false
[2026-07-26 00:19:42] [config] quantize-bits: 0
[2026-07-26 00:19:42] [config] quantize-log-based: false
[2026-07-26 00:19:42] [config] quantize-optimization-steps: 0
[2026-07-26 00:19:42] [config] quiet: false
[2026-07-26 00:19:42] [config] quiet-translation: false
[2026-07-26 00:19:42] [config] relative-paths: false
[2026-07-26 00:19:42] [config] right-left: false
[2026-07-26 00:19:42] [config] save-freq: 5000
[2026-07-26 00:19:42] [config] seed: 1111
[2026-07-26 00:19:42] [config] sentencepiece-alphas:
[2026-07-26 00:19:42] [config]   []
[2026-07-26 00:19:42] [config] sentencepiece-max-lines: 2000000
[2026-07-26 00:19:42] [config] sentencepiece-options: ""
[2026-07-26 00:19:42] [config] shuffle: data
[2026-07-26 00:19:42] [config] shuffle-in-ram: false
[2026-07-26 00:19:42] [config] sigterm: save-and-exit
[2026-07-26 00:19:42] [config] skip: true
[2026-07-26 00:19:42] [config] sqlite: ""
[2026-07-26 00:19:42] [config] sqlite-drop: false
[2026-07-26 00:19:42] [config] sync-sgd: false
[2026-07-26 00:19:42] [config] tempdir: /tmp
[2026-07-26 00:19:42] [config] tied-embeddings: true
[2026-07-26 00:19:42] [config] tied-embeddings-all: false
[2026-07-26 00:19:42] [config] tied-embeddings-src: false
[2026-07-26 00:19:42] [config] train-embedder-rank:
[2026-07-26 00:19:42] [config]   []
[2026-07-26 00:19:42] [config] train-sets:
[2026-07-26 00:19:42] [config]   - /d/Job_Requirements/PracticalProjectsFromDrYe/AIE-F/assignment-submission/class-22/TheinGiKyaw_Assignment7/g2p-par/train.ph
[2026-07-26 00:19:42] [config]   - /d/Job_Requirements/PracticalProjectsFromDrYe/AIE-F/assignment-submission/class-22/TheinGiKyaw_Assignment7/g2p-par/train.my
[2026-07-26 00:19:42] [config] transformer-aan-activation: swish
[2026-07-26 00:19:42] [config] transformer-aan-depth: 2
[2026-07-26 00:19:42] [config] transformer-aan-nogate: false
[2026-07-26 00:19:42] [config] transformer-decoder-autoreg: self-attention
[2026-07-26 00:19:42] [config] transformer-decoder-dim-ffn: 0
[2026-07-26 00:19:42] [config] transformer-decoder-ffn-depth: 0
[2026-07-26 00:19:42] [config] transformer-depth-scaling: false
[2026-07-26 00:19:42] [config] transformer-dim-aan: 2048
[2026-07-26 00:19:42] [config] transformer-dim-ffn: 2048
[2026-07-26 00:19:42] [config] transformer-dropout: 0
[2026-07-26 00:19:42] [config] transformer-dropout-attention: 0
[2026-07-26 00:19:42] [config] transformer-dropout-ffn: 0
[2026-07-26 00:19:42] [config] transformer-ffn-activation: swish
[2026-07-26 00:19:42] [config] transformer-ffn-depth: 2
[2026-07-26 00:19:42] [config] transformer-guided-alignment-layer: last
[2026-07-26 00:19:42] [config] transformer-heads: 8
[2026-07-26 00:19:42] [config] transformer-no-projection: false
[2026-07-26 00:19:42] [config] transformer-pool: false
[2026-07-26 00:19:42] [config] transformer-postprocess: dan
[2026-07-26 00:19:42] [config] transformer-postprocess-emb: d
[2026-07-26 00:19:42] [config] transformer-postprocess-top: ""
[2026-07-26 00:19:42] [config] transformer-preprocess: ""
[2026-07-26 00:19:42] [config] transformer-rnn-projection: false
[2026-07-26 00:19:42] [config] transformer-tied-layers:
[2026-07-26 00:19:42] [config]   []
[2026-07-26 00:19:42] [config] transformer-train-position-embeddings: false
[2026-07-26 00:19:42] [config] tsv: false
[2026-07-26 00:19:42] [config] tsv-fields: 0
[2026-07-26 00:19:42] [config] type: s2s
[2026-07-26 00:19:42] [config] ulr: false
[2026-07-26 00:19:42] [config] ulr-dim-emb: 0
[2026-07-26 00:19:42] [config] ulr-dropout: 0
[2026-07-26 00:19:42] [config] ulr-keys-vectors: ""
[2026-07-26 00:19:42] [config] ulr-query-vectors: ""
[2026-07-26 00:19:42] [config] ulr-softmax-temperature: 1
[2026-07-26 00:19:42] [config] ulr-trainable-transformation: false
[2026-07-26 00:19:42] [config] unlikelihood-loss: false
[2026-07-26 00:19:42] [config] valid-freq: 5000
[2026-07-26 00:19:42] [config] valid-log: /d/Job_Requirements/PracticalProjectsFromDrYe/AIE-F/assignment-submission/class-22/TheinGiKyaw_Assignment7/model.seq2seq.phmy/valid.log
[2026-07-26 00:19:42] [config] valid-max-length: 1000
[2026-07-26 00:19:42] [config] valid-metrics:
[2026-07-26 00:19:42] [config]   - cross-entropy
[2026-07-26 00:19:42] [config]   - perplexity
[2026-07-26 00:19:42] [config]   - bleu
[2026-07-26 00:19:42] [config] valid-mini-batch: 32
[2026-07-26 00:19:42] [config] valid-reset-all: false
[2026-07-26 00:19:42] [config] valid-reset-stalled: false
[2026-07-26 00:19:42] [config] valid-script-args:
[2026-07-26 00:19:42] [config]   []
[2026-07-26 00:19:42] [config] valid-script-path: ""
[2026-07-26 00:19:42] [config] valid-sets:
[2026-07-26 00:19:42] [config]   - /d/Job_Requirements/PracticalProjectsFromDrYe/AIE-F/assignment-submission/class-22/TheinGiKyaw_Assignment7/g2p-par/dev.ph
[2026-07-26 00:19:42] [config]   - /d/Job_Requirements/PracticalProjectsFromDrYe/AIE-F/assignment-submission/class-22/TheinGiKyaw_Assignment7/g2p-par/dev.my
[2026-07-26 00:19:42] [config] valid-translation-output: ""
[2026-07-26 00:19:42] [config] version: v1.12.0 65bf82ff 2023-02-21 09:56:29 -0800
[2026-07-26 00:19:42] [config] vocabs:
[2026-07-26 00:19:42] [config]   - /d/Job_Requirements/PracticalProjectsFromDrYe/AIE-F/assignment-submission/class-22/TheinGiKyaw_Assignment7/g2p-par/vocab/vocab.ph.yml
[2026-07-26 00:19:42] [config]   - /d/Job_Requirements/PracticalProjectsFromDrYe/AIE-F/assignment-submission/class-22/TheinGiKyaw_Assignment7/g2p-par/vocab/vocab.my.yml
[2026-07-26 00:19:42] [config] word-penalty: 0
[2026-07-26 00:19:42] [config] word-scores: false
[2026-07-26 00:19:42] [config] workspace: 500
[2026-07-26 00:19:42] [config] Loaded model has been created with Marian v1.12.0 65bf82ff 2023-02-21 09:56:29 -0800
[2026-07-26 00:19:42] [training] Using single-device training
[2026-07-26 00:19:42] [comm] Compiled without MPI support. Running as a single process on LAPTOP-9DLBHLIH
[2026-07-26 00:19:42] Synced seed 1111
[2026-07-26 00:19:42] [data] Loading vocabulary from JSON/Yaml file /d/Job_Requirements/PracticalProjectsFromDrYe/AIE-F/assignment-submission/class-22/TheinGiKyaw_Assignment7/g2p-par/vocab/vocab.ph.yml
[2026-07-26 00:19:42] [data] Setting vocabulary size for input 0 to 1,851
[2026-07-26 00:19:42] [data] Loading vocabulary from JSON/Yaml file /d/Job_Requirements/PracticalProjectsFromDrYe/AIE-F/assignment-submission/class-22/TheinGiKyaw_Assignment7/g2p-par/vocab/vocab.my.yml
[2026-07-26 00:19:42] [data] Setting vocabulary size for input 1 to 2,300
[2026-07-26 00:19:42] [batching] Collecting statistics for batch fitting with step size 10
[2026-07-26 00:19:44] [memory] Extending reserved space to 512 MB (device gpu0)
[2026-07-26 00:19:44] [training] Using 1 GPUs
[2026-07-26 00:19:44] [logits] Applying loss function for 1 factor(s)
[2026-07-26 00:19:44] [memory] Reserving 343 MB, device gpu0
[2026-07-26 00:19:44] [gpu] 16-bit TensorCores enabled for float32 matrix operations
[2026-07-26 00:19:44] [memory] Reserving 343 MB, device gpu0
[2026-07-26 00:21:44] [batching] Done. Typical MB size is 516 target words
[2026-07-26 00:21:44] [memory] Extending reserved space to 512 MB (device gpu0)
[2026-07-26 00:21:44] [training] Using 1 GPUs
[2026-07-26 00:21:44] Loading model from /d/Job_Requirements/PracticalProjectsFromDrYe/AIE-F/assignment-submission/class-22/TheinGiKyaw_Assignment7/model.seq2seq.phmy/model.npz
[2026-07-26 00:22:01] Allocating memory for general optimizer shards
[2026-07-26 00:22:01] [memory] Reserving 343 MB, device gpu0
[2026-07-26 00:22:01] Loading Adam parameters
[2026-07-26 00:22:02] [memory] Reserving 687 MB, device gpu0
[2026-07-26 00:22:02] [memory] Reserving 343 MB, device gpu0
[2026-07-26 00:22:02] [training] Master parameters and optimizers restored from training checkpoint /d/Job_Requirements/PracticalProjectsFromDrYe/AIE-F/assignment-submission/class-22/TheinGiKyaw_Assignment7/model.seq2seq.phmy/model.npz and /d/Job_Requirements/PracticalProjectsFromDrYe/AIE-F/assignment-submission/class-22/TheinGiKyaw_Assignment7/model.seq2seq.phmy/model.npz.optimizer.npz
[2026-07-26 00:22:02] [data] Restoring the corpus state to epoch 69, batch 25000
[2026-07-26 00:22:02] [data] Shuffling data
[2026-07-26 00:22:02] [data] Done reading 20,000 sentences
[2026-07-26 00:22:02] [data] Done shuffling 20,000 sentences to temp files
[2026-07-26 00:22:02] Training started
[2026-07-26 00:22:02] [training] Batches are processed as 1 process(es) x 1 devices/process
[2026-07-26 00:22:02] [memory] Reserving 343 MB, device gpu0
[2026-07-26 00:22:03] [memory] Reserving 343 MB, device gpu0
[2026-07-26 00:22:03] Parameter type float32, optimization type float32, casting types false
[2026-07-26 00:22:44] Seen 20,000 samples
[2026-07-26 00:22:44] Starting data epoch 70 in logical epoch 70
[2026-07-26 00:22:44] [data] Shuffling data
[2026-07-26 00:22:44] [data] Done reading 20,000 sentences
[2026-07-26 00:22:44] [data] Done shuffling 20,000 sentences to temp files
[2026-07-26 00:23:29] Ep. 70 : Up. 25500 : Sen. 13,075 : Cost 0.52192307 * 105,646 @ 165 after 5,385,891 : Time 105.35s : 1002.83 words/s : gNorm 1.3163
[2026-07-26 00:23:50] Seen 20,000 samples
[2026-07-26 00:23:50] Starting data epoch 71 in logical epoch 71
[2026-07-26 00:23:50] [data] Shuffling data
[2026-07-26 00:23:50] [data] Done reading 20,000 sentences
[2026-07-26 00:23:50] [data] Done shuffling 20,000 sentences to temp files
[2026-07-26 00:24:54] Seen 20,000 samples
[2026-07-26 00:24:54] Starting data epoch 72 in logical epoch 72
[2026-07-26 00:24:54] [data] Shuffling data
[2026-07-26 00:24:54] [data] Done reading 20,000 sentences
[2026-07-26 00:24:54] [data] Done shuffling 20,000 sentences to temp files
[2026-07-26 00:24:55] Ep. 72 : Up. 26000 : Sen. 330 : Cost 0.48079896 * 105,109 @ 165 after 5,491,000 : Time 85.94s : 1223.01 words/s : gNorm 1.5880
[2026-07-26 00:25:57] Seen 20,000 samples
[2026-07-26 00:25:57] Starting data epoch 73 in logical epoch 73
[2026-07-26 00:25:57] [data] Shuffling data
[2026-07-26 00:25:57] [data] Done reading 20,000 sentences
[2026-07-26 00:25:57] [data] Done shuffling 20,000 sentences to temp files
[2026-07-26 00:26:24] Ep. 73 : Up. 26500 : Sen. 7,665 : Cost 0.47568029 * 105,431 @ 275 after 5,596,431 : Time 88.75s : 1187.99 words/s : gNorm 1.3232
[2026-07-26 00:27:02] Seen 20,000 samples
[2026-07-26 00:27:02] Starting data epoch 74 in logical epoch 74
[2026-07-26 00:27:02] [data] Shuffling data
[2026-07-26 00:27:02] [data] Done reading 20,000 sentences
[2026-07-26 00:27:02] [data] Done shuffling 20,000 sentences to temp files
[2026-07-26 00:27:49] Ep. 74 : Up. 27000 : Sen. 14,965 : Cost 0.45815268 * 106,222 @ 141 after 5,702,653 : Time 84.84s : 1251.96 words/s : gNorm 1.2022
[2026-07-26 00:28:05] Seen 20,000 samples
[2026-07-26 00:28:05] Starting data epoch 75 in logical epoch 75
[2026-07-26 00:28:05] [data] Shuffling data
[2026-07-26 00:28:05] [data] Done reading 20,000 sentences
[2026-07-26 00:28:05] [data] Done shuffling 20,000 sentences to temp files
[2026-07-26 00:29:12] Seen 20,000 samples
[2026-07-26 00:29:12] Starting data epoch 76 in logical epoch 76
[2026-07-26 00:29:12] [data] Shuffling data
[2026-07-26 00:29:12] [data] Done reading 20,000 sentences
[2026-07-26 00:29:12] [data] Done shuffling 20,000 sentences to temp files
[2026-07-26 00:29:22] Ep. 76 : Up. 27500 : Sen. 2,310 : Cost 0.49471644 * 105,667 @ 165 after 5,808,320 : Time 93.19s : 1133.93 words/s : gNorm 1.2764
[2026-07-26 00:30:25] Seen 20,000 samples
[2026-07-26 00:30:25] Starting data epoch 77 in logical epoch 77
[2026-07-26 00:30:25] [data] Shuffling data
[2026-07-26 00:30:25] [data] Done reading 20,000 sentences
[2026-07-26 00:30:25] [data] Done shuffling 20,000 sentences to temp files
[2026-07-26 00:30:55] Ep. 77 : Up. 28000 : Sen. 9,610 : Cost 0.45104414 * 105,057 @ 165 after 5,913,377 : Time 93.47s : 1124.01 words/s : gNorm 1.1337
[2026-07-26 00:31:27] Seen 20,000 samples
[2026-07-26 00:31:27] Starting data epoch 78 in logical epoch 78
[2026-07-26 00:31:27] [data] Shuffling data
[2026-07-26 00:31:27] [data] Done reading 20,000 sentences
[2026-07-26 00:31:27] [data] Done shuffling 20,000 sentences to temp files
[2026-07-26 00:32:24] Ep. 78 : Up. 28500 : Sen. 16,972 : Cost 0.47206497 * 106,179 @ 330 after 6,019,556 : Time 89.13s : 1191.31 words/s : gNorm 1.3705
[2026-07-26 00:32:34] Seen 20,000 samples
[2026-07-26 00:32:34] Starting data epoch 79 in logical epoch 79
[2026-07-26 00:32:34] [data] Shuffling data
[2026-07-26 00:32:34] [data] Done reading 20,000 sentences
[2026-07-26 00:32:34] [data] Done shuffling 20,000 sentences to temp files
[2026-07-26 00:33:39] Seen 20,000 samples
[2026-07-26 00:33:39] Starting data epoch 80 in logical epoch 80
[2026-07-26 00:33:39] [data] Shuffling data
[2026-07-26 00:33:39] [data] Done reading 20,000 sentences
[2026-07-26 00:33:39] [data] Done shuffling 20,000 sentences to temp files
[2026-07-26 00:33:51] Ep. 80 : Up. 29000 : Sen. 4,208 : Cost 0.47229815 * 105,344 @ 165 after 6,124,900 : Time 86.63s : 1215.95 words/s : gNorm 1.3588
[2026-07-26 00:34:44] Seen 20,000 samples
[2026-07-26 00:34:44] Starting data epoch 81 in logical epoch 81
[2026-07-26 00:34:44] [data] Shuffling data
[2026-07-26 00:34:44] [data] Done reading 20,000 sentences
[2026-07-26 00:34:44] [data] Done shuffling 20,000 sentences to temp files
[2026-07-26 00:35:27] Ep. 81 : Up. 29500 : Sen. 11,562 : Cost 0.47654548 * 105,861 @ 220 after 6,230,761 : Time 95.77s : 1105.32 words/s : gNorm 1.2750
[2026-07-26 00:36:02] Seen 20,000 samples
[2026-07-26 00:36:02] Starting data epoch 82 in logical epoch 82
[2026-07-26 00:36:02] [data] Shuffling data
[2026-07-26 00:36:02] [data] Done reading 20,000 sentences
[2026-07-26 00:36:02] [data] Done shuffling 20,000 sentences to temp files
[2026-07-26 00:37:17] Ep. 82 : Up. 30000 : Sen. 18,870 : Cost 0.48313910 * 105,521 @ 165 after 6,336,282 : Time 110.04s : 958.89 words/s : gNorm 1.3800
[2026-07-26 00:37:17] Saving model weights and runtime parameters to /d/Job_Requirements/PracticalProjectsFromDrYe/AIE-F/assignment-submission/class-22/TheinGiKyaw_Assignment7/model.seq2seq.phmy/model.iter30000.npz
[2026-07-26 00:37:22] Saving model weights and runtime parameters to /d/Job_Requirements/PracticalProjectsFromDrYe/AIE-F/assignment-submission/class-22/TheinGiKyaw_Assignment7/model.seq2seq.phmy/model.npz
[2026-07-26 00:37:25] Saving Adam parameters
[2026-07-26 00:37:27] [training] Saving training checkpoint to /d/Job_Requirements/PracticalProjectsFromDrYe/AIE-F/assignment-submission/class-22/TheinGiKyaw_Assignment7/model.seq2seq.phmy/model.npz and /d/Job_Requirements/PracticalProjectsFromDrYe/AIE-F/assignment-submission/class-22/TheinGiKyaw_Assignment7/model.seq2seq.phmy/model.npz.optimizer.npz
[2026-07-26 00:37:40] [valid] Ep. 82 : Up. 30000 : cross-entropy : 3.1886 : stalled 3 times (last best: 3.18052)
[2026-07-26 00:37:41] [valid] Ep. 82 : Up. 30000 : perplexity : 2.29242 : stalled 3 times (last best: 2.28721)
[2026-07-26 00:37:41] Translating validation set...
[2026-07-26 00:37:41] [valid] First sentence's tokens as scored:
[2026-07-26 00:37:41] [valid] DefaultVocab keeps original segments for scoring
[2026-07-26 00:37:41] [valid]   Hyp: ဥတ် တ ရ ဘ ဒြ ပိုဒ်
[2026-07-26 00:37:41] [valid]   Ref: ဥတ် တ ရ ဖ လ ဂု နီ
[2026-07-26 00:37:41] Best translation 0 : ရပ် မှု ရွာ မှု
[2026-07-26 00:37:42] Best translation 1 : ပြီး ဆေး
[2026-07-26 00:37:42] Best translation 2 : မြင်း စား ကြုံ
[2026-07-26 00:37:42] Best translation 3 : အ မိန့် ပေး
[2026-07-26 00:37:42] Best translation 4 : အ နေ အ ထား
[2026-07-26 00:37:42] Best translation 5 : ကြား ဖူး နား ဆွဲ
[2026-07-26 00:37:42] Best translation 10 : ထ မင်း ဆုပ်
[2026-07-26 00:37:42] Best translation 20 : စစ် ညောင်း
[2026-07-26 00:37:42] Best translation 40 : အုပ် တိုက်
[2026-07-26 00:37:42] Best translation 80 : ဝက် သစ် ချ
[2026-07-26 00:37:42] Best translation 160 : နှစ် ပါး သွား
[2026-07-26 00:37:42] Best translation 320 : အ မြုံ
[2026-07-26 00:37:42] Best translation 640 : အ စွမ်း ပြ
[2026-07-26 00:37:43] Best translation 1280 : စိုက် ခွ
[2026-07-26 00:37:44] Total translation time: 2.59759s
[2026-07-26 00:37:44] [valid] Ep. 82 : Up. 30000 : bleu : 50.6486 : stalled 3 times (last best: 52.3146)
[2026-07-26 00:37:47] Seen 20,000 samples
[2026-07-26 00:37:47] Starting data epoch 83 in logical epoch 83
[2026-07-26 00:37:47] [data] Shuffling data
[2026-07-26 00:37:47] [data] Done reading 20,000 sentences
[2026-07-26 00:37:47] [data] Done shuffling 20,000 sentences to temp files
[2026-07-26 00:39:12] Seen 20,000 samples
[2026-07-26 00:39:12] Starting data epoch 84 in logical epoch 84
[2026-07-26 00:39:12] [data] Shuffling data
[2026-07-26 00:39:13] [data] Done reading 20,000 sentences
[2026-07-26 00:39:13] [data] Done shuffling 20,000 sentences to temp files
[2026-07-26 00:39:38] Ep. 84 : Up. 30500 : Sen. 6,180 : Cost 0.49872011 * 105,676 @ 275 after 6,441,958 : Time 141.48s : 746.93 words/s : gNorm 1.2184
[2026-07-26 00:40:34] Seen 20,000 samples
[2026-07-26 00:40:34] Starting data epoch 85 in logical epoch 85
[2026-07-26 00:40:34] [data] Shuffling data
[2026-07-26 00:40:34] [data] Done reading 20,000 sentences
[2026-07-26 00:40:34] [data] Done shuffling 20,000 sentences to temp files
[2026-07-26 00:41:34] Ep. 85 : Up. 31000 : Sen. 13,515 : Cost 0.44351572 * 105,445 @ 220 after 6,547,403 : Time 115.99s : 909.06 words/s : gNorm 1.1983
[2026-07-26 00:41:58] Seen 20,000 samples
[2026-07-26 00:41:58] Starting data epoch 86 in logical epoch 86
[2026-07-26 00:41:58] [data] Shuffling data
[2026-07-26 00:41:58] [data] Done reading 20,000 sentences
[2026-07-26 00:41:58] [data] Done shuffling 20,000 sentences to temp files
[2026-07-26 00:43:03] Seen 20,000 samples
[2026-07-26 00:43:03] Starting data epoch 87 in logical epoch 87
[2026-07-26 00:43:03] [data] Shuffling data
[2026-07-26 00:43:03] [data] Done reading 20,000 sentences
[2026-07-26 00:43:03] [data] Done shuffling 20,000 sentences to temp files
[2026-07-26 00:43:05] Ep. 87 : Up. 31500 : Sen. 770 : Cost 0.44282877 * 105,559 @ 165 after 6,652,962 : Time 90.41s : 1167.60 words/s : gNorm 1.2757
[2026-07-26 00:43:34] Seen 20,000 samples
[2026-07-26 00:43:34] Starting data epoch 88 in logical epoch 88
[2026-07-26 00:43:34] [data] Shuffling data
[2026-07-26 00:43:34] [data] Done reading 20,000 sentences
[2026-07-26 00:43:34] [data] Done shuffling 20,000 sentences to temp files
[2026-07-26 00:43:47] Ep. 88 : Up. 32000 : Sen. 8,105 : Cost 0.47829872 * 105,288 @ 220 after 6,758,250 : Time 41.87s : 2514.34 words/s : gNorm 1.3475
[2026-07-26 00:44:05] Seen 20,000 samples
[2026-07-26 00:44:05] Starting data epoch 89 in logical epoch 89
[2026-07-26 00:44:05] [data] Shuffling data
[2026-07-26 00:44:05] [data] Done reading 20,000 sentences
[2026-07-26 00:44:05] [data] Done shuffling 20,000 sentences to temp files
[2026-07-26 00:44:30] Ep. 89 : Up. 32500 : Sen. 15,405 : Cost 0.47702703 * 105,787 @ 141 after 6,864,037 : Time 43.36s : 2439.79 words/s : gNorm 1.4784
[2026-07-26 00:44:37] Seen 20,000 samples
[2026-07-26 00:44:37] Starting data epoch 90 in logical epoch 90
[2026-07-26 00:44:37] [data] Shuffling data
[2026-07-26 00:44:37] [data] Done reading 20,000 sentences
[2026-07-26 00:44:37] [data] Done shuffling 20,000 sentences to temp files
[2026-07-26 00:45:10] Seen 20,000 samples
[2026-07-26 00:45:10] Starting data epoch 91 in logical epoch 91
[2026-07-26 00:45:10] [data] Shuffling data
[2026-07-26 00:45:10] [data] Done reading 20,000 sentences
[2026-07-26 00:45:10] [data] Done shuffling 20,000 sentences to temp files
[2026-07-26 00:45:15] Ep. 91 : Up. 33000 : Sen. 2,723 : Cost 0.42268142 * 105,642 @ 220 after 6,969,679 : Time 45.18s : 2338.33 words/s : gNorm 1.2508
[2026-07-26 00:45:45] Seen 20,000 samples
[2026-07-26 00:45:45] Starting data epoch 92 in logical epoch 92
[2026-07-26 00:45:45] [data] Shuffling data
[2026-07-26 00:45:45] [data] Done reading 20,000 sentences
[2026-07-26 00:45:45] [data] Done shuffling 20,000 sentences to temp files
[2026-07-26 00:46:02] Ep. 92 : Up. 33500 : Sen. 10,077 : Cost 0.44025889 * 105,430 @ 165 after 7,075,109 : Time 47.04s : 2241.05 words/s : gNorm 1.1995
[2026-07-26 00:46:19] Seen 20,000 samples
[2026-07-26 00:46:19] Starting data epoch 93 in logical epoch 93
[2026-07-26 00:46:19] [data] Shuffling data
[2026-07-26 00:46:19] [data] Done reading 20,000 sentences
[2026-07-26 00:46:19] [data] Done shuffling 20,000 sentences to temp files
[2026-07-26 00:46:49] Ep. 93 : Up. 34000 : Sen. 17,385 : Cost 0.42685753 * 106,201 @ 275 after 7,181,310 : Time 47.11s : 2254.50 words/s : gNorm 1.0961
[2026-07-26 00:46:54] Seen 20,000 samples
[2026-07-26 00:46:54] Starting data epoch 94 in logical epoch 94
[2026-07-26 00:46:54] [data] Shuffling data
[2026-07-26 00:46:54] [data] Done reading 20,000 sentences
[2026-07-26 00:46:54] [data] Done shuffling 20,000 sentences to temp files
[2026-07-26 00:47:28] Seen 20,000 samples
[2026-07-26 00:47:28] Starting data epoch 95 in logical epoch 95
[2026-07-26 00:47:28] [data] Shuffling data
[2026-07-26 00:47:28] [data] Done reading 20,000 sentences
[2026-07-26 00:47:28] [data] Done shuffling 20,000 sentences to temp files
[2026-07-26 00:47:36] Ep. 95 : Up. 34500 : Sen. 4,703 : Cost 0.47141048 * 105,413 @ 165 after 7,286,723 : Time 47.02s : 2242.04 words/s : gNorm 1.0394
[2026-07-26 00:48:03] Seen 20,000 samples
[2026-07-26 00:48:03] Starting data epoch 96 in logical epoch 96
[2026-07-26 00:48:03] [data] Shuffling data
[2026-07-26 00:48:03] [data] Done reading 20,000 sentences
[2026-07-26 00:48:03] [data] Done shuffling 20,000 sentences to temp files
[2026-07-26 00:48:24] Ep. 96 : Up. 35000 : Sen. 12,030 : Cost 0.45892000 * 106,138 @ 220 after 7,392,861 : Time 47.53s : 2233.11 words/s : gNorm 1.1962
[2026-07-26 00:48:24] Saving model weights and runtime parameters to /d/Job_Requirements/PracticalProjectsFromDrYe/AIE-F/assignment-submission/class-22/TheinGiKyaw_Assignment7/model.seq2seq.phmy/model.iter35000.npz
[2026-07-26 00:48:26] Saving model weights and runtime parameters to /d/Job_Requirements/PracticalProjectsFromDrYe/AIE-F/assignment-submission/class-22/TheinGiKyaw_Assignment7/model.seq2seq.phmy/model.npz
[2026-07-26 00:48:28] Saving Adam parameters
[2026-07-26 00:48:29] [training] Saving training checkpoint to /d/Job_Requirements/PracticalProjectsFromDrYe/AIE-F/assignment-submission/class-22/TheinGiKyaw_Assignment7/model.seq2seq.phmy/model.npz and /d/Job_Requirements/PracticalProjectsFromDrYe/AIE-F/assignment-submission/class-22/TheinGiKyaw_Assignment7/model.seq2seq.phmy/model.npz.optimizer.npz
[2026-07-26 00:48:38] [valid] Ep. 96 : Up. 35000 : cross-entropy : 3.25489 : stalled 4 times (last best: 3.18052)
[2026-07-26 00:48:39] [valid] Ep. 96 : Up. 35000 : perplexity : 2.3323 : stalled 4 times (last best: 2.28721)
[2026-07-26 00:48:39] Translating validation set...
[2026-07-26 00:48:39] Best translation 0 : ရပ် မှု ရွာ မှု
[2026-07-26 00:48:39] Best translation 1 : ပြီး ဆေး
[2026-07-26 00:48:39] Best translation 2 : မြင်း စား ခြုံ
[2026-07-26 00:48:39] Best translation 3 : အ မိန့် ပေး
[2026-07-26 00:48:39] Best translation 4 : အ နေ အ ထား
[2026-07-26 00:48:39] Best translation 5 : ကြား ဖူး နား ဆွဲ
[2026-07-26 00:48:39] Best translation 10 : ထ မင်း ဆုပ်
[2026-07-26 00:48:39] Best translation 20 : စစ် ညောင်း
[2026-07-26 00:48:39] Best translation 40 : အုပ် တိုက်
[2026-07-26 00:48:39] Best translation 80 : ဝက် သစ် ချ
[2026-07-26 00:48:39] Best translation 160 : နှစ် ပါး သွား
[2026-07-26 00:48:40] Best translation 320 : အ မြုံ
[2026-07-26 00:48:40] Best translation 640 : အ စွမ်း ပြ
[2026-07-26 00:48:41] Best translation 1280 : စိုက် ခွ
[2026-07-26 00:48:41] Total translation time: 2.04707s
[2026-07-26 00:48:41] [valid] Ep. 96 : Up. 35000 : bleu : 50.0096 : stalled 4 times (last best: 52.3146)
[2026-07-26 00:48:54] Seen 20,000 samples
[2026-07-26 00:48:54] Starting data epoch 97 in logical epoch 97
[2026-07-26 00:48:54] [data] Shuffling data
[2026-07-26 00:48:54] [data] Done reading 20,000 sentences
[2026-07-26 00:48:55] [data] Done shuffling 20,000 sentences to temp files
[2026-07-26 00:49:28] Ep. 97 : Up. 35500 : Sen. 19,340 : Cost 0.47814408 * 105,249 @ 165 after 7,498,110 : Time 63.94s : 1646.10 words/s : gNorm 1.3275
[2026-07-26 00:49:29] Seen 20,000 samples
[2026-07-26 00:49:29] Starting data epoch 98 in logical epoch 98
[2026-07-26 00:49:29] [data] Shuffling data
[2026-07-26 00:49:29] [data] Done reading 20,000 sentences
[2026-07-26 00:49:29] [data] Done shuffling 20,000 sentences to temp files
[2026-07-26 00:50:04] Seen 20,000 samples
[2026-07-26 00:50:04] Starting data epoch 99 in logical epoch 99
[2026-07-26 00:50:04] [data] Shuffling data
[2026-07-26 00:50:04] [data] Done reading 20,000 sentences
[2026-07-26 00:50:04] [data] Done shuffling 20,000 sentences to temp files
[2026-07-26 00:50:16] Ep. 99 : Up. 36000 : Sen. 6,675 : Cost 0.43746650 * 105,691 @ 220 after 7,603,801 : Time 47.90s : 2206.35 words/s : gNorm 1.1101
[2026-07-26 00:50:39] Seen 20,000 samples
[2026-07-26 00:50:39] Starting data epoch 100 in logical epoch 100
[2026-07-26 00:50:39] [data] Shuffling data
[2026-07-26 00:50:39] [data] Done reading 20,000 sentences
[2026-07-26 00:50:39] [data] Done shuffling 20,000 sentences to temp files
[2026-07-26 00:51:03] Ep. 100 : Up. 36500 : Sen. 13,955 : Cost 0.42050725 * 106,267 @ 220 after 7,710,068 : Time 47.62s : 2231.67 words/s : gNorm 1.0859
[2026-07-26 00:51:14] Seen 20,000 samples
[2026-07-26 00:51:14] Starting data epoch 101 in logical epoch 101
[2026-07-26 00:51:14] [data] Shuffling data
[2026-07-26 00:51:14] [data] Done reading 20,000 sentences
[2026-07-26 00:51:14] [data] Done shuffling 20,000 sentences to temp files
[2026-07-26 00:51:49] Seen 20,000 samples
[2026-07-26 00:51:49] Starting data epoch 102 in logical epoch 102
[2026-07-26 00:51:49] [data] Shuffling data
[2026-07-26 00:51:49] [data] Done reading 20,000 sentences
[2026-07-26 00:51:49] [data] Done shuffling 20,000 sentences to temp files
[2026-07-26 00:51:51] Ep. 102 : Up. 37000 : Sen. 1,265 : Cost 0.45327207 * 104,676 @ 165 after 7,814,744 : Time 47.97s : 2181.89 words/s : gNorm 1.1592
[2026-07-26 00:52:25] Seen 20,000 samples
[2026-07-26 00:52:25] Starting data epoch 103 in logical epoch 103
[2026-07-26 00:52:25] [data] Shuffling data
[2026-07-26 00:52:25] [data] Done reading 20,000 sentences
[2026-07-26 00:52:25] [data] Done shuffling 20,000 sentences to temp files
[2026-07-26 00:52:40] Ep. 103 : Up. 37500 : Sen. 8,510 : Cost 0.46825522 * 105,664 @ 165 after 7,920,408 : Time 48.87s : 2162.28 words/s : gNorm 1.2793
[2026-07-26 00:53:01] Seen 20,000 samples
[2026-07-26 00:53:01] Starting data epoch 104 in logical epoch 104
[2026-07-26 00:53:01] [data] Shuffling data
[2026-07-26 00:53:01] [data] Done reading 20,000 sentences
[2026-07-26 00:53:01] [data] Done shuffling 20,000 sentences to temp files
[2026-07-26 00:53:30] Ep. 104 : Up. 38000 : Sen. 15,880 : Cost 0.42419288 * 105,874 @ 275 after 8,026,282 : Time 49.71s : 2129.87 words/s : gNorm 1.1289
[2026-07-26 00:53:38] Seen 20,000 samples
[2026-07-26 00:53:38] Starting data epoch 105 in logical epoch 105
[2026-07-26 00:53:38] [data] Shuffling data
[2026-07-26 00:53:38] [data] Done reading 20,000 sentences
[2026-07-26 00:53:38] [data] Done shuffling 20,000 sentences to temp files
[2026-07-26 00:54:15] Seen 20,000 samples
[2026-07-26 00:54:15] Starting data epoch 106 in logical epoch 106
[2026-07-26 00:54:15] [data] Shuffling data
[2026-07-26 00:54:15] [data] Done reading 20,000 sentences
[2026-07-26 00:54:15] [data] Done shuffling 20,000 sentences to temp files
[2026-07-26 00:54:21] Ep. 106 : Up. 38500 : Sen. 3,053 : Cost 0.45729765 * 105,603 @ 297 after 8,131,885 : Time 51.52s : 2049.87 words/s : gNorm 1.0920
[2026-07-26 00:54:52] Seen 20,000 samples
[2026-07-26 00:54:52] Starting data epoch 107 in logical epoch 107
[2026-07-26 00:54:52] [data] Shuffling data
[2026-07-26 00:54:52] [data] Done reading 20,000 sentences
[2026-07-26 00:54:52] [data] Done shuffling 20,000 sentences to temp files
[2026-07-26 00:55:12] Ep. 107 : Up. 39000 : Sen. 10,360 : Cost 0.46615478 * 104,700 @ 165 after 8,236,585 : Time 50.36s : 2079.06 words/s : gNorm 1.2570
[2026-07-26 00:55:29] Seen 20,000 samples
[2026-07-26 00:55:29] Starting data epoch 108 in logical epoch 108
[2026-07-26 00:55:29] [data] Shuffling data
[2026-07-26 00:55:29] [data] Done reading 20,000 sentences
[2026-07-26 00:55:29] [data] Done shuffling 20,000 sentences to temp files
[2026-07-26 00:56:01] Ep. 108 : Up. 39500 : Sen. 17,687 : Cost 0.42215526 * 105,793 @ 220 after 8,342,378 : Time 49.73s : 2127.30 words/s : gNorm 1.0376
[2026-07-26 00:56:06] Seen 20,000 samples
[2026-07-26 00:56:06] Starting data epoch 109 in logical epoch 109
[2026-07-26 00:56:06] [data] Shuffling data
[2026-07-26 00:56:06] [data] Done reading 20,000 sentences
[2026-07-26 00:56:06] [data] Done shuffling 20,000 sentences to temp files
[2026-07-26 00:56:43] Seen 20,000 samples
[2026-07-26 00:56:43] Starting data epoch 110 in logical epoch 110
[2026-07-26 00:56:43] [data] Shuffling data
[2026-07-26 00:56:43] [data] Done reading 20,000 sentences
[2026-07-26 00:56:43] [data] Done shuffling 20,000 sentences to temp files
[2026-07-26 00:56:52] Ep. 110 : Up. 40000 : Sen. 4,950 : Cost 0.44433263 * 105,800 @ 220 after 8,448,178 : Time 50.42s : 2098.49 words/s : gNorm 1.1445
[2026-07-26 00:56:52] Saving model weights and runtime parameters to /d/Job_Requirements/PracticalProjectsFromDrYe/AIE-F/assignment-submission/class-22/TheinGiKyaw_Assignment7/model.seq2seq.phmy/model.iter40000.npz
[2026-07-26 00:56:54] Saving model weights and runtime parameters to /d/Job_Requirements/PracticalProjectsFromDrYe/AIE-F/assignment-submission/class-22/TheinGiKyaw_Assignment7/model.seq2seq.phmy/model.npz
[2026-07-26 00:56:56] Saving Adam parameters
[2026-07-26 00:56:57] [training] Saving training checkpoint to /d/Job_Requirements/PracticalProjectsFromDrYe/AIE-F/assignment-submission/class-22/TheinGiKyaw_Assignment7/model.seq2seq.phmy/model.npz and /d/Job_Requirements/PracticalProjectsFromDrYe/AIE-F/assignment-submission/class-22/TheinGiKyaw_Assignment7/model.seq2seq.phmy/model.npz.optimizer.npz
[2026-07-26 00:57:06] [valid] Ep. 110 : Up. 40000 : cross-entropy : 3.31568 : stalled 5 times (last best: 3.18052)
[2026-07-26 00:57:07] [valid] Ep. 110 : Up. 40000 : perplexity : 2.36948 : stalled 5 times (last best: 2.28721)
[2026-07-26 00:57:07] Translating validation set...
[2026-07-26 00:57:07] Best translation 0 : ရပ် မှု ကိစ် မှု
[2026-07-26 00:57:07] Best translation 1 : ပြီး ဆေး
[2026-07-26 00:57:07] Best translation 2 : မြင်း စား ခို
[2026-07-26 00:57:07] Best translation 3 : အ မိန့် ပေး
[2026-07-26 00:57:07] Best translation 4 : အ နေ အ ထား
[2026-07-26 00:57:07] Best translation 5 : ကြား ဖူး နား ဆွဲ
[2026-07-26 00:57:07] Best translation 10 : ထ မင်း ဆုပ်
[2026-07-26 00:57:07] Best translation 20 : စစ် ညောင်း
[2026-07-26 00:57:07] Best translation 40 : အုပ် တိုက်
[2026-07-26 00:57:07] Best translation 80 : ဝက် သစ် ချ
[2026-07-26 00:57:07] Best translation 160 : နှစ် ပါး သွား
[2026-07-26 00:57:08] Best translation 320 : အ မြုံ
[2026-07-26 00:57:08] Best translation 640 : အ စွန်း ပြ
[2026-07-26 00:57:09] Best translation 1280 : စိုက် ခွ
[2026-07-26 00:57:09] Total translation time: 2.11795s
[2026-07-26 00:57:09] [valid] Ep. 110 : Up. 40000 : bleu : 49.4858 : stalled 5 times (last best: 52.3146)
[2026-07-26 00:57:36] Seen 20,000 samples
[2026-07-26 00:57:36] Starting data epoch 111 in logical epoch 111
[2026-07-26 00:57:36] [data] Shuffling data
[2026-07-26 00:57:36] [data] Done reading 20,000 sentences
[2026-07-26 00:57:36] [data] Done shuffling 20,000 sentences to temp files
[2026-07-26 00:57:58] Ep. 111 : Up. 40500 : Sen. 12,250 : Cost 0.39647812 * 105,630 @ 165 after 8,553,808 : Time 65.78s : 1605.86 words/s : gNorm 1.1123
[2026-07-26 00:58:11] Seen 20,000 samples
[2026-07-26 00:58:11] Starting data epoch 112 in logical epoch 112
[2026-07-26 00:58:11] [data] Shuffling data
[2026-07-26 00:58:11] [data] Done reading 20,000 sentences
[2026-07-26 00:58:12] [data] Done shuffling 20,000 sentences to temp files
[2026-07-26 00:58:47] Ep. 112 : Up. 41000 : Sen. 19,585 : Cost 0.43181655 * 105,705 @ 264 after 8,659,513 : Time 48.94s : 2159.71 words/s : gNorm 1.2820
[2026-07-26 00:58:47] Seen 20,000 samples
[2026-07-26 00:58:47] Starting data epoch 113 in logical epoch 113
[2026-07-26 00:58:47] [data] Shuffling data
[2026-07-26 00:58:48] [data] Done reading 20,000 sentences
[2026-07-26 00:58:48] [data] Done shuffling 20,000 sentences to temp files
[2026-07-26 00:59:24] Seen 20,000 samples
[2026-07-26 00:59:24] Starting data epoch 114 in logical epoch 114
[2026-07-26 00:59:24] [data] Shuffling data
[2026-07-26 00:59:24] [data] Done reading 20,000 sentences
[2026-07-26 00:59:24] [data] Done shuffling 20,000 sentences to temp files
[2026-07-26 00:59:36] Ep. 114 : Up. 41500 : Sen. 6,840 : Cost 0.47035187 * 105,186 @ 165 after 8,764,699 : Time 49.56s : 2122.46 words/s : gNorm 1.0915
[2026-07-26 01:00:01] Seen 20,000 samples
[2026-07-26 01:00:01] Starting data epoch 115 in logical epoch 115
[2026-07-26 01:00:01] [data] Shuffling data
[2026-07-26 01:00:01] [data] Done reading 20,000 sentences
[2026-07-26 01:00:01] [data] Done shuffling 20,000 sentences to temp files
[2026-07-26 01:00:27] Ep. 115 : Up. 42000 : Sen. 14,175 : Cost 0.41159558 * 105,844 @ 220 after 8,870,543 : Time 50.77s : 2084.73 words/s : gNorm 0.9585
[2026-07-26 01:00:38] Seen 20,000 samples
[2026-07-26 01:00:38] Starting data epoch 116 in logical epoch 116
[2026-07-26 01:00:38] [data] Shuffling data
[2026-07-26 01:00:38] [data] Done reading 20,000 sentences
[2026-07-26 01:00:38] [data] Done shuffling 20,000 sentences to temp files
[2026-07-26 01:01:14] Seen 20,000 samples
[2026-07-26 01:01:14] Starting data epoch 117 in logical epoch 117
[2026-07-26 01:01:14] [data] Shuffling data
[2026-07-26 01:01:15] [data] Done reading 20,000 sentences
[2026-07-26 01:01:15] [data] Done shuffling 20,000 sentences to temp files
[2026-07-26 01:01:17] Ep. 117 : Up. 42500 : Sen. 1,458 : Cost 0.46981344 * 105,261 @ 165 after 8,975,804 : Time 50.47s : 2085.54 words/s : gNorm 1.0856
[2026-07-26 01:01:52] Seen 20,000 samples
[2026-07-26 01:01:52] Starting data epoch 118 in logical epoch 118
[2026-07-26 01:01:52] [data] Shuffling data
[2026-07-26 01:01:52] [data] Done reading 20,000 sentences
[2026-07-26 01:01:52] [data] Done shuffling 20,000 sentences to temp files
[2026-07-26 01:02:09] Ep. 118 : Up. 43000 : Sen. 8,793 : Cost 0.44351760 * 106,108 @ 165 after 9,081,912 : Time 51.17s : 2073.72 words/s : gNorm 1.1279
[2026-07-26 01:02:29] Seen 20,000 samples
[2026-07-26 01:02:29] Starting data epoch 119 in logical epoch 119
[2026-07-26 01:02:29] [data] Shuffling data
[2026-07-26 01:02:29] [data] Done reading 20,000 sentences
[2026-07-26 01:02:29] [data] Done shuffling 20,000 sentences to temp files
[2026-07-26 01:02:59] Ep. 119 : Up. 43500 : Sen. 16,100 : Cost 0.42106098 * 105,047 @ 330 after 9,186,959 : Time 50.79s : 2068.42 words/s : gNorm 1.2864
[2026-07-26 01:03:07] Seen 20,000 samples
[2026-07-26 01:03:07] Starting data epoch 120 in logical epoch 120
[2026-07-26 01:03:07] [data] Shuffling data
[2026-07-26 01:03:07] [data] Done reading 20,000 sentences
[2026-07-26 01:03:07] [data] Done shuffling 20,000 sentences to temp files
[2026-07-26 01:03:44] Seen 20,000 samples
[2026-07-26 01:03:44] Starting data epoch 121 in logical epoch 121
[2026-07-26 01:03:44] [data] Shuffling data
[2026-07-26 01:03:44] [data] Done reading 20,000 sentences
[2026-07-26 01:03:44] [data] Done shuffling 20,000 sentences to temp files
[2026-07-26 01:03:51] Ep. 121 : Up. 44000 : Sen. 3,402 : Cost 0.38849506 * 106,083 @ 165 after 9,293,042 : Time 51.42s : 2063.24 words/s : gNorm 1.0512
[2026-07-26 01:04:23] Seen 20,000 samples
[2026-07-26 01:04:23] Starting data epoch 122 in logical epoch 122
[2026-07-26 01:04:23] [data] Shuffling data
[2026-07-26 01:04:23] [data] Done reading 20,000 sentences
[2026-07-26 01:04:23] [data] Done shuffling 20,000 sentences to temp files
[2026-07-26 01:04:43] Ep. 122 : Up. 44500 : Sen. 10,710 : Cost 0.43589175 * 105,049 @ 165 after 9,398,091 : Time 52.35s : 2006.83 words/s : gNorm 1.1262
[2026-07-26 01:05:00] Seen 20,000 samples
[2026-07-26 01:05:00] Starting data epoch 123 in logical epoch 123
[2026-07-26 01:05:00] [data] Shuffling data
[2026-07-26 01:05:00] [data] Done reading 20,000 sentences
[2026-07-26 01:05:00] [data] Done shuffling 20,000 sentences to temp files
[2026-07-26 01:05:34] Ep. 123 : Up. 45000 : Sen. 17,990 : Cost 0.45352787 * 106,074 @ 220 after 9,504,165 : Time 51.35s : 2065.77 words/s : gNorm 1.0713
[2026-07-26 01:05:34] Saving model weights and runtime parameters to /d/Job_Requirements/PracticalProjectsFromDrYe/AIE-F/assignment-submission/class-22/TheinGiKyaw_Assignment7/model.seq2seq.phmy/model.iter45000.npz
[2026-07-26 01:05:37] Saving model weights and runtime parameters to /d/Job_Requirements/PracticalProjectsFromDrYe/AIE-F/assignment-submission/class-22/TheinGiKyaw_Assignment7/model.seq2seq.phmy/model.npz
[2026-07-26 01:05:39] Saving Adam parameters
[2026-07-26 01:05:40] [training] Saving training checkpoint to /d/Job_Requirements/PracticalProjectsFromDrYe/AIE-F/assignment-submission/class-22/TheinGiKyaw_Assignment7/model.seq2seq.phmy/model.npz and /d/Job_Requirements/PracticalProjectsFromDrYe/AIE-F/assignment-submission/class-22/TheinGiKyaw_Assignment7/model.seq2seq.phmy/model.npz.optimizer.npz
[2026-07-26 01:05:48] [valid] Ep. 123 : Up. 45000 : cross-entropy : 3.37272 : stalled 6 times (last best: 3.18052)
[2026-07-26 01:05:50] [valid] Ep. 123 : Up. 45000 : perplexity : 2.40491 : stalled 6 times (last best: 2.28721)
[2026-07-26 01:05:50] Translating validation set...
[2026-07-26 01:05:50] Best translation 0 : ရပ် မှု လက် မှု
[2026-07-26 01:05:50] Best translation 1 : ပြီး ဆေး
[2026-07-26 01:05:50] Best translation 2 : မြင်း စား ခို
[2026-07-26 01:05:50] Best translation 3 : အ မိန့် ပေး
[2026-07-26 01:05:50] Best translation 4 : အ နေ အ ထား
[2026-07-26 01:05:50] Best translation 5 : ကြား ဖူး နား ဆွဲ
[2026-07-26 01:05:50] Best translation 10 : ထ မင်း ဆုပ်
[2026-07-26 01:05:50] Best translation 20 : စစ် ညောင်း
[2026-07-26 01:05:50] Best translation 40 : အုပ် တိုက်
[2026-07-26 01:05:50] Best translation 80 : ဝက် သစ် ချ
[2026-07-26 01:05:50] Best translation 160 : နှစ် ပါး သွား
[2026-07-26 01:05:50] Best translation 320 : အ မြုံ
[2026-07-26 01:05:50] Best translation 640 : အ စွမ်း ပြ
[2026-07-26 01:05:51] Best translation 1280 : စိုက် ခွ
[2026-07-26 01:05:52] Total translation time: 2.14911s
[2026-07-26 01:05:52] [valid] Ep. 123 : Up. 45000 : bleu : 49.4342 : stalled 6 times (last best: 52.3146)
[2026-07-26 01:05:56] Seen 20,000 samples
[2026-07-26 01:05:56] Starting data epoch 124 in logical epoch 124
[2026-07-26 01:05:56] [data] Shuffling data
[2026-07-26 01:05:56] [data] Done reading 20,000 sentences
[2026-07-26 01:05:56] [data] Done shuffling 20,000 sentences to temp files
[2026-07-26 01:06:31] Seen 20,000 samples
[2026-07-26 01:06:31] Starting data epoch 125 in logical epoch 125
[2026-07-26 01:06:31] [data] Shuffling data
[2026-07-26 01:06:31] [data] Done reading 20,000 sentences
[2026-07-26 01:06:31] [data] Done shuffling 20,000 sentences to temp files
[2026-07-26 01:06:40] Ep. 125 : Up. 45500 : Sen. 5,300 : Cost 0.40626043 * 105,270 @ 275 after 9,609,435 : Time 65.64s : 1603.87 words/s : gNorm 1.1298
[2026-07-26 01:07:06] Seen 20,000 samples
[2026-07-26 01:07:06] Starting data epoch 126 in logical epoch 126
[2026-07-26 01:07:06] [data] Shuffling data
[2026-07-26 01:07:06] [data] Done reading 20,000 sentences
[2026-07-26 01:07:06] [data] Done shuffling 20,000 sentences to temp files
[2026-07-26 01:07:30] Ep. 126 : Up. 46000 : Sen. 12,635 : Cost 0.42686513 * 105,757 @ 275 after 9,715,192 : Time 49.82s : 2122.95 words/s : gNorm 0.9373
[2026-07-26 01:07:43] Seen 20,000 samples
[2026-07-26 01:07:43] Starting data epoch 127 in logical epoch 127
[2026-07-26 01:07:43] [data] Shuffling data
[2026-07-26 01:07:43] [data] Done reading 20,000 sentences
[2026-07-26 01:07:43] [data] Done shuffling 20,000 sentences to temp files
[2026-07-26 01:08:21] Ep. 127 : Up. 46500 : Sen. 19,890 : Cost 0.45825750 * 105,423 @ 165 after 9,820,615 : Time 50.61s : 2082.93 words/s : gNorm 1.1293
[2026-07-26 01:08:21] Seen 20,000 samples
[2026-07-26 01:08:21] Starting data epoch 128 in logical epoch 128
[2026-07-26 01:08:21] [data] Shuffling data
[2026-07-26 01:08:21] [data] Done reading 20,000 sentences
[2026-07-26 01:08:21] [data] Done shuffling 20,000 sentences to temp files
[2026-07-26 01:08:58] Seen 20,000 samples
[2026-07-26 01:08:58] Starting data epoch 129 in logical epoch 129
[2026-07-26 01:08:58] [data] Shuffling data
[2026-07-26 01:08:58] [data] Done reading 20,000 sentences
[2026-07-26 01:08:58] [data] Done shuffling 20,000 sentences to temp files
[2026-07-26 01:09:11] Ep. 129 : Up. 47000 : Sen. 7,198 : Cost 0.46922594 * 105,660 @ 233 after 9,926,275 : Time 50.85s : 2077.90 words/s : gNorm 1.0423
[2026-07-26 01:09:35] Seen 20,000 samples
[2026-07-26 01:09:35] Starting data epoch 130 in logical epoch 130
[2026-07-26 01:09:35] [data] Shuffling data
[2026-07-26 01:09:35] [data] Done reading 20,000 sentences
[2026-07-26 01:09:35] [data] Done shuffling 20,000 sentences to temp files
[2026-07-26 01:10:02] Ep. 130 : Up. 47500 : Sen. 14,560 : Cost 0.40654832 * 105,315 @ 220 after 10,031,590 : Time 50.67s : 2078.39 words/s : gNorm 0.9211
[2026-07-26 01:10:12] Seen 20,000 samples
[2026-07-26 01:10:12] Starting data epoch 131 in logical epoch 131
[2026-07-26 01:10:12] [data] Shuffling data
[2026-07-26 01:10:12] [data] Done reading 20,000 sentences
[2026-07-26 01:10:12] [data] Done shuffling 20,000 sentences to temp files
[2026-07-26 01:10:49] Seen 20,000 samples
[2026-07-26 01:10:49] Starting data epoch 132 in logical epoch 132
[2026-07-26 01:10:49] [data] Shuffling data
[2026-07-26 01:10:49] [data] Done reading 20,000 sentences
[2026-07-26 01:10:49] [data] Done shuffling 20,000 sentences to temp files
[2026-07-26 01:10:53] Ep. 132 : Up. 48000 : Sen. 1,870 : Cost 0.44331536 * 106,380 @ 165 after 10,137,970 : Time 50.91s : 2089.67 words/s : gNorm 0.9833
[2026-07-26 01:11:27] Seen 20,000 samples
[2026-07-26 01:11:27] Starting data epoch 133 in logical epoch 133
[2026-07-26 01:11:27] [data] Shuffling data
[2026-07-26 01:11:27] [data] Done reading 20,000 sentences
[2026-07-26 01:11:27] [data] Done shuffling 20,000 sentences to temp files
[2026-07-26 01:11:44] Ep. 133 : Up. 48500 : Sen. 9,205 : Cost 0.43684754 * 105,723 @ 275 after 10,243,693 : Time 51.11s : 2068.36 words/s : gNorm 0.9768
[2026-07-26 01:12:04] Seen 20,000 samples
[2026-07-26 01:12:04] Starting data epoch 134 in logical epoch 134
[2026-07-26 01:12:04] [data] Shuffling data
[2026-07-26 01:12:04] [data] Done reading 20,000 sentences
[2026-07-26 01:12:04] [data] Done shuffling 20,000 sentences to temp files
[2026-07-26 01:12:35] Ep. 134 : Up. 49000 : Sen. 16,505 : Cost 0.44153434 * 104,899 @ 220 after 10,348,592 : Time 50.60s : 2073.16 words/s : gNorm 1.0508
[2026-07-26 01:12:41] Seen 20,000 samples
[2026-07-26 01:12:41] Starting data epoch 135 in logical epoch 135
[2026-07-26 01:12:41] [data] Shuffling data
[2026-07-26 01:12:41] [data] Done reading 20,000 sentences
[2026-07-26 01:12:41] [data] Done shuffling 20,000 sentences to temp files
[2026-07-26 01:13:18] Seen 20,000 samples
[2026-07-26 01:13:18] Starting data epoch 136 in logical epoch 136
[2026-07-26 01:13:18] [data] Shuffling data
[2026-07-26 01:13:18] [data] Done reading 20,000 sentences
[2026-07-26 01:13:18] [data] Done shuffling 20,000 sentences to temp files
[2026-07-26 01:13:25] Ep. 136 : Up. 49500 : Sen. 3,705 : Cost 0.41059765 * 105,339 @ 165 after 10,453,931 : Time 50.43s : 2088.95 words/s : gNorm 1.1188
[2026-07-26 01:13:56] Seen 20,000 samples
[2026-07-26 01:13:56] Starting data epoch 137 in logical epoch 137
[2026-07-26 01:13:56] [data] Shuffling data
[2026-07-26 01:13:56] [data] Done reading 20,000 sentences
[2026-07-26 01:13:56] [data] Done shuffling 20,000 sentences to temp files
[2026-07-26 01:14:17] Ep. 137 : Up. 50000 : Sen. 11,048 : Cost 0.40858972 * 106,212 @ 220 after 10,560,143 : Time 51.78s : 2051.07 words/s : gNorm 0.9385
[2026-07-26 01:14:17] Saving model weights and runtime parameters to /d/Job_Requirements/PracticalProjectsFromDrYe/AIE-F/assignment-submission/class-22/TheinGiKyaw_Assignment7/model.seq2seq.phmy/model.iter50000.npz
[2026-07-26 01:14:19] Saving model weights and runtime parameters to /d/Job_Requirements/PracticalProjectsFromDrYe/AIE-F/assignment-submission/class-22/TheinGiKyaw_Assignment7/model.seq2seq.phmy/model.npz
[2026-07-26 01:14:21] Saving Adam parameters
[2026-07-26 01:14:22] [training] Saving training checkpoint to /d/Job_Requirements/PracticalProjectsFromDrYe/AIE-F/assignment-submission/class-22/TheinGiKyaw_Assignment7/model.seq2seq.phmy/model.npz and /d/Job_Requirements/PracticalProjectsFromDrYe/AIE-F/assignment-submission/class-22/TheinGiKyaw_Assignment7/model.seq2seq.phmy/model.npz.optimizer.npz
[2026-07-26 01:14:31] [valid] Ep. 137 : Up. 50000 : cross-entropy : 3.39545 : stalled 7 times (last best: 3.18052)
[2026-07-26 01:14:32] [valid] Ep. 137 : Up. 50000 : perplexity : 2.41917 : stalled 7 times (last best: 2.28721)
[2026-07-26 01:14:32] Translating validation set...
[2026-07-26 01:14:32] Best translation 0 : ရပ် မှု လက် မှု
[2026-07-26 01:14:33] Best translation 1 : ပြီး ဆေး
[2026-07-26 01:14:33] Best translation 2 : မြင်း စား ခို
[2026-07-26 01:14:33] Best translation 3 : အ သား ပေး
[2026-07-26 01:14:33] Best translation 4 : အ နေ အ ထား
[2026-07-26 01:14:33] Best translation 5 : ကြား ဖူး နား ဆွဲ
[2026-07-26 01:14:33] Best translation 10 : ထ မင်း ဆုပ်
[2026-07-26 01:14:33] Best translation 20 : စစ် ညောင်း
[2026-07-26 01:14:33] Best translation 40 : အုပ် တိုက်
[2026-07-26 01:14:33] Best translation 80 : ဝက် သစ် ချ
[2026-07-26 01:14:33] Best translation 160 : နှစ် ပါး သွား
[2026-07-26 01:14:33] Best translation 320 : အ မြုံ
[2026-07-26 01:14:33] Best translation 640 : အ စွမ်း ပြ
[2026-07-26 01:14:34] Best translation 1280 : စိုက် ခွ
[2026-07-26 01:14:34] Total translation time: 2.14245s
[2026-07-26 01:14:35] [valid] Ep. 137 : Up. 50000 : bleu : 49.7305 : stalled 7 times (last best: 52.3146)
[2026-07-26 01:14:50] Seen 20,000 samples
[2026-07-26 01:14:50] Starting data epoch 138 in logical epoch 138
[2026-07-26 01:14:50] [data] Shuffling data
[2026-07-26 01:14:50] [data] Done reading 20,000 sentences
[2026-07-26 01:14:50] [data] Done shuffling 20,000 sentences to temp files
[2026-07-26 01:15:22] Ep. 138 : Up. 50500 : Sen. 18,375 : Cost 0.38770041 * 105,422 @ 330 after 10,665,565 : Time 65.24s : 1616.01 words/s : gNorm 1.2655
[2026-07-26 01:15:25] Seen 20,000 samples
[2026-07-26 01:15:25] Starting data epoch 139 in logical epoch 139
[2026-07-26 01:15:25] [data] Shuffling data
[2026-07-26 01:15:25] [data] Done reading 20,000 sentences
[2026-07-26 01:15:25] [data] Done shuffling 20,000 sentences to temp files
[2026-07-26 01:16:01] Seen 20,000 samples
[2026-07-26 01:16:01] Starting data epoch 140 in logical epoch 140
[2026-07-26 01:16:01] [data] Shuffling data
[2026-07-26 01:16:01] [data] Done reading 20,000 sentences
[2026-07-26 01:16:01] [data] Done shuffling 20,000 sentences to temp files
[2026-07-26 01:16:12] Ep. 140 : Up. 51000 : Sen. 5,630 : Cost 0.43417767 * 105,378 @ 165 after 10,770,943 : Time 49.66s : 2122.02 words/s : gNorm 1.1449
[2026-07-26 01:16:38] Seen 20,000 samples
[2026-07-26 01:16:38] Starting data epoch 141 in logical epoch 141
[2026-07-26 01:16:38] [data] Shuffling data
[2026-07-26 01:16:38] [data] Done reading 20,000 sentences
[2026-07-26 01:16:38] [data] Done shuffling 20,000 sentences to temp files
[2026-07-26 01:17:02] Ep. 141 : Up. 51500 : Sen. 12,965 : Cost 0.39205632 * 105,853 @ 220 after 10,876,796 : Time 50.07s : 2113.96 words/s : gNorm 0.8503
[2026-07-26 01:17:15] Seen 20,000 samples
[2026-07-26 01:17:15] Starting data epoch 142 in logical epoch 142
[2026-07-26 01:17:15] [data] Shuffling data
[2026-07-26 01:17:15] [data] Done reading 20,000 sentences
[2026-07-26 01:17:15] [data] Done shuffling 20,000 sentences to temp files
[2026-07-26 01:17:52] Seen 20,000 samples
[2026-07-26 01:17:52] Starting data epoch 143 in logical epoch 143
[2026-07-26 01:17:52] [data] Shuffling data
[2026-07-26 01:17:52] [data] Done reading 20,000 sentences
[2026-07-26 01:17:52] [data] Done shuffling 20,000 sentences to temp files
[2026-07-26 01:17:52] Ep. 143 : Up. 52000 : Sen. 275 : Cost 0.44161740 * 105,503 @ 275 after 10,982,299 : Time 50.40s : 2093.11 words/s : gNorm 1.1458
[2026-07-26 01:18:29] Seen 20,000 samples
[2026-07-26 01:18:29] Starting data epoch 144 in logical epoch 144
[2026-07-26 01:18:29] [data] Shuffling data
[2026-07-26 01:18:29] [data] Done reading 20,000 sentences
[2026-07-26 01:18:29] [data] Done shuffling 20,000 sentences to temp files
[2026-07-26 01:18:43] Ep. 144 : Up. 52500 : Sen. 7,555 : Cost 0.40950435 * 105,251 @ 220 after 11,087,550 : Time 50.63s : 2078.81 words/s : gNorm 0.8997
[2026-07-26 01:19:06] Seen 20,000 samples
[2026-07-26 01:19:06] Starting data epoch 145 in logical epoch 145
[2026-07-26 01:19:06] [data] Shuffling data
[2026-07-26 01:19:06] [data] Done reading 20,000 sentences
[2026-07-26 01:19:06] [data] Done shuffling 20,000 sentences to temp files
[2026-07-26 01:19:34] Ep. 145 : Up. 53000 : Sen. 14,800 : Cost 0.42751035 * 105,643 @ 165 after 11,193,193 : Time 50.76s : 2081.03 words/s : gNorm 1.1995
[2026-07-26 01:19:43] Seen 20,000 samples
[2026-07-26 01:19:43] Starting data epoch 146 in logical epoch 146
[2026-07-26 01:19:43] [data] Shuffling data
[2026-07-26 01:19:43] [data] Done reading 20,000 sentences
[2026-07-26 01:19:43] [data] Done shuffling 20,000 sentences to temp files
[2026-07-26 01:20:20] Seen 20,000 samples
[2026-07-26 01:20:20] Starting data epoch 147 in logical epoch 147
[2026-07-26 01:20:20] [data] Shuffling data
[2026-07-26 01:20:20] [data] Done reading 20,000 sentences
[2026-07-26 01:20:20] [data] Done shuffling 20,000 sentences to temp files
[2026-07-26 01:20:25] Ep. 147 : Up. 53500 : Sen. 2,055 : Cost 0.42471215 * 105,667 @ 297 after 11,298,860 : Time 51.00s : 2072.08 words/s : gNorm 0.8457
[2026-07-26 01:20:58] Seen 20,000 samples
[2026-07-26 01:20:58] Starting data epoch 148 in logical epoch 148
[2026-07-26 01:20:58] [data] Shuffling data
[2026-07-26 01:20:58] [data] Done reading 20,000 sentences
[2026-07-26 01:20:58] [data] Done shuffling 20,000 sentences to temp files
[2026-07-26 01:21:15] Ep. 148 : Up. 54000 : Sen. 9,417 : Cost 0.44273308 * 105,237 @ 330 after 11,404,097 : Time 50.77s : 2072.70 words/s : gNorm 0.9684
[2026-07-26 01:21:36] Seen 20,000 samples
[2026-07-26 01:21:36] Starting data epoch 149 in logical epoch 149
[2026-07-26 01:21:36] [data] Shuffling data
[2026-07-26 01:21:36] [data] Done reading 20,000 sentences
[2026-07-26 01:21:36] [data] Done shuffling 20,000 sentences to temp files
[2026-07-26 01:22:07] Ep. 149 : Up. 54500 : Sen. 16,705 : Cost 0.38001829 * 105,946 @ 165 after 11,510,043 : Time 52.01s : 2037.19 words/s : gNorm 0.8444
[2026-07-26 01:22:14] Seen 20,000 samples
[2026-07-26 01:22:14] Starting data epoch 150 in logical epoch 150
[2026-07-26 01:22:14] [data] Shuffling data
[2026-07-26 01:22:14] [data] Done reading 20,000 sentences
[2026-07-26 01:22:14] [data] Done shuffling 20,000 sentences to temp files
[2026-07-26 01:22:51] Seen 20,000 samples
[2026-07-26 01:22:52] Starting data epoch 151 in logical epoch 151
[2026-07-26 01:22:52] [data] Shuffling data
[2026-07-26 01:22:52] [data] Done reading 20,000 sentences
[2026-07-26 01:22:52] [data] Done shuffling 20,000 sentences to temp files
[2026-07-26 01:22:59] Ep. 151 : Up. 55000 : Sen. 3,952 : Cost 0.41362759 * 105,313 @ 165 after 11,615,356 : Time 51.67s : 2038.03 words/s : gNorm 0.9938
[2026-07-26 01:22:59] Saving model weights and runtime parameters to /d/Job_Requirements/PracticalProjectsFromDrYe/AIE-F/assignment-submission/class-22/TheinGiKyaw_Assignment7/model.seq2seq.phmy/model.iter55000.npz
[2026-07-26 01:23:01] Saving model weights and runtime parameters to /d/Job_Requirements/PracticalProjectsFromDrYe/AIE-F/assignment-submission/class-22/TheinGiKyaw_Assignment7/model.seq2seq.phmy/model.npz
[2026-07-26 01:23:04] Saving Adam parameters
[2026-07-26 01:23:05] [training] Saving training checkpoint to /d/Job_Requirements/PracticalProjectsFromDrYe/AIE-F/assignment-submission/class-22/TheinGiKyaw_Assignment7/model.seq2seq.phmy/model.npz and /d/Job_Requirements/PracticalProjectsFromDrYe/AIE-F/assignment-submission/class-22/TheinGiKyaw_Assignment7/model.seq2seq.phmy/model.npz.optimizer.npz
[2026-07-26 01:23:14] [valid] Ep. 151 : Up. 55000 : cross-entropy : 3.4272 : stalled 8 times (last best: 3.18052)
[2026-07-26 01:23:15] [valid] Ep. 151 : Up. 55000 : perplexity : 2.43924 : stalled 8 times (last best: 2.28721)
[2026-07-26 01:23:15] Translating validation set...
[2026-07-26 01:23:15] Best translation 0 : ရပ် မှု လက် မှု
[2026-07-26 01:23:16] Best translation 1 : ပြီး ဆေး
[2026-07-26 01:23:16] Best translation 2 : မြင်း စား ခို
[2026-07-26 01:23:16] Best translation 3 : အ မိန့် ပေး
[2026-07-26 01:23:16] Best translation 4 : အ နေ အ ထား
[2026-07-26 01:23:16] Best translation 5 : ကျား လိုက် တုတ် မိ
[2026-07-26 01:23:16] Best translation 10 : ထ မင်း ဆုပ်
[2026-07-26 01:23:16] Best translation 20 : စစ် ညောင်း
[2026-07-26 01:23:16] Best translation 40 : အုပ် တိုက်
[2026-07-26 01:23:16] Best translation 80 : ဝက် သစ် ချ
[2026-07-26 01:23:16] Best translation 160 : နှစ် ပါး သွား
[2026-07-26 01:23:16] Best translation 320 : အ မြုံ
[2026-07-26 01:23:16] Best translation 640 : အ စွမ်း ပြ
[2026-07-26 01:23:17] Best translation 1280 : စိုက် ခွ
[2026-07-26 01:23:17] Total translation time: 2.14242s
[2026-07-26 01:23:17] [valid] Ep. 151 : Up. 55000 : bleu : 50.1012 : stalled 8 times (last best: 52.3146)
[2026-07-26 01:23:45] Seen 20,000 samples
[2026-07-26 01:23:45] Starting data epoch 152 in logical epoch 152
[2026-07-26 01:23:45] [data] Shuffling data
[2026-07-26 01:23:45] [data] Done reading 20,000 sentences
[2026-07-26 01:23:45] [data] Done shuffling 20,000 sentences to temp files
[2026-07-26 01:24:05] Ep. 152 : Up. 55500 : Sen. 11,260 : Cost 0.41827253 * 105,590 @ 165 after 11,720,946 : Time 65.64s : 1608.55 words/s : gNorm 0.9984
[2026-07-26 01:24:20] Seen 20,000 samples
[2026-07-26 01:24:20] Starting data epoch 153 in logical epoch 153
[2026-07-26 01:24:20] [data] Shuffling data
[2026-07-26 01:24:20] [data] Done reading 20,000 sentences
[2026-07-26 01:24:20] [data] Done shuffling 20,000 sentences to temp files
[2026-07-26 01:24:55] Ep. 153 : Up. 56000 : Sen. 18,595 : Cost 0.44010800 * 105,476 @ 165 after 11,826,422 : Time 50.09s : 2105.72 words/s : gNorm 0.9602
[2026-07-26 01:24:58] Seen 20,000 samples
[2026-07-26 01:24:58] Starting data epoch 154 in logical epoch 154
[2026-07-26 01:24:58] [data] Shuffling data
[2026-07-26 01:24:58] [data] Done reading 20,000 sentences
[2026-07-26 01:24:58] [data] Done shuffling 20,000 sentences to temp files
[2026-07-26 01:25:35] Seen 20,000 samples
[2026-07-26 01:25:35] Starting data epoch 155 in logical epoch 155
[2026-07-26 01:25:35] [data] Shuffling data
[2026-07-26 01:25:35] [data] Done reading 20,000 sentences
[2026-07-26 01:25:35] [data] Done shuffling 20,000 sentences to temp files
[2026-07-26 01:25:46] Ep. 155 : Up. 56500 : Sen. 5,850 : Cost 0.38977858 * 105,960 @ 330 after 11,932,382 : Time 51.30s : 2065.49 words/s : gNorm 0.9717
[2026-07-26 01:26:40] Seen 20,000 samples
[2026-07-26 01:26:40] Starting data epoch 156 in logical epoch 156
[2026-07-26 01:26:40] [data] Shuffling data
[2026-07-26 01:26:40] [data] Done reading 20,000 sentences
[2026-07-26 01:26:40] [data] Done shuffling 20,000 sentences to temp files
[2026-07-26 01:27:26] Ep. 156 : Up. 57000 : Sen. 13,185 : Cost 0.37372285 * 105,364 @ 165 after 12,037,746 : Time 89.35s : 1179.22 words/s : gNorm 0.8355
[2026-07-26 01:27:40] Seen 20,000 samples
[2026-07-26 01:27:40] Starting data epoch 157 in logical epoch 157
[2026-07-26 01:27:40] [data] Shuffling data
[2026-07-26 01:27:40] [data] Done reading 20,000 sentences
[2026-07-26 01:27:40] [data] Done shuffling 20,000 sentences to temp files
[2026-07-26 01:28:19] Seen 20,000 samples
[2026-07-26 01:28:19] Starting data epoch 158 in logical epoch 158
[2026-07-26 01:28:19] [data] Shuffling data
[2026-07-26 01:28:19] [data] Done reading 20,000 sentences
[2026-07-26 01:28:19] [data] Done shuffling 20,000 sentences to temp files
[2026-07-26 01:28:21] Ep. 158 : Up. 57500 : Sen. 495 : Cost 0.41681531 * 105,642 @ 165 after 12,143,388 : Time 54.32s : 1944.76 words/s : gNorm 0.9389
[2026-07-26 01:28:59] Seen 20,000 samples
[2026-07-26 01:28:59] Starting data epoch 159 in logical epoch 159
[2026-07-26 01:28:59] [data] Shuffling data
[2026-07-26 01:28:59] [data] Done reading 20,000 sentences
[2026-07-26 01:28:59] [data] Done shuffling 20,000 sentences to temp files
[2026-07-26 01:29:15] Ep. 159 : Up. 58000 : Sen. 7,822 : Cost 0.38626546 * 105,745 @ 275 after 12,249,133 : Time 54.02s : 1957.58 words/s : gNorm 0.8953
[2026-07-26 01:29:38] Seen 20,000 samples
[2026-07-26 01:29:38] Starting data epoch 160 in logical epoch 160
[2026-07-26 01:29:38] [data] Shuffling data
[2026-07-26 01:29:38] [data] Done reading 20,000 sentences
[2026-07-26 01:29:38] [data] Done shuffling 20,000 sentences to temp files
[2026-07-26 01:30:07] Ep. 160 : Up. 58500 : Sen. 15,165 : Cost 0.40538827 * 105,633 @ 165 after 12,354,766 : Time 52.88s : 1997.50 words/s : gNorm 0.9442
[2026-07-26 01:30:17] Seen 20,000 samples
[2026-07-26 01:30:17] Starting data epoch 161 in logical epoch 161
[2026-07-26 01:30:17] [data] Shuffling data
[2026-07-26 01:30:17] [data] Done reading 20,000 sentences
[2026-07-26 01:30:17] [data] Done shuffling 20,000 sentences to temp files
[2026-07-26 01:30:56] Seen 20,000 samples
[2026-07-26 01:30:56] Starting data epoch 162 in logical epoch 162
[2026-07-26 01:30:56] [data] Shuffling data
[2026-07-26 01:30:56] [data] Done reading 20,000 sentences
[2026-07-26 01:30:56] [data] Done shuffling 20,000 sentences to temp files
[2026-07-26 01:31:00] Ep. 162 : Up. 59000 : Sen. 2,475 : Cost 0.45981568 * 105,203 @ 165 after 12,459,969 : Time 53.04s : 1983.43 words/s : gNorm 0.9272
[2026-07-26 01:31:34] Seen 20,000 samples
[2026-07-26 01:31:34] Starting data epoch 163 in logical epoch 163
[2026-07-26 01:31:34] [data] Shuffling data
[2026-07-26 01:31:34] [data] Done reading 20,000 sentences
[2026-07-26 01:31:34] [data] Done shuffling 20,000 sentences to temp files
[2026-07-26 01:31:54] Ep. 163 : Up. 59500 : Sen. 9,783 : Cost 0.37041670 * 106,153 @ 165 after 12,566,122 : Time 53.29s : 1991.87 words/s : gNorm 0.9291
[2026-07-26 01:32:14] Seen 20,000 samples
[2026-07-26 01:32:14] Starting data epoch 164 in logical epoch 164
[2026-07-26 01:32:14] [data] Shuffling data
[2026-07-26 01:32:14] [data] Done reading 20,000 sentences
[2026-07-26 01:32:14] [data] Done shuffling 20,000 sentences to temp files
[2026-07-26 01:32:46] Ep. 164 : Up. 60000 : Sen. 17,110 : Cost 0.41200349 * 105,373 @ 220 after 12,671,495 : Time 52.39s : 2011.29 words/s : gNorm 0.8927
[2026-07-26 01:32:46] Saving model weights and runtime parameters to /d/Job_Requirements/PracticalProjectsFromDrYe/AIE-F/assignment-submission/class-22/TheinGiKyaw_Assignment7/model.seq2seq.phmy/model.iter60000.npz
[2026-07-26 01:32:48] Saving model weights and runtime parameters to /d/Job_Requirements/PracticalProjectsFromDrYe/AIE-F/assignment-submission/class-22/TheinGiKyaw_Assignment7/model.seq2seq.phmy/model.npz
[2026-07-26 01:32:50] Saving Adam parameters
[2026-07-26 01:32:51] [training] Saving training checkpoint to /d/Job_Requirements/PracticalProjectsFromDrYe/AIE-F/assignment-submission/class-22/TheinGiKyaw_Assignment7/model.seq2seq.phmy/model.npz and /d/Job_Requirements/PracticalProjectsFromDrYe/AIE-F/assignment-submission/class-22/TheinGiKyaw_Assignment7/model.seq2seq.phmy/model.npz.optimizer.npz
[2026-07-26 01:33:00] [valid] Ep. 164 : Up. 60000 : cross-entropy : 3.45689 : stalled 9 times (last best: 3.18052)
[2026-07-26 01:33:01] [valid] Ep. 164 : Up. 60000 : perplexity : 2.45816 : stalled 9 times (last best: 2.28721)
[2026-07-26 01:33:01] Translating validation set...
[2026-07-26 01:33:02] Best translation 0 : ရပ် မှု ရွာ မှု
[2026-07-26 01:33:02] Best translation 1 : ပြီး ဆေး
[2026-07-26 01:33:02] Best translation 2 : မြင်း စား ခို
[2026-07-26 01:33:02] Best translation 3 : အ မိန့် ပေး
[2026-07-26 01:33:02] Best translation 4 : အ နေ အ ထား
[2026-07-26 01:33:02] Best translation 5 : ကျား လိုက် တုတ် မိ
[2026-07-26 01:33:02] Best translation 10 : ထ မင်း ဆုပ်
[2026-07-26 01:33:02] Best translation 20 : စစ် ညောင်း
[2026-07-26 01:33:02] Best translation 40 : အုပ် တိုက်
[2026-07-26 01:33:02] Best translation 80 : ဝက် သစ် ချ
[2026-07-26 01:33:02] Best translation 160 : နှစ် ပါး သွား
[2026-07-26 01:33:02] Best translation 320 : အ မြုံ
[2026-07-26 01:33:02] Best translation 640 : အ စွမ်း ပြ
[2026-07-26 01:33:03] Best translation 1280 : စိုက် ခွ
[2026-07-26 01:33:04] Total translation time: 2.23626s
[2026-07-26 01:33:04] [valid] Ep. 164 : Up. 60000 : bleu : 49.7739 : stalled 9 times (last best: 52.3146)
[2026-07-26 01:33:09] Seen 20,000 samples
[2026-07-26 01:33:09] Starting data epoch 165 in logical epoch 165
[2026-07-26 01:33:09] [data] Shuffling data
[2026-07-26 01:33:09] [data] Done reading 20,000 sentences
[2026-07-26 01:33:09] [data] Done shuffling 20,000 sentences to temp files
[2026-07-26 01:33:44] Seen 20,000 samples
[2026-07-26 01:33:44] Starting data epoch 166 in logical epoch 166
[2026-07-26 01:33:44] [data] Shuffling data
[2026-07-26 01:33:44] [data] Done reading 20,000 sentences
[2026-07-26 01:33:44] [data] Done shuffling 20,000 sentences to temp files
[2026-07-26 01:33:52] Ep. 166 : Up. 60500 : Sen. 4,428 : Cost 0.42121610 * 105,670 @ 165 after 12,777,165 : Time 65.97s : 1601.83 words/s : gNorm 0.9562
[2026-07-26 01:34:21] Seen 20,000 samples
[2026-07-26 01:34:21] Starting data epoch 167 in logical epoch 167
[2026-07-26 01:34:21] [data] Shuffling data
[2026-07-26 01:34:21] [data] Done reading 20,000 sentences
[2026-07-26 01:34:21] [data] Done shuffling 20,000 sentences to temp files
[2026-07-26 01:34:43] Ep. 167 : Up. 61000 : Sen. 11,755 : Cost 0.39495063 * 105,785 @ 220 after 12,882,950 : Time 50.49s : 2095.02 words/s : gNorm 1.0429
[2026-07-26 01:34:58] Seen 20,000 samples
[2026-07-26 01:34:58] Starting data epoch 168 in logical epoch 168
[2026-07-26 01:34:58] [data] Shuffling data
[2026-07-26 01:34:58] [data] Done reading 20,000 sentences
[2026-07-26 01:34:58] [data] Done shuffling 20,000 sentences to temp files
[2026-07-26 01:35:33] Ep. 168 : Up. 61500 : Sen. 19,090 : Cost 0.41077116 * 105,804 @ 220 after 12,988,754 : Time 50.11s : 2111.29 words/s : gNorm 0.9873
[2026-07-26 01:35:35] Seen 20,000 samples
[2026-07-26 01:35:35] Starting data epoch 169 in logical epoch 169
[2026-07-26 01:35:35] [data] Shuffling data
[2026-07-26 01:35:35] [data] Done reading 20,000 sentences
[2026-07-26 01:35:35] [data] Done shuffling 20,000 sentences to temp files
[2026-07-26 01:36:10] Seen 20,000 samples
[2026-07-26 01:36:10] Starting data epoch 170 in logical epoch 170
[2026-07-26 01:36:10] [data] Shuffling data
[2026-07-26 01:36:10] [data] Done reading 20,000 sentences
[2026-07-26 01:36:10] [data] Done shuffling 20,000 sentences to temp files
[2026-07-26 01:36:22] Ep. 170 : Up. 62000 : Sen. 6,345 : Cost 0.39700714 * 105,471 @ 165 after 13,094,225 : Time 49.20s : 2143.66 words/s : gNorm 0.9691
[2026-07-26 01:36:46] Seen 20,000 samples
[2026-07-26 01:36:46] Starting data epoch 171 in logical epoch 171
[2026-07-26 01:36:46] [data] Shuffling data
[2026-07-26 01:36:46] [data] Done reading 20,000 sentences
[2026-07-26 01:36:46] [data] Done shuffling 20,000 sentences to temp files
[2026-07-26 01:37:11] Ep. 171 : Up. 62500 : Sen. 13,617 : Cost 0.40761667 * 105,405 @ 220 after 13,199,630 : Time 48.72s : 2163.61 words/s : gNorm 0.8041
[2026-07-26 01:37:22] Seen 20,000 samples
[2026-07-26 01:37:22] Starting data epoch 172 in logical epoch 172
[2026-07-26 01:37:22] [data] Shuffling data
[2026-07-26 01:37:22] [data] Done reading 20,000 sentences
[2026-07-26 01:37:22] [data] Done shuffling 20,000 sentences to temp files
[2026-07-26 01:37:57] Seen 20,000 samples
[2026-07-26 01:37:57] Starting data epoch 173 in logical epoch 173
[2026-07-26 01:37:57] [data] Shuffling data
[2026-07-26 01:37:57] [data] Done reading 20,000 sentences
[2026-07-26 01:37:57] [data] Done shuffling 20,000 sentences to temp files
[2026-07-26 01:37:59] Ep. 173 : Up. 63000 : Sen. 880 : Cost 0.40721110 * 105,580 @ 220 after 13,305,210 : Time 48.39s : 2181.67 words/s : gNorm 0.9868
[2026-07-26 01:38:34] Seen 20,000 samples
[2026-07-26 01:38:34] Starting data epoch 174 in logical epoch 174
[2026-07-26 01:38:34] [data] Shuffling data
[2026-07-26 01:38:34] [data] Done reading 20,000 sentences
[2026-07-26 01:38:34] [data] Done shuffling 20,000 sentences to temp files
[2026-07-26 01:38:48] Ep. 174 : Up. 63500 : Sen. 8,207 : Cost 0.38240096 * 105,693 @ 165 after 13,410,903 : Time 49.29s : 2144.27 words/s : gNorm 0.7605
[2026-07-26 01:39:09] Seen 20,000 samples
[2026-07-26 01:39:09] Starting data epoch 175 in logical epoch 175
[2026-07-26 01:39:09] [data] Shuffling data
[2026-07-26 01:39:09] [data] Done reading 20,000 sentences
[2026-07-26 01:39:09] [data] Done shuffling 20,000 sentences to temp files
[2026-07-26 01:39:37] Ep. 175 : Up. 64000 : Sen. 15,515 : Cost 0.38405198 * 105,635 @ 220 after 13,516,538 : Time 48.98s : 2156.65 words/s : gNorm 0.7430
[2026-07-26 01:39:45] Seen 20,000 samples
[2026-07-26 01:39:45] Starting data epoch 176 in logical epoch 176
[2026-07-26 01:39:45] [data] Shuffling data
[2026-07-26 01:39:45] [data] Done reading 20,000 sentences
[2026-07-26 01:39:45] [data] Done shuffling 20,000 sentences to temp files
[2026-07-26 01:40:21] Seen 20,000 samples
[2026-07-26 01:40:21] Starting data epoch 177 in logical epoch 177
[2026-07-26 01:40:21] [data] Shuffling data
[2026-07-26 01:40:21] [data] Done reading 20,000 sentences
[2026-07-26 01:40:21] [data] Done shuffling 20,000 sentences to temp files
[2026-07-26 01:40:26] Ep. 177 : Up. 64500 : Sen. 2,860 : Cost 0.44314307 * 105,461 @ 220 after 13,621,999 : Time 48.25s : 2185.64 words/s : gNorm 0.9284
[2026-07-26 01:40:56] Seen 20,000 samples
[2026-07-26 01:40:56] Starting data epoch 178 in logical epoch 178
[2026-07-26 01:40:56] [data] Shuffling data
[2026-07-26 01:40:56] [data] Done reading 20,000 sentences
[2026-07-26 01:40:56] [data] Done shuffling 20,000 sentences to temp files
[2026-07-26 01:41:15] Ep. 178 : Up. 65000 : Sen. 10,113 : Cost 0.40927193 * 105,505 @ 275 after 13,727,504 : Time 48.98s : 2154.05 words/s : gNorm 0.9365
[2026-07-26 01:41:15] Saving model weights and runtime parameters to /d/Job_Requirements/PracticalProjectsFromDrYe/AIE-F/assignment-submission/class-22/TheinGiKyaw_Assignment7/model.seq2seq.phmy/model.iter65000.npz
[2026-07-26 01:41:16] Saving model weights and runtime parameters to /d/Job_Requirements/PracticalProjectsFromDrYe/AIE-F/assignment-submission/class-22/TheinGiKyaw_Assignment7/model.seq2seq.phmy/model.npz
[2026-07-26 01:41:19] Saving Adam parameters
[2026-07-26 01:41:19] [training] Saving training checkpoint to /d/Job_Requirements/PracticalProjectsFromDrYe/AIE-F/assignment-submission/class-22/TheinGiKyaw_Assignment7/model.seq2seq.phmy/model.npz and /d/Job_Requirements/PracticalProjectsFromDrYe/AIE-F/assignment-submission/class-22/TheinGiKyaw_Assignment7/model.seq2seq.phmy/model.npz.optimizer.npz
[2026-07-26 01:41:27] [valid] Ep. 178 : Up. 65000 : cross-entropy : 3.47895 : stalled 10 times (last best: 3.18052)
[2026-07-26 01:41:29] [valid] Ep. 178 : Up. 65000 : perplexity : 2.47231 : stalled 10 times (last best: 2.28721)
[2026-07-26 01:41:29] Translating validation set...
[2026-07-26 01:41:29] Best translation 0 : ရပ် မှု ရွာ မှု
[2026-07-26 01:41:29] Best translation 1 : ပြီး ဆေး
[2026-07-26 01:41:29] Best translation 2 : မြင်း စား ကြုံ
[2026-07-26 01:41:29] Best translation 3 : အ မိန့် ပေး
[2026-07-26 01:41:29] Best translation 4 : အ နေ အ ထား
[2026-07-26 01:41:29] Best translation 5 : ကျား လိုက် တုတ် ခုတ်
[2026-07-26 01:41:29] Best translation 10 : ထ မင်း ဆုပ်
[2026-07-26 01:41:29] Best translation 20 : စစ် ညောင်း
[2026-07-26 01:41:29] Best translation 40 : အုပ် တိုက်
[2026-07-26 01:41:29] Best translation 80 : ဝက် သစ် ချ
[2026-07-26 01:41:29] Best translation 160 : နှစ် ပါး သွား
[2026-07-26 01:41:29] Best translation 320 : အ မြုံ
[2026-07-26 01:41:29] Best translation 640 : အ စွမ်း ပြ
[2026-07-26 01:41:30] Best translation 1280 : စိုက် ခွ
[2026-07-26 01:41:31] Total translation time: 2.01114s
[2026-07-26 01:41:31] [valid] Ep. 178 : Up. 65000 : bleu : 49.919 : stalled 10 times (last best: 52.3146)
[2026-07-26 01:41:31] Training finished
[2026-07-26 01:41:31] Saving model weights and runtime parameters to /d/Job_Requirements/PracticalProjectsFromDrYe/AIE-F/assignment-submission/class-22/TheinGiKyaw_Assignment7/model.seq2seq.phmy/model.npz
[2026-07-26 01:41:33] Saving Adam parameters
[2026-07-26 01:41:33] [training] Saving training checkpoint to /d/Job_Requirements/PracticalProjectsFromDrYe/AIE-F/assignment-submission/class-22/TheinGiKyaw_Assignment7/model.seq2seq.phmy/model.npz and /d/Job_Requirements/PracticalProjectsFromDrYe/AIE-F/assignment-submission/class-22/TheinGiKyaw_Assignment7/model.seq2seq.phmy/model.npz.optimizer.npz
